Archive member included to satisfy reference by file (symbol)

/opt/st/stm32cubeide_1.7.0/plugins/com.st.stm32cube.ide.mcu.externaltools.gnu-tools-for-stm32.9-2020-q2-update.linux64_2.0.0.202105311346/tools/bin/../lib/gcc/arm-none-eabi/9.3.1/../../../../arm-none-eabi/lib/thumb/v7e-m+fp/hard/libc_nano.a(lib_a-errno.o)
                              ./Core/Src/syscalls.o (__errno)
/opt/st/stm32cubeide_1.7.0/plugins/com.st.stm32cube.ide.mcu.externaltools.gnu-tools-for-stm32.9-2020-q2-update.linux64_2.0.0.202105311346/tools/bin/../lib/gcc/arm-none-eabi/9.3.1/../../../../arm-none-eabi/lib/thumb/v7e-m+fp/hard/libc_nano.a(lib_a-exit.o)
                              /opt/st/stm32cubeide_1.7.0/plugins/com.st.stm32cube.ide.mcu.externaltools.gnu-tools-for-stm32.9-2020-q2-update.linux64_2.0.0.202105311346/tools/bin/../lib/gcc/arm-none-eabi/9.3.1/../../../../arm-none-eabi/lib/thumb/v7e-m+fp/hard/crt0.o (exit)
/opt/st/stm32cubeide_1.7.0/plugins/com.st.stm32cube.ide.mcu.externaltools.gnu-tools-for-stm32.9-2020-q2-update.linux64_2.0.0.202105311346/tools/bin/../lib/gcc/arm-none-eabi/9.3.1/../../../../arm-none-eabi/lib/thumb/v7e-m+fp/hard/libc_nano.a(lib_a-impure.o)
                              /opt/st/stm32cubeide_1.7.0/plugins/com.st.stm32cube.ide.mcu.externaltools.gnu-tools-for-stm32.9-2020-q2-update.linux64_2.0.0.202105311346/tools/bin/../lib/gcc/arm-none-eabi/9.3.1/../../../../arm-none-eabi/lib/thumb/v7e-m+fp/hard/libc_nano.a(lib_a-exit.o) (_global_impure_ptr)
/opt/st/stm32cubeide_1.7.0/plugins/com.st.stm32cube.ide.mcu.externaltools.gnu-tools-for-stm32.9-2020-q2-update.linux64_2.0.0.202105311346/tools/bin/../lib/gcc/arm-none-eabi/9.3.1/../../../../arm-none-eabi/lib/thumb/v7e-m+fp/hard/libc_nano.a(lib_a-init.o)
                              /opt/st/stm32cubeide_1.7.0/plugins/com.st.stm32cube.ide.mcu.externaltools.gnu-tools-for-stm32.9-2020-q2-update.linux64_2.0.0.202105311346/tools/bin/../lib/gcc/arm-none-eabi/9.3.1/../../../../arm-none-eabi/lib/thumb/v7e-m+fp/hard/crt0.o (__libc_init_array)
/opt/st/stm32cubeide_1.7.0/plugins/com.st.stm32cube.ide.mcu.externaltools.gnu-tools-for-stm32.9-2020-q2-update.linux64_2.0.0.202105311346/tools/bin/../lib/gcc/arm-none-eabi/9.3.1/../../../../arm-none-eabi/lib/thumb/v7e-m+fp/hard/libc_nano.a(lib_a-memset.o)
                              /opt/st/stm32cubeide_1.7.0/plugins/com.st.stm32cube.ide.mcu.externaltools.gnu-tools-for-stm32.9-2020-q2-update.linux64_2.0.0.202105311346/tools/bin/../lib/gcc/arm-none-eabi/9.3.1/../../../../arm-none-eabi/lib/thumb/v7e-m+fp/hard/crt0.o (memset)
/opt/st/stm32cubeide_1.7.0/plugins/com.st.stm32cube.ide.mcu.externaltools.gnu-tools-for-stm32.9-2020-q2-update.linux64_2.0.0.202105311346/tools/bin/../lib/gcc/arm-none-eabi/9.3.1/../../../../arm-none-eabi/lib/thumb/v7e-m+fp/hard/libm.a(lib_a-s_atan.o)
                              ./Core/Src/mpu6050.o (atan)
/opt/st/stm32cubeide_1.7.0/plugins/com.st.stm32cube.ide.mcu.externaltools.gnu-tools-for-stm32.9-2020-q2-update.linux64_2.0.0.202105311346/tools/bin/../lib/gcc/arm-none-eabi/9.3.1/../../../../arm-none-eabi/lib/thumb/v7e-m+fp/hard/libm.a(lib_a-s_cos.o)
                              ./Core/Src/main.o (cos)
/opt/st/stm32cubeide_1.7.0/plugins/com.st.stm32cube.ide.mcu.externaltools.gnu-tools-for-stm32.9-2020-q2-update.linux64_2.0.0.202105311346/tools/bin/../lib/gcc/arm-none-eabi/9.3.1/../../../../arm-none-eabi/lib/thumb/v7e-m+fp/hard/libm.a(lib_a-s_fabs.o)
                              /opt/st/stm32cubeide_1.7.0/plugins/com.st.stm32cube.ide.mcu.externaltools.gnu-tools-for-stm32.9-2020-q2-update.linux64_2.0.0.202105311346/tools/bin/../lib/gcc/arm-none-eabi/9.3.1/../../../../arm-none-eabi/lib/thumb/v7e-m+fp/hard/libm.a(lib_a-s_atan.o) (fabs)
/opt/st/stm32cubeide_1.7.0/plugins/com.st.stm32cube.ide.mcu.externaltools.gnu-tools-for-stm32.9-2020-q2-update.linux64_2.0.0.202105311346/tools/bin/../lib/gcc/arm-none-eabi/9.3.1/../../../../arm-none-eabi/lib/thumb/v7e-m+fp/hard/libm.a(lib_a-s_sin.o)
                              ./Core/Src/main.o (sin)
/opt/st/stm32cubeide_1.7.0/plugins/com.st.stm32cube.ide.mcu.externaltools.gnu-tools-for-stm32.9-2020-q2-update.linux64_2.0.0.202105311346/tools/bin/../lib/gcc/arm-none-eabi/9.3.1/../../../../arm-none-eabi/lib/thumb/v7e-m+fp/hard/libm.a(lib_a-w_atan2.o)
                              ./Core/Src/mpu6050.o (atan2)
/opt/st/stm32cubeide_1.7.0/plugins/com.st.stm32cube.ide.mcu.externaltools.gnu-tools-for-stm32.9-2020-q2-update.linux64_2.0.0.202105311346/tools/bin/../lib/gcc/arm-none-eabi/9.3.1/../../../../arm-none-eabi/lib/thumb/v7e-m+fp/hard/libm.a(lib_a-w_pow.o)
                              ./Core/Src/wheelchair.o (pow)
/opt/st/stm32cubeide_1.7.0/plugins/com.st.stm32cube.ide.mcu.externaltools.gnu-tools-for-stm32.9-2020-q2-update.linux64_2.0.0.202105311346/tools/bin/../lib/gcc/arm-none-eabi/9.3.1/../../../../arm-none-eabi/lib/thumb/v7e-m+fp/hard/libm.a(lib_a-w_sqrt.o)
                              ./Core/Src/mpu6050.o (sqrt)
[...]
Memory Configuration

Name             Origin             Length             Attributes
CCMRAM           0x0000000010000000 0x0000000000010000 xrw
RAM              0x0000000020000000 0x0000000000030000 xrw
FLASH            0x0000000008000000 0x0000000000200000 xr
*default*        0x0000000000000000 0xffffffffffffffff

Linker script and memory map

LOAD /opt/st/stm32cubeide_1.7.0/plugins/com.st.stm32cube.ide.mcu.externaltools.gnu-tools-for-stm32.9-2020-q2-update.linux64_2.0.0.202105311346/tools/bin/../lib/gcc/arm-none-eabi/9.3.1/thumb/v7e-m+fp/hard/crti.o
LOAD /opt/st/stm32cubeide_1.7.0/plugins/com.st.stm32cube.ide.mcu.externaltools.gnu-tools-for-stm32.9-2020-q2-update.linux64_2.0.0.202105311346/tools/bin/../lib/gcc/arm-none-eabi/9.3.1/thumb/v7e-m+fp/hard/crtbegin.o
LOAD /opt/st/stm32cubeide_1.7.0/plugins/com.st.stm32cube.ide.mcu.externaltools.gnu-tools-for-stm32.9-2020-q2-update.linux64_2.0.0.202105311346/tools/bin/../lib/gcc/arm-none-eabi/9.3.1/../../../../arm-none-eabi/lib/thumb/v7e-m+fp/hard/crt0.o
LOAD ./Core/Src/PID.o
LOAD ./Core/Src/X2_6010S.o
LOAD ./Core/Src/adc.o
LOAD ./Core/Src/bd25l.o
LOAD ./Core/Src/button.o
LOAD ./Core/Src/can.o
LOAD ./Core/Src/dma.o
LOAD ./Core/Src/dwt_delay.o
LOAD ./Core/Src/encoder.o
LOAD ./Core/Src/gpio.o
LOAD ./Core/Src/i2c.o
LOAD ./Core/Src/main.o
LOAD ./Core/Src/mpu6050.o
LOAD ./Core/Src/spi.o
LOAD ./Core/Src/stm32f4xx_hal_msp.o
LOAD ./Core/Src/stm32f4xx_it.o
LOAD ./Core/Src/syscalls.o
LOAD ./Core/Src/sysmem.o
LOAD ./Core/Src/system_stm32f4xx.o
LOAD ./Core/Src/tim.o
LOAD ./Core/Src/usart.o
LOAD ./Core/Src/wheelchair.o
LOAD ./Core/Startup/startup_stm32f429vitx.o
LOAD ./Drivers/STM32F4xx_HAL_Driver/Src/stm32f4xx_hal.o
LOAD ./Drivers/STM32F4xx_HAL_Driver/Src/stm32f4xx_hal_can.o
LOAD ./Drivers/STM32F4xx_HAL_Driver/Src/stm32f4xx_hal_cortex.o
LOAD ./Drivers/STM32F4xx_HAL_Driver/Src/stm32f4xx_hal_dma.o
LOAD ./Drivers/STM32F4xx_HAL_Driver/Src/stm32f4xx_hal_dma_ex.o
LOAD ./Drivers/STM32F4xx_HAL_Driver/Src/stm32f4xx_hal_exti.o
LOAD ./Drivers/STM32F4xx_HAL_Driver/Src/stm32f4xx_hal_flash.o
LOAD ./Drivers/STM32F4xx_HAL_Driver/Src/stm32f4xx_hal_flash_ex.o
LOAD ./Drivers/STM32F4xx_HAL_Driver/Src/stm32f4xx_hal_flash_ramfunc.o
LOAD ./Drivers/STM32F4xx_HAL_Driver/Src/stm32f4xx_hal_gpio.o
LOAD ./Drivers/STM32F4xx_HAL_Driver/Src/stm32f4xx_hal_i2c.o
LOAD ./Drivers/STM32F4xx_HAL_Driver/Src/stm32f4xx_hal_i2c_ex.o
LOAD ./Drivers/STM32F4xx_HAL_Driver/Src/stm32f4xx_hal_pwr.o
LOAD ./Drivers/STM32F4xx_HAL_Driver/Src/stm32f4xx_hal_pwr_ex.o
LOAD ./Drivers/STM32F4xx_HAL_Driver/Src/stm32f4xx_hal_rcc.o
LOAD ./Drivers/STM32F4xx_HAL_Driver/Src/stm32f4xx_hal_rcc_ex.o
LOAD ./Drivers/STM32F4xx_HAL_Driver/Src/stm32f4xx_hal_spi.o
LOAD ./Drivers/STM32F4xx_HAL_Driver/Src/stm32f4xx_hal_tim.o
LOAD ./Drivers/STM32F4xx_HAL_Driver/Src/stm32f4xx_hal_tim_ex.o
LOAD ./Drivers/STM32F4xx_HAL_Driver/Src/stm32f4xx_hal_uart.o
START GROUP
LOAD /opt/st/stm32cubeide_1.7.0/plugins/com.st.stm32cube.ide.mcu.externaltools.gnu-tools-for-stm32.9-2020-q2-update.linux64_2.0.0.202105311346/tools/bin/../lib/gcc/arm-none-eabi/9.3.1/../../../../arm-none-eabi/lib/thumb/v7e-m+fp/hard/libc_nano.a
LOAD /opt/st/stm32cubeide_1.7.0/plugins/com.st.stm32cube.ide.mcu.externaltools.gnu-tools-for-stm32.9-2020-q2-update.linux64_2.0.0.202105311346/tools/bin/../lib/gcc/arm-none-eabi/9.3.1/../../../../arm-none-eabi/lib/thumb/v7e-m+fp/hard/libm.a
END GROUP
START GROUP
LOAD /opt/st/stm32cubeide_1.7.0/plugins/com.st.stm32cube.ide.mcu.externaltools.gnu-tools-for-stm32.9-2020-q2-update.linux64_2.0.0.202105311346/tools/bin/../lib/gcc/arm-none-eabi/9.3.1/thumb/v7e-m+fp/hard/libgcc.a
LOAD /opt/st/stm32cubeide_1.7.0/plugins/com.st.stm32cube.ide.mcu.externaltools.gnu-tools-for-stm32.9-2020-q2-update.linux64_2.0.0.202105311346/tools/bin/../lib/gcc/arm-none-eabi/9.3.1/../../../../arm-none-eabi/lib/thumb/v7e-m+fp/hard/libc_nano.a
END GROUP
START GROUP
LOAD /opt/st/stm32cubeide_1.7.0/plugins/com.st.stm32cube.ide.mcu.externaltools.gnu-tools-for-stm32.9-2020-q2-update.linux64_2.0.0.202105311346/tools/bin/../lib/gcc/arm-none-eabi/9.3.1/thumb/v7e-m+fp/hard/libgcc.a
LOAD /opt/st/stm32cubeide_1.7.0/plugins/com.st.stm32cube.ide.mcu.externaltools.gnu-tools-for-stm32.9-2020-q2-update.linux64_2.0.0.202105311346/tools/bin/../lib/gcc/arm-none-eabi/9.3.1/../../../../arm-none-eabi/lib/thumb/v7e-m+fp/hard/libc_nano.a
LOAD /opt/st/stm32cubeide_1.7.0/plugins/com.st.stm32cube.ide.mcu.externaltools.gnu-tools-for-stm32.9-2020-q2-update.linux64_2.0.0.202105311346/tools/bin/../lib/gcc/arm-none-eabi/9.3.1/../../../../arm-none-eabi/lib/thumb/v7e-m+fp/hard/libnosys.a
END GROUP
START GROUP
LOAD /opt/st/stm32cubeide_1.7.0/plugins/com.st.stm32cube.ide.mcu.externaltools.gnu-tools-for-stm32.9-2020-q2-update.linux64_2.0.0.202105311346/tools/bin/../lib/gcc/arm-none-eabi/9.3.1/thumb/v7e-m+fp/hard/libgcc.a
LOAD /opt/st/stm32cubeide_1.7.0/plugins/com.st.stm32cube.ide.mcu.externaltools.gnu-tools-for-stm32.9-2020-q2-update.linux64_2.0.0.202105311346/tools/bin/../lib/gcc/arm-none-eabi/9.3.1/../../../../arm-none-eabi/lib/thumb/v7e-m+fp/hard/libc_nano.a
LOAD /opt/st/stm32cubeide_1.7.0/plugins/com.st.stm32cube.ide.mcu.externaltools.gnu-tools-for-stm32.9-2020-q2-update.linux64_2.0.0.202105311346/tools/bin/../lib/gcc/arm-none-eabi/9.3.1/../../../../arm-none-eabi/lib/thumb/v7e-m+fp/hard/libnosys.a
END GROUP
LOAD /opt/st/stm32cubeide_1.7.0/plugins/com.st.stm32cube.ide.mcu.externaltools.gnu-tools-for-stm32.9-2020-q2-update.linux64_2.0.0.202105311346/tools/bin/../lib/gcc/arm-none-eabi/9.3.1/thumb/v7e-m+fp/hard/crtend.o
LOAD /opt/st/stm32cubeide_1.7.0/plugins/com.st.stm32cube.ide.mcu.externaltools.gnu-tools-for-stm32.9-2020-q2-update.linux64_2.0.0.202105311346/tools/bin/../lib/gcc/arm-none-eabi/9.3.1/thumb/v7e-m+fp/hard/crtn.o
                0x0000000020030000                _estack = (ORIGIN (RAM) + LENGTH (RAM))
                0x0000000000000200                _Min_Heap_Size = 0x200
                0x0000000000000400                _Min_Stack_Size = 0x400

.isr_vector     0x0000000008000000      0x1ac
                0x0000000008000000                . = ALIGN (0x4)
 *(.isr_vector)
 .isr_vector    0x0000000008000000      0x1ac ./Core/Startup/startup_stm32f429vitx.o
                0x0000000008000000                g_pfnVectors
                0x00000000080001ac                . = ALIGN (0x4)

.text           0x00000000080001b0     0x9224
                0x00000000080001b0                . = ALIGN (0x4)
 *(.text)
 .text          0x00000000080001b0       0x40 /opt/st/stm32cubeide_1.7.0/plugins/com.st.stm32cube.ide.mcu.externaltools.gnu-tools-for-stm32.9-2020-q2-update.linux64_2.0.0.202105311346/tools/bin/../lib/gcc/arm-none-eabi/9.3.1/thumb/v7e-m+fp/hard/crtbegin.o
 .text          0x00000000080001f0      0x378 /opt/st/stm32cubeide_1.7.0/plugins/com.st.stm32cube.ide.mcu.externaltools.gnu-tools-for-stm32.9-2020-q2-update.linux64_2.0.0.202105311346/tools/bin/../lib/gcc/arm-none-eabi/9.3.1/thumb/v7e-m+fp/hard/libgcc.a(_arm_addsubdf3.o)
                0x00000000080001f0                __aeabi_drsub
                0x00000000080001f8                __aeabi_dsub
                0x00000000080001f8                __subdf3
                0x00000000080001fc                __adddf3
                0x00000000080001fc                __aeabi_dadd
                0x0000000008000474                __aeabi_ui2d
                0x0000000008000474                __floatunsidf
                0x0000000008000494                __floatsidf
                0x0000000008000494                __aeabi_i2d
                0x00000000080004b8                __extendsfdf2
                0x00000000080004b8                __aeabi_f2d
                0x00000000080004fc                __aeabi_ul2d
                0x00000000080004fc                __floatundidf
                0x000000000800050c                __floatdidf
                0x000000000800050c                __aeabi_l2d
 .text          0x0000000008000568      0x424 /opt/st/stm32cubeide_1.7.0/plugins/com.st.stm32cube.ide.mcu.externaltools.gnu-tools-for-stm32.9-2020-q2-update.linux64_2.0.0.202105311346/tools/bin/../lib/gcc/arm-none-eabi/9.3.1/thumb/v7e-m+fp/hard/libgcc.a(_arm_muldivdf3.o)
                0x0000000008000568                __aeabi_dmul
                0x0000000008000568                __muldf3
                0x00000000080007bc                __aeabi_ddiv
                0x00000000080007bc                __divdf3
 .text          0x000000000800098c      0x110 /opt/st/stm32cubeide_1.7.0/plugins/com.st.stm32cube.ide.mcu.externaltools.gnu-tools-for-stm32.9-2020-q2-update.linux64_2.0.0.202105311346/tools/bin/../lib/gcc/arm-none-eabi/9.3.1/thumb/v7e-m+fp/hard/libgcc.a(_arm_cmpdf2.o)
                0x000000000800098c                __gtdf2
                0x000000000800098c                __gedf2
                0x0000000008000994                __ltdf2
                0x0000000008000994                __ledf2
                0x000000000800099c                __cmpdf2
                0x000000000800099c                __eqdf2
                0x000000000800099c                __nedf2
                0x0000000008000a18                __aeabi_cdrcmple
                0x0000000008000a28                __aeabi_cdcmple
                0x0000000008000a28                __aeabi_cdcmpeq
                0x0000000008000a38                __aeabi_dcmpeq
                0x0000000008000a4c                __aeabi_dcmplt
                0x0000000008000a60                __aeabi_dcmple
                0x0000000008000a74                __aeabi_dcmpge
                0x0000000008000a88                __aeabi_dcmpgt
 .text          0x0000000008000a9c       0x50 /opt/st/stm32cubeide_1.7.0/plugins/com.st.stm32cube.ide.mcu.externaltools.gnu-tools-for-stm32.9-2020-q2-update.linux64_2.0.0.202105311346/tools/bin/../lib/gcc/arm-none-eabi/9.3.1/thumb/v7e-m+fp/hard/libgcc.a(_arm_fixdfsi.o)
                0x0000000008000a9c                __fixdfsi
                0x0000000008000a9c                __aeabi_d2iz
 .text          0x0000000008000aec       0x40 /opt/st/stm32cubeide_1.7.0/plugins/com.st.stm32cube.ide.mcu.externaltools.gnu-tools-for-stm32.9-2020-q2-update.linux64_2.0.0.202105311346/tools/bin/../lib/gcc/arm-none-eabi/9.3.1/thumb/v7e-m+fp/hard/libgcc.a(_arm_fixunsdfsi.o)
                0x0000000008000aec                __fixunsdfsi
                0x0000000008000aec                __aeabi_d2uiz
 .text          0x0000000008000b2c       0xa0 /opt/st/stm32cubeide_1.7.0/plugins/com.st.stm32cube.ide.mcu.externaltools.gnu-tools-for-stm32.9-2020-q2-update.linux64_2.0.0.202105311346/tools/bin/../lib/gcc/arm-none-eabi/9.3.1/thumb/v7e-m+fp/hard/libgcc.a(_arm_truncdfsf2.o)
                0x0000000008000b2c                __aeabi_d2f
                0x0000000008000b2c                __truncdfsf2
 .text          0x0000000008000bcc       0x30 /opt/st/stm32cubeide_1.7.0/plugins/com.st.stm32cube.ide.mcu.externaltools.gnu-tools-for-stm32.9-2020-q2-update.linux64_2.0.0.202105311346/tools/bin/../lib/gcc/arm-none-eabi/9.3.1/thumb/v7e-m+fp/hard/libgcc.a(_aeabi_uldivmod.o)
                0x0000000008000bcc                __aeabi_uldivmod
 .text          0x0000000008000bfc      0x2c4 /opt/st/stm32cubeide_1.7.0/plugins/com.st.stm32cube.ide.mcu.externaltools.gnu-tools-for-stm32.9-2020-q2-update.linux64_2.0.0.202105311346/tools/bin/../lib/gcc/arm-none-eabi/9.3.1/thumb/v7e-m+fp/hard/libgcc.a(_udivmoddi4.o)
                0x0000000008000bfc                __udivmoddi4
 .text          0x0000000008000ec0        0x4 /opt/st/stm32cubeide_1.7.0/plugins/com.st.stm32cube.ide.mcu.externaltools.gnu-tools-for-stm32.9-2020-q2-update.linux64_2.0.0.202105311346/tools/bin/../lib/gcc/arm-none-eabi/9.3.1/thumb/v7e-m+fp/hard/libgcc.a(_dvmd_tls.o)
                0x0000000008000ec0                __aeabi_ldiv0
                0x0000000008000ec0                __aeabi_idiv0
 *(.text*)
 .text.pid_create
                0x0000000008000ec4       0x84 ./Core/Src/PID.o
                0x0000000008000ec4                pid_create
 .text.pid_need_compute
                0x0000000008000f48       0x2a ./Core/Src/PID.o
                0x0000000008000f48                pid_need_compute
 .text.pid_compute
                0x0000000008000f72      0x124 ./Core/Src/PID.o
                0x0000000008000f72                pid_compute
 *fill*         0x0000000008001096        0x2 
 .text.PID_tune
                0x0000000008001098       0xdc ./Core/Src/PID.o
                0x0000000008001098                PID_tune
 .text.pid_sample
                0x0000000008001174       0x68 ./Core/Src/PID.o
                0x0000000008001174                pid_sample
 .text.pid_limits
                0x00000000080011dc       0xca ./Core/Src/PID.o
                0x00000000080011dc                pid_limits
 .text.pid_auto
                0x00000000080012a6       0x78 ./Core/Src/PID.o
                0x00000000080012a6                pid_auto
 *fill*         0x000000000800131e        0x2 
 .text.pid_direction
                0x0000000008001320       0x78 ./Core/Src/PID.o
                0x0000000008001320                pid_direction
 .text.hubMotor_Init
                0x0000000008001398       0x30 ./Core/Src/X2_6010S.o
                0x0000000008001398                hubMotor_Init
 .text.send_HubMotor
                0x00000000080013c8      0x1b4 ./Core/Src/X2_6010S.o
                0x00000000080013c8                send_HubMotor
 .text.ADC_Init
                0x000000000800157c       0x84 ./Core/Src/adc.o
                0x000000000800157c                ADC_Init
 .text.ADC_DataRequest
                0x0000000008001600       0x20 ./Core/Src/adc.o
                0x0000000008001600                ADC_DataRequest
 .text.ADC_Read
                0x0000000008001620       0x38 ./Core/Src/adc.o
                0x0000000008001620                ADC_Read
 .text.bd25l_Init
                0x0000000008001658       0x20 ./Core/Src/bd25l.o
                0x0000000008001658                bd25l_Init
 .text.enableMotor
                0x0000000008001678       0x24 ./Core/Src/bd25l.o
                0x0000000008001678                enableMotor
 .text.emBrakeMotor
                0x000000000800169c       0x24 ./Core/Src/bd25l.o
                0x000000000800169c                emBrakeMotor
 .text.brakeMotor
                0x00000000080016c0       0x34 ./Core/Src/bd25l.o
                0x00000000080016c0                brakeMotor
 .text.setMotorDir
                0x00000000080016f4       0x24 ./Core/Src/bd25l.o
                0x00000000080016f4                setMotorDir
 .text.setMotorSpeed
                0x0000000008001718      0x150 ./Core/Src/bd25l.o
                0x0000000008001718                setMotorSpeed
 .text.runMotor
                0x0000000008001868       0xee ./Core/Src/bd25l.o
                0x0000000008001868                runMotor
 .text.GPIO_Digital_Filtered_Input
                0x0000000008001956       0x70 ./Core/Src/button.o
                0x0000000008001956                GPIO_Digital_Filtered_Input
 *fill*         0x00000000080019c6        0x2 
 .text.MX_CAN1_Init
                0x00000000080019c8       0xd0 ./Core/Src/can.o
                0x00000000080019c8                MX_CAN1_Init
 .text.HAL_CAN_MspInit
                0x0000000008001a98       0xa0 ./Core/Src/can.o
                0x0000000008001a98                HAL_CAN_MspInit
 .text.MX_DMA_Init
                0x0000000008001b38       0x40 ./Core/Src/dma.o
                0x0000000008001b38                MX_DMA_Init
 .text.ENCODER_Init
                0x0000000008001b78       0x30 ./Core/Src/encoder.o
                0x0000000008001b78                ENCODER_Init
 .text.ENCODER_Sort_Incoming
                0x0000000008001ba8       0x66 ./Core/Src/encoder.o
                0x0000000008001ba8                ENCODER_Sort_Incoming
 .text.ENCODER_Set_TxHeader
                0x0000000008001c0e       0x3c ./Core/Src/encoder.o
                0x0000000008001c0e                ENCODER_Set_TxHeader
 .text.ENCODER_Read
                0x0000000008001c4a       0x50 ./Core/Src/encoder.o
                0x0000000008001c4a                ENCODER_Read
 .text.ENCODER_Get_Angle
                0x0000000008001c9a       0x68 ./Core/Src/encoder.o
                0x0000000008001c9a                ENCODER_Get_Angle
 *fill*         0x0000000008001d02        0x2 
 .text.MX_GPIO_Init
                0x0000000008001d04      0x260 ./Core/Src/gpio.o
                0x0000000008001d04                MX_GPIO_Init
 .text.MX_I2C1_Init
                0x0000000008001f64       0x80 ./Core/Src/i2c.o
                0x0000000008001f64                MX_I2C1_Init
 .text.HAL_I2C_MspInit
                0x0000000008001fe4       0x90 ./Core/Src/i2c.o
                0x0000000008001fe4                HAL_I2C_MspInit
 *fill*         0x0000000008002074        0x4 
 .text.main     0x0000000008002078      0x58c ./Core/Src/main.o
                0x0000000008002078                main
 .text.SystemClock_Config
                0x0000000008002604       0xe0 ./Core/Src/main.o
                0x0000000008002604                SystemClock_Config
 .text.HAL_GPIO_EXTI_Callback
                0x00000000080026e4       0x68 ./Core/Src/main.o
                0x00000000080026e4                HAL_GPIO_EXTI_Callback
 .text.HAL_UART_RxCpltCallback
                0x000000000800274c      0x118 ./Core/Src/main.o
                0x000000000800274c                HAL_UART_RxCpltCallback
 *fill*         0x0000000008002864        0x4 
 .text.HAL_CAN_RxFifo0MsgPendingCallback
                0x0000000008002868      0x268 ./Core/Src/main.o
                0x0000000008002868                HAL_CAN_RxFifo0MsgPendingCallback
 .text.climbingForward
                0x0000000008002ad0      0x1dc ./Core/Src/main.o
                0x0000000008002ad0                climbingForward
 *fill*         0x0000000008002cac        0x4 
 .text.goto_pos
                0x0000000008002cb0      0x1e0 ./Core/Src/main.o
                0x0000000008002cb0                goto_pos
 .text.Error_Handler
                0x0000000008002e90       0x30 ./Core/Src/main.o
                0x0000000008002e90                Error_Handler
 .text.MX_SPI1_Init
                0x0000000008002ec0       0x70 ./Core/Src/spi.o
                0x0000000008002ec0                MX_SPI1_Init
 .text.HAL_SPI_MspInit
                0x0000000008002f30       0x90 ./Core/Src/spi.o
                0x0000000008002f30                HAL_SPI_MspInit
 .text.HAL_MspInit
                0x0000000008002fc0       0x50 ./Core/Src/stm32f4xx_hal_msp.o
                0x0000000008002fc0                HAL_MspInit
 .text.NMI_Handler
                0x0000000008003010        0xe ./Core/Src/stm32f4xx_it.o
                0x0000000008003010                NMI_Handler
 .text.HardFault_Handler
                0x000000000800301e        0x6 ./Core/Src/stm32f4xx_it.o
                0x000000000800301e                HardFault_Handler
 .text.MemManage_Handler
                0x0000000008003024        0x6 ./Core/Src/stm32f4xx_it.o
                0x0000000008003024                MemManage_Handler
 .text.BusFault_Handler
                0x000000000800302a        0x6 ./Core/Src/stm32f4xx_it.o
                0x000000000800302a                BusFault_Handler
 .text.UsageFault_Handler
                0x0000000008003030        0x6 ./Core/Src/stm32f4xx_it.o
                0x0000000008003030                UsageFault_Handler
 .text.SVC_Handler
                0x0000000008003036        0xe ./Core/Src/stm32f4xx_it.o
                0x0000000008003036                SVC_Handler
 .text.DebugMon_Handler
                0x0000000008003044        0xe ./Core/Src/stm32f4xx_it.o
                0x0000000008003044                DebugMon_Handler
 .text.PendSV_Handler
                0x0000000008003052        0xe ./Core/Src/stm32f4xx_it.o
                0x0000000008003052                PendSV_Handler
 .text.SysTick_Handler
                0x0000000008003060        0xc ./Core/Src/stm32f4xx_it.o
                0x0000000008003060                SysTick_Handler
 .text.DMA1_Stream1_IRQHandler
                0x000000000800306c       0x14 ./Core/Src/stm32f4xx_it.o
                0x000000000800306c                DMA1_Stream1_IRQHandler
 .text.CAN1_RX0_IRQHandler
                0x0000000008003080       0x14 ./Core/Src/stm32f4xx_it.o
                0x0000000008003080                CAN1_RX0_IRQHandler
 .text.EXTI9_5_IRQHandler
                0x0000000008003094        0xe ./Core/Src/stm32f4xx_it.o
                0x0000000008003094                EXTI9_5_IRQHandler
 *fill*         0x00000000080030a2        0x2 
 .text.SystemInit
                0x00000000080030a4       0x2c ./Core/Src/system_stm32f4xx.o
                0x00000000080030a4                SystemInit
 .text.MX_TIM1_Init
                0x00000000080030d0      0x140 ./Core/Src/tim.o
                0x00000000080030d0                MX_TIM1_Init
 .text.MX_TIM2_Init
                0x0000000008003210       0xe8 ./Core/Src/tim.o
                0x0000000008003210                MX_TIM2_Init
 .text.MX_TIM3_Init
                0x00000000080032f8      0x104 ./Core/Src/tim.o
                0x00000000080032f8                MX_TIM3_Init
 .text.MX_TIM8_Init
                0x00000000080033fc      0x13c ./Core/Src/tim.o
                0x00000000080033fc                MX_TIM8_Init
 .text.HAL_TIM_Base_MspInit
                0x0000000008003538       0xc4 ./Core/Src/tim.o
                0x0000000008003538                HAL_TIM_Base_MspInit
 .text.HAL_TIM_MspPostInit
                0x00000000080035fc      0x160 ./Core/Src/tim.o
                0x00000000080035fc                HAL_TIM_MspPostInit
 .text.MX_USART3_UART_Init
                0x000000000800375c       0x54 ./Core/Src/usart.o
                0x000000000800375c                MX_USART3_UART_Init
 .text.HAL_UART_MspInit
                0x00000000080037b0       0xf4 ./Core/Src/usart.o
                0x00000000080037b0                HAL_UART_MspInit
 .text.joystick_Init
                0x00000000080038a4       0x18 ./Core/Src/wheelchair.o
                0x00000000080038a4                joystick_Init
 .text.wheelSpeedControl_Init
                0x00000000080038bc       0x54 ./Core/Src/wheelchair.o
                0x00000000080038bc                wheelSpeedControl_Init
 .text.Reset_Handler
                0x0000000008003910       0x50 ./Core/Startup/startup_stm32f429vitx.o
                0x0000000008003910                Reset_Handler
 .text.Default_Handler
                0x0000000008003960        0x2 ./Core/Startup/startup_stm32f429vitx.o
                0x0000000008003960                RTC_Alarm_IRQHandler
                0x0000000008003960                HASH_RNG_IRQHandler
                0x0000000008003960                EXTI2_IRQHandler
                0x0000000008003960                TIM8_CC_IRQHandler
                0x0000000008003960                UART8_IRQHandler
                0x0000000008003960                SPI4_IRQHandler
                0x0000000008003960                TIM1_CC_IRQHandler
                0x0000000008003960                DMA2_Stream5_IRQHandler
                0x0000000008003960                DMA1_Stream5_IRQHandler
                0x0000000008003960                PVD_IRQHandler
                0x0000000008003960                SDIO_IRQHandler
                0x0000000008003960                TAMP_STAMP_IRQHandler
                0x0000000008003960                CAN2_RX1_IRQHandler
                0x0000000008003960                EXTI3_IRQHandler
                0x0000000008003960                TIM8_TRG_COM_TIM14_IRQHandler
                0x0000000008003960                TIM1_UP_TIM10_IRQHandler
                0x0000000008003960                TIM8_UP_TIM13_IRQHandler
                0x0000000008003960                I2C3_ER_IRQHandler
                0x0000000008003960                EXTI0_IRQHandler
                0x0000000008003960                I2C2_EV_IRQHandler
                0x0000000008003960                DMA1_Stream2_IRQHandler
                0x0000000008003960                FPU_IRQHandler
                0x0000000008003960                OTG_HS_WKUP_IRQHandler
                0x0000000008003960                LTDC_ER_IRQHandler
                0x0000000008003960                CAN2_SCE_IRQHandler
                0x0000000008003960                DMA2_Stream2_IRQHandler
                0x0000000008003960                SPI1_IRQHandler
                0x0000000008003960                TIM6_DAC_IRQHandler
                0x0000000008003960                TIM1_BRK_TIM9_IRQHandler
                0x0000000008003960                DCMI_IRQHandler
                0x0000000008003960                CAN2_RX0_IRQHandler
                0x0000000008003960                DMA2_Stream3_IRQHandler
                0x0000000008003960                USART6_IRQHandler
                0x0000000008003960                USART3_IRQHandler
                0x0000000008003960                CAN1_RX1_IRQHandler
                0x0000000008003960                UART5_IRQHandler
                0x0000000008003960                DMA2_Stream0_IRQHandler
                0x0000000008003960                TIM4_IRQHandler
                0x0000000008003960                I2C1_EV_IRQHandler
                0x0000000008003960                DMA1_Stream6_IRQHandler
                0x0000000008003960                UART4_IRQHandler
                0x0000000008003960                TIM3_IRQHandler
                0x0000000008003960                RCC_IRQHandler
                0x0000000008003960                TIM8_BRK_TIM12_IRQHandler
                0x0000000008003960                Default_Handler
                0x0000000008003960                EXTI15_10_IRQHandler
                0x0000000008003960                ADC_IRQHandler
                0x0000000008003960                DMA1_Stream7_IRQHandler
                0x0000000008003960                SPI5_IRQHandler
                0x0000000008003960                TIM7_IRQHandler
                0x0000000008003960                CAN2_TX_IRQHandler
                0x0000000008003960                TIM5_IRQHandler
                0x0000000008003960                DMA2_Stream7_IRQHandler
                0x0000000008003960                I2C3_EV_IRQHandler
                0x0000000008003960                RTC_WKUP_IRQHandler
                0x0000000008003960                LTDC_IRQHandler
                0x0000000008003960                ETH_WKUP_IRQHandler
                0x0000000008003960                SPI2_IRQHandler
                0x0000000008003960                OTG_HS_EP1_IN_IRQHandler
                0x0000000008003960                DMA1_Stream0_IRQHandler
                0x0000000008003960                CAN1_TX_IRQHandler
                0x0000000008003960                EXTI4_IRQHandler
                0x0000000008003960                ETH_IRQHandler
                0x0000000008003960                OTG_HS_EP1_OUT_IRQHandler
                0x0000000008003960                WWDG_IRQHandler
                0x0000000008003960                SPI6_IRQHandler
                0x0000000008003960                TIM2_IRQHandler
                0x0000000008003960                OTG_FS_WKUP_IRQHandler
                0x0000000008003960                TIM1_TRG_COM_TIM11_IRQHandler
                0x0000000008003960                OTG_HS_IRQHandler
                0x0000000008003960                DMA2D_IRQHandler
                0x0000000008003960                EXTI1_IRQHandler
                0x0000000008003960                UART7_IRQHandler
                0x0000000008003960                USART2_IRQHandler
                0x0000000008003960                I2C2_ER_IRQHandler
                0x0000000008003960                DMA2_Stream1_IRQHandler
                0x0000000008003960                CAN1_SCE_IRQHandler
                0x0000000008003960                FLASH_IRQHandler
                0x0000000008003960                DMA2_Stream4_IRQHandler
                0x0000000008003960                USART1_IRQHandler
                0x0000000008003960                OTG_FS_IRQHandler
                0x0000000008003960                SPI3_IRQHandler
                0x0000000008003960                DMA1_Stream4_IRQHandler
                0x0000000008003960                I2C1_ER_IRQHandler
                0x0000000008003960                FMC_IRQHandler
                0x0000000008003960                DMA2_Stream6_IRQHandler
                0x0000000008003960                SAI1_IRQHandler
                0x0000000008003960                DMA1_Stream3_IRQHandler
 *fill*         0x0000000008003962        0x2 
 .text.HAL_Init
                0x0000000008003964       0x44 ./Drivers/STM32F4xx_HAL_Driver/Src/stm32f4xx_hal.o
                0x0000000008003964                HAL_Init
 .text.HAL_InitTick
                0x00000000080039a8       0x60 ./Drivers/STM32F4xx_HAL_Driver/Src/stm32f4xx_hal.o
                0x00000000080039a8                HAL_InitTick
 .text.HAL_IncTick
                0x0000000008003a08       0x28 ./Drivers/STM32F4xx_HAL_Driver/Src/stm32f4xx_hal.o
                0x0000000008003a08                HAL_IncTick
 .text.HAL_GetTick
                0x0000000008003a30       0x18 ./Drivers/STM32F4xx_HAL_Driver/Src/stm32f4xx_hal.o
                0x0000000008003a30                HAL_GetTick
 .text.HAL_Delay
                0x0000000008003a48       0x48 ./Drivers/STM32F4xx_HAL_Driver/Src/stm32f4xx_hal.o
                0x0000000008003a48                HAL_Delay
 .text.HAL_CAN_Init
                0x0000000008003a90      0x1f6 ./Drivers/STM32F4xx_HAL_Driver/Src/stm32f4xx_hal_can.o
                0x0000000008003a90                HAL_CAN_Init
 *fill*         0x0000000008003c86        0x2 
 .text.HAL_CAN_ConfigFilter
                0x0000000008003c88      0x1c0 ./Drivers/STM32F4xx_HAL_Driver/Src/stm32f4xx_hal_can.o
                0x0000000008003c88                HAL_CAN_ConfigFilter
 .text.HAL_CAN_Start
                0x0000000008003e48       0x88 ./Drivers/STM32F4xx_HAL_Driver/Src/stm32f4xx_hal_can.o
                0x0000000008003e48                HAL_CAN_Start
 .text.HAL_CAN_AddTxMessage
                0x0000000008003ed0      0x1b6 ./Drivers/STM32F4xx_HAL_Driver/Src/stm32f4xx_hal_can.o
                0x0000000008003ed0                HAL_CAN_AddTxMessage
 .text.HAL_CAN_GetRxMessage
                0x0000000008004086      0x224 ./Drivers/STM32F4xx_HAL_Driver/Src/stm32f4xx_hal_can.o
                0x0000000008004086                HAL_CAN_GetRxMessage
 .text.HAL_CAN_ActivateNotification
                0x00000000080042aa       0x4c ./Drivers/STM32F4xx_HAL_Driver/Src/stm32f4xx_hal_can.o
                0x00000000080042aa                HAL_CAN_ActivateNotification
 .text.HAL_CAN_IRQHandler
                0x00000000080042f6      0x36e ./Drivers/STM32F4xx_HAL_Driver/Src/stm32f4xx_hal_can.o
                0x00000000080042f6                HAL_CAN_IRQHandler
 .text.HAL_CAN_TxMailbox0CompleteCallback
                0x0000000008004664       0x14 ./Drivers/STM32F4xx_HAL_Driver/Src/stm32f4xx_hal_can.o
                0x0000000008004664                HAL_CAN_TxMailbox0CompleteCallback
 .text.HAL_CAN_TxMailbox1CompleteCallback
                0x0000000008004678       0x14 ./Drivers/STM32F4xx_HAL_Driver/Src/stm32f4xx_hal_can.o
                0x0000000008004678                HAL_CAN_TxMailbox1CompleteCallback
 .text.HAL_CAN_TxMailbox2CompleteCallback
                0x000000000800468c       0x14 ./Drivers/STM32F4xx_HAL_Driver/Src/stm32f4xx_hal_can.o
                0x000000000800468c                HAL_CAN_TxMailbox2CompleteCallback
 .text.HAL_CAN_TxMailbox0AbortCallback
                0x00000000080046a0       0x14 ./Drivers/STM32F4xx_HAL_Driver/Src/stm32f4xx_hal_can.o
                0x00000000080046a0                HAL_CAN_TxMailbox0AbortCallback
 .text.HAL_CAN_TxMailbox1AbortCallback
                0x00000000080046b4       0x14 ./Drivers/STM32F4xx_HAL_Driver/Src/stm32f4xx_hal_can.o
                0x00000000080046b4                HAL_CAN_TxMailbox1AbortCallback
 .text.HAL_CAN_TxMailbox2AbortCallback
                0x00000000080046c8       0x14 ./Drivers/STM32F4xx_HAL_Driver/Src/stm32f4xx_hal_can.o
                0x00000000080046c8                HAL_CAN_TxMailbox2AbortCallback
 .text.HAL_CAN_RxFifo0FullCallback
                0x00000000080046dc       0x14 ./Drivers/STM32F4xx_HAL_Driver/Src/stm32f4xx_hal_can.o
                0x00000000080046dc                HAL_CAN_RxFifo0FullCallback
 .text.HAL_CAN_RxFifo1MsgPendingCallback
                0x00000000080046f0       0x14 ./Drivers/STM32F4xx_HAL_Driver/Src/stm32f4xx_hal_can.o
                0x00000000080046f0                HAL_CAN_RxFifo1MsgPendingCallback
 .text.HAL_CAN_RxFifo1FullCallback
                0x0000000008004704       0x14 ./Drivers/STM32F4xx_HAL_Driver/Src/stm32f4xx_hal_can.o
                0x0000000008004704                HAL_CAN_RxFifo1FullCallback
 .text.HAL_CAN_SleepCallback
                0x0000000008004718       0x14 ./Drivers/STM32F4xx_HAL_Driver/Src/stm32f4xx_hal_can.o
                0x0000000008004718                HAL_CAN_SleepCallback
 .text.HAL_CAN_WakeUpFromRxMsgCallback
                0x000000000800472c       0x14 ./Drivers/STM32F4xx_HAL_Driver/Src/stm32f4xx_hal_can.o
                0x000000000800472c                HAL_CAN_WakeUpFromRxMsgCallback
 .text.HAL_CAN_ErrorCallback
                0x0000000008004740       0x14 ./Drivers/STM32F4xx_HAL_Driver/Src/stm32f4xx_hal_can.o
                0x0000000008004740                HAL_CAN_ErrorCallback
 .text.__NVIC_SetPriorityGrouping
                0x0000000008004754       0x48 ./Drivers/STM32F4xx_HAL_Driver/Src/stm32f4xx_hal_cortex.o
 .text.__NVIC_GetPriorityGrouping
                0x000000000800479c       0x1c ./Drivers/STM32F4xx_HAL_Driver/Src/stm32f4xx_hal_cortex.o
 .text.__NVIC_EnableIRQ
                0x00000000080047b8       0x3c ./Drivers/STM32F4xx_HAL_Driver/Src/stm32f4xx_hal_cortex.o
 .text.__NVIC_SetPriority
                0x00000000080047f4       0x54 ./Drivers/STM32F4xx_HAL_Driver/Src/stm32f4xx_hal_cortex.o
 .text.NVIC_EncodePriority
                0x0000000008004848       0x66 ./Drivers/STM32F4xx_HAL_Driver/Src/stm32f4xx_hal_cortex.o
 *fill*         0x00000000080048ae        0x2 
 .text.SysTick_Config
                0x00000000080048b0       0x44 ./Drivers/STM32F4xx_HAL_Driver/Src/stm32f4xx_hal_cortex.o
 .text.HAL_NVIC_SetPriorityGrouping
                0x00000000080048f4       0x16 ./Drivers/STM32F4xx_HAL_Driver/Src/stm32f4xx_hal_cortex.o
                0x00000000080048f4                HAL_NVIC_SetPriorityGrouping
 .text.HAL_NVIC_SetPriority
                0x000000000800490a       0x38 ./Drivers/STM32F4xx_HAL_Driver/Src/stm32f4xx_hal_cortex.o
                0x000000000800490a                HAL_NVIC_SetPriority
 .text.HAL_NVIC_EnableIRQ
                0x0000000008004942       0x1c ./Drivers/STM32F4xx_HAL_Driver/Src/stm32f4xx_hal_cortex.o
                0x0000000008004942                HAL_NVIC_EnableIRQ
 .text.HAL_SYSTICK_Config
                0x000000000800495e       0x18 ./Drivers/STM32F4xx_HAL_Driver/Src/stm32f4xx_hal_cortex.o
                0x000000000800495e                HAL_SYSTICK_Config
 *fill*         0x0000000008004976        0x2 
 .text.HAL_SYSTICK_CLKSourceConfig
                0x0000000008004978       0x38 ./Drivers/STM32F4xx_HAL_Driver/Src/stm32f4xx_hal_cortex.o
                0x0000000008004978                HAL_SYSTICK_CLKSourceConfig
 .text.HAL_DMA_Init
                0x00000000080049b0      0x15c ./Drivers/STM32F4xx_HAL_Driver/Src/stm32f4xx_hal_dma.o
                0x00000000080049b0                HAL_DMA_Init
 .text.HAL_DMA_Start_IT
                0x0000000008004b0c       0xb0 ./Drivers/STM32F4xx_HAL_Driver/Src/stm32f4xx_hal_dma.o
                0x0000000008004b0c                HAL_DMA_Start_IT
 .text.HAL_DMA_IRQHandler
                0x0000000008004bbc      0x314 ./Drivers/STM32F4xx_HAL_Driver/Src/stm32f4xx_hal_dma.o
                0x0000000008004bbc                HAL_DMA_IRQHandler
 .text.DMA_SetConfig
                0x0000000008004ed0       0x5c ./Drivers/STM32F4xx_HAL_Driver/Src/stm32f4xx_hal_dma.o
 .text.DMA_CalcBaseAndBitshift
                0x0000000008004f2c       0x6c ./Drivers/STM32F4xx_HAL_Driver/Src/stm32f4xx_hal_dma.o
 .text.DMA_CheckFifoParam
                0x0000000008004f98       0xf8 ./Drivers/STM32F4xx_HAL_Driver/Src/stm32f4xx_hal_dma.o
 .text.HAL_GPIO_Init
                0x0000000008005090      0x358 ./Drivers/STM32F4xx_HAL_Driver/Src/stm32f4xx_hal_gpio.o
                0x0000000008005090                HAL_GPIO_Init
 .text.HAL_GPIO_ReadPin
                0x00000000080053e8       0x30 ./Drivers/STM32F4xx_HAL_Driver/Src/stm32f4xx_hal_gpio.o
                0x00000000080053e8                HAL_GPIO_ReadPin
 .text.HAL_GPIO_WritePin
                0x0000000008005418       0x32 ./Drivers/STM32F4xx_HAL_Driver/Src/stm32f4xx_hal_gpio.o
                0x0000000008005418                HAL_GPIO_WritePin
 *fill*         0x000000000800544a        0x2 
 .text.HAL_GPIO_EXTI_IRQHandler
                0x000000000800544c       0x30 ./Drivers/STM32F4xx_HAL_Driver/Src/stm32f4xx_hal_gpio.o
                0x000000000800544c                HAL_GPIO_EXTI_IRQHandler
 .text.HAL_I2C_Init
                0x000000000800547c      0x288 ./Drivers/STM32F4xx_HAL_Driver/Src/stm32f4xx_hal_i2c.o
                0x000000000800547c                HAL_I2C_Init
 .text.HAL_I2CEx_ConfigAnalogFilter
                0x0000000008005704       0x78 ./Drivers/STM32F4xx_HAL_Driver/Src/stm32f4xx_hal_i2c_ex.o
                0x0000000008005704                HAL_I2CEx_ConfigAnalogFilter
 .text.HAL_I2CEx_ConfigDigitalFilter
                0x000000000800577c       0x7e ./Drivers/STM32F4xx_HAL_Driver/Src/stm32f4xx_hal_i2c_ex.o
                0x000000000800577c                HAL_I2CEx_ConfigDigitalFilter
 *fill*         0x00000000080057fa        0x2 
 .text.HAL_PWREx_EnableOverDrive
                0x00000000080057fc       0xa0 ./Drivers/STM32F4xx_HAL_Driver/Src/stm32f4xx_hal_pwr_ex.o
                0x00000000080057fc                HAL_PWREx_EnableOverDrive
 .text.HAL_RCC_OscConfig
                0x000000000800589c      0x4e0 ./Drivers/STM32F4xx_HAL_Driver/Src/stm32f4xx_hal_rcc.o
                0x000000000800589c                HAL_RCC_OscConfig
 .text.HAL_RCC_ClockConfig
                0x0000000008005d7c      0x1cc ./Drivers/STM32F4xx_HAL_Driver/Src/stm32f4xx_hal_rcc.o
                0x0000000008005d7c                HAL_RCC_ClockConfig
 .text.HAL_RCC_GetSysClockFreq
                0x0000000008005f48      0x1c0 ./Drivers/STM32F4xx_HAL_Driver/Src/stm32f4xx_hal_rcc.o
                0x0000000008005f48                HAL_RCC_GetSysClockFreq
 .text.HAL_RCC_GetHCLKFreq
                0x0000000008006108       0x18 ./Drivers/STM32F4xx_HAL_Driver/Src/stm32f4xx_hal_rcc.o
                0x0000000008006108                HAL_RCC_GetHCLKFreq
 .text.HAL_RCC_GetPCLK1Freq
                0x0000000008006120       0x28 ./Drivers/STM32F4xx_HAL_Driver/Src/stm32f4xx_hal_rcc.o
                0x0000000008006120                HAL_RCC_GetPCLK1Freq
 .text.HAL_RCC_GetPCLK2Freq
                0x0000000008006148       0x28 ./Drivers/STM32F4xx_HAL_Driver/Src/stm32f4xx_hal_rcc.o
                0x0000000008006148                HAL_RCC_GetPCLK2Freq
 .text.HAL_SPI_Init
                0x0000000008006170       0xc8 ./Drivers/STM32F4xx_HAL_Driver/Src/stm32f4xx_hal_spi.o
                0x0000000008006170                HAL_SPI_Init
 .text.HAL_SPI_Receive
                0x0000000008006238      0x212 ./Drivers/STM32F4xx_HAL_Driver/Src/stm32f4xx_hal_spi.o
                0x0000000008006238                HAL_SPI_Receive
 .text.HAL_SPI_TransmitReceive
                0x000000000800644a      0x344 ./Drivers/STM32F4xx_HAL_Driver/Src/stm32f4xx_hal_spi.o
                0x000000000800644a                HAL_SPI_TransmitReceive
 .text.SPI_WaitFlagStateUntilTimeout
                0x000000000800678e       0xd4 ./Drivers/STM32F4xx_HAL_Driver/Src/stm32f4xx_hal_spi.o
 .text.SPI_EndRxTransaction
                0x0000000008006862       0xca ./Drivers/STM32F4xx_HAL_Driver/Src/stm32f4xx_hal_spi.o
 .text.SPI_EndRxTxTransaction
                0x000000000800692c       0x84 ./Drivers/STM32F4xx_HAL_Driver/Src/stm32f4xx_hal_spi.o
 .text.HAL_TIM_Base_Init
                0x00000000080069b0       0x56 ./Drivers/STM32F4xx_HAL_Driver/Src/stm32f4xx_hal_tim.o
                0x00000000080069b0                HAL_TIM_Base_Init
 .text.HAL_TIM_Base_Start
                0x0000000008006a06       0x48 ./Drivers/STM32F4xx_HAL_Driver/Src/stm32f4xx_hal_tim.o
                0x0000000008006a06                HAL_TIM_Base_Start
 .text.HAL_TIM_PWM_Init
                0x0000000008006a4e       0x56 ./Drivers/STM32F4xx_HAL_Driver/Src/stm32f4xx_hal_tim.o
                0x0000000008006a4e                HAL_TIM_PWM_Init
 .text.HAL_TIM_PWM_MspInit
                0x0000000008006aa4       0x14 ./Drivers/STM32F4xx_HAL_Driver/Src/stm32f4xx_hal_tim.o
                0x0000000008006aa4                HAL_TIM_PWM_MspInit
 .text.HAL_TIM_PWM_Start
                0x0000000008006ab8       0x7c ./Drivers/STM32F4xx_HAL_Driver/Src/stm32f4xx_hal_tim.o
                0x0000000008006ab8                HAL_TIM_PWM_Start
 .text.HAL_TIM_PWM_Stop
                0x0000000008006b34       0xb0 ./Drivers/STM32F4xx_HAL_Driver/Src/stm32f4xx_hal_tim.o
                0x0000000008006b34                HAL_TIM_PWM_Stop
 .text.HAL_TIM_PWM_ConfigChannel
                0x0000000008006be4      0x18c ./Drivers/STM32F4xx_HAL_Driver/Src/stm32f4xx_hal_tim.o
                0x0000000008006be4                HAL_TIM_PWM_ConfigChannel
 .text.HAL_TIM_ConfigClockSource
                0x0000000008006d70      0x188 ./Drivers/STM32F4xx_HAL_Driver/Src/stm32f4xx_hal_tim.o
                0x0000000008006d70                HAL_TIM_ConfigClockSource
 .text.TIM_Base_SetConfig
                0x0000000008006ef8      0x140 ./Drivers/STM32F4xx_HAL_Driver/Src/stm32f4xx_hal_tim.o
                0x0000000008006ef8                TIM_Base_SetConfig
 .text.TIM_OC1_SetConfig
                0x0000000008007038       0xe0 ./Drivers/STM32F4xx_HAL_Driver/Src/stm32f4xx_hal_tim.o
 .text.TIM_OC2_SetConfig
                0x0000000008007118       0xec ./Drivers/STM32F4xx_HAL_Driver/Src/stm32f4xx_hal_tim.o
                0x0000000008007118                TIM_OC2_SetConfig
 .text.TIM_OC3_SetConfig
                0x0000000008007204       0xe8 ./Drivers/STM32F4xx_HAL_Driver/Src/stm32f4xx_hal_tim.o
 .text.TIM_OC4_SetConfig
                0x00000000080072ec       0xac ./Drivers/STM32F4xx_HAL_Driver/Src/stm32f4xx_hal_tim.o
 .text.TIM_TI1_ConfigInputStage
                0x0000000008007398       0x5e ./Drivers/STM32F4xx_HAL_Driver/Src/stm32f4xx_hal_tim.o
 .text.TIM_TI2_ConfigInputStage
                0x00000000080073f6       0x60 ./Drivers/STM32F4xx_HAL_Driver/Src/stm32f4xx_hal_tim.o
 .text.TIM_ITRx_SetConfig
                0x0000000008007456       0x36 ./Drivers/STM32F4xx_HAL_Driver/Src/stm32f4xx_hal_tim.o
 .text.TIM_ETR_SetConfig
                0x000000000800748c       0x40 ./Drivers/STM32F4xx_HAL_Driver/Src/stm32f4xx_hal_tim.o
                0x000000000800748c                TIM_ETR_SetConfig
 .text.TIM_CCxChannelCmd
                0x00000000080074cc       0x4a ./Drivers/STM32F4xx_HAL_Driver/Src/stm32f4xx_hal_tim.o
                0x00000000080074cc                TIM_CCxChannelCmd
 *fill*         0x0000000008007516        0x2 
 .text.HAL_TIMEx_MasterConfigSynchronization
                0x0000000008007518       0xf8 ./Drivers/STM32F4xx_HAL_Driver/Src/stm32f4xx_hal_tim_ex.o
                0x0000000008007518                HAL_TIMEx_MasterConfigSynchronization
 .text.HAL_TIMEx_ConfigBreakDeadTime
                0x0000000008007610       0xa4 ./Drivers/STM32F4xx_HAL_Driver/Src/stm32f4xx_hal_tim_ex.o
                0x0000000008007610                HAL_TIMEx_ConfigBreakDeadTime
 .text.HAL_UART_Init
                0x00000000080076b4       0x9a ./Drivers/STM32F4xx_HAL_Driver/Src/stm32f4xx_hal_uart.o
                0x00000000080076b4                HAL_UART_Init
 .text.HAL_UART_Transmit
                0x000000000800774e      0x132 ./Drivers/STM32F4xx_HAL_Driver/Src/stm32f4xx_hal_uart.o
                0x000000000800774e                HAL_UART_Transmit
 .text.HAL_UART_Receive_DMA
                0x0000000008007880      0x100 ./Drivers/STM32F4xx_HAL_Driver/Src/stm32f4xx_hal_uart.o
                0x0000000008007880                HAL_UART_Receive_DMA
 .text.HAL_UART_RxHalfCpltCallback
                0x0000000008007980       0x14 ./Drivers/STM32F4xx_HAL_Driver/Src/stm32f4xx_hal_uart.o
                0x0000000008007980                HAL_UART_RxHalfCpltCallback
 .text.HAL_UART_ErrorCallback
                0x0000000008007994       0x14 ./Drivers/STM32F4xx_HAL_Driver/Src/stm32f4xx_hal_uart.o
                0x0000000008007994                HAL_UART_ErrorCallback
 .text.UART_DMAReceiveCplt
                0x00000000080079a8       0x68 ./Drivers/STM32F4xx_HAL_Driver/Src/stm32f4xx_hal_uart.o
 .text.UART_DMARxHalfCplt
                0x0000000008007a10       0x1c ./Drivers/STM32F4xx_HAL_Driver/Src/stm32f4xx_hal_uart.o
 .text.UART_DMAError
                0x0000000008007a2c       0x94 ./Drivers/STM32F4xx_HAL_Driver/Src/stm32f4xx_hal_uart.o
 .text.UART_WaitOnFlagUntilTimeout
                0x0000000008007ac0       0x94 ./Drivers/STM32F4xx_HAL_Driver/Src/stm32f4xx_hal_uart.o
 .text.UART_EndTxTransfer
                0x0000000008007b54       0x2c ./Drivers/STM32F4xx_HAL_Driver/Src/stm32f4xx_hal_uart.o
 .text.UART_EndRxTransfer
                0x0000000008007b80       0x3c ./Drivers/STM32F4xx_HAL_Driver/Src/stm32f4xx_hal_uart.o
 .text.UART_SetConfig
                0x0000000008007bbc      0x738 ./Drivers/STM32F4xx_HAL_Driver/Src/stm32f4xx_hal_uart.o
 .text.__libc_init_array
                0x00000000080082f4       0x48 /opt/st/stm32cubeide_1.7.0/plugins/com.st.stm32cube.ide.mcu.externaltools.gnu-tools-for-stm32.9-2020-q2-update.linux64_2.0.0.202105311346/tools/bin/../lib/gcc/arm-none-eabi/9.3.1/../../../../arm-none-eabi/lib/thumb/v7e-m+fp/hard/libc_nano.a(lib_a-init.o)
                0x00000000080082f4                __libc_init_array
 .text.memset   0x000000000800833c       0x10 /opt/st/stm32cubeide_1.7.0/plugins/com.st.stm32cube.ide.mcu.externaltools.gnu-tools-for-stm32.9-2020-q2-update.linux64_2.0.0.202105311346/tools/bin/../lib/gcc/arm-none-eabi/9.3.1/../../../../arm-none-eabi/lib/thumb/v7e-m+fp/hard/libc_nano.a(lib_a-memset.o)
                0x000000000800833c                memset
 *fill*         0x000000000800834c        0x4 
 .text.cos      0x0000000008008350       0xa0 /opt/st/stm32cubeide_1.7.0/plugins/com.st.stm32cube.ide.mcu.externaltools.gnu-tools-for-stm32.9-2020-q2-update.linux64_2.0.0.202105311346/tools/bin/../lib/gcc/arm-none-eabi/9.3.1/../../../../arm-none-eabi/lib/thumb/v7e-m+fp/hard/libm.a(lib_a-s_cos.o)
                0x0000000008008350                cos
 .text.fabs     0x00000000080083f0       0x12 /opt/st/stm32cubeide_1.7.0/plugins/com.st.stm32cube.ide.mcu.externaltools.gnu-tools-for-stm32.9-2020-q2-update.linux64_2.0.0.202105311346/tools/bin/../lib/gcc/arm-none-eabi/9.3.1/../../../../arm-none-eabi/lib/thumb/v7e-m+fp/hard/libm.a(lib_a-s_fabs.o)
                0x00000000080083f0                fabs
 *fill*         0x0000000008008402        0x6 
 .text.__ieee754_rem_pio2
                0x0000000008008408      0x414 /opt/st/stm32cubeide_1.7.0/plugins/com.st.stm32cube.ide.mcu.externaltools.gnu-tools-for-stm32.9-2020-q2-update.linux64_2.0.0.202105311346/tools/bin/../lib/gcc/arm-none-eabi/9.3.1/../../../../arm-none-eabi/lib/thumb/v7e-m+fp/hard/libm.a(lib_a-e_rem_pio2.o)
                0x0000000008008408                __ieee754_rem_pio2
 *fill*         0x000000000800881c        0x4 
 .text.__kernel_cos
                0x0000000008008820      0x18c /opt/st/stm32cubeide_1.7.0/plugins/com.st.stm32cube.ide.mcu.externaltools.gnu-tools-for-stm32.9-2020-q2-update.linux64_2.0.0.202105311346/tools/bin/../lib/gcc/arm-none-eabi/9.3.1/../../../../arm-none-eabi/lib/thumb/v7e-m+fp/hard/libm.a(lib_a-k_cos.o)
                0x0000000008008820                __kernel_cos
 *fill*         0x00000000080089ac        0x4 
 .text.__kernel_rem_pio2
                0x00000000080089b0      0x680 /opt/st/stm32cubeide_1.7.0/plugins/com.st.stm32cube.ide.mcu.externaltools.gnu-tools-for-stm32.9-2020-q2-update.linux64_2.0.0.202105311346/tools/bin/../lib/gcc/arm-none-eabi/9.3.1/../../../../arm-none-eabi/lib/thumb/v7e-m+fp/hard/libm.a(lib_a-k_rem_pio2.o)
                0x00000000080089b0                __kernel_rem_pio2
 .text.__kernel_sin
                0x0000000008009030      0x17c /opt/st/stm32cubeide_1.7.0/plugins/com.st.stm32cube.ide.mcu.externaltools.gnu-tools-for-stm32.9-2020-q2-update.linux64_2.0.0.202105311346/tools/bin/../lib/gcc/arm-none-eabi/9.3.1/../../../../arm-none-eabi/lib/thumb/v7e-m+fp/hard/libm.a(lib_a-k_sin.o)
                0x0000000008009030                __kernel_sin
 *fill*         0x00000000080091ac        0x4 
 .text.floor    0x00000000080091b0      0x100 /opt/st/stm32cubeide_1.7.0/plugins/com.st.stm32cube.ide.mcu.externaltools.gnu-tools-for-stm32.9-2020-q2-update.linux64_2.0.0.202105311346/tools/bin/../lib/gcc/arm-none-eabi/9.3.1/../../../../arm-none-eabi/lib/thumb/v7e-m+fp/hard/libm.a(lib_a-s_floor.o)
                0x00000000080091b0                floor
 .text.scalbn   0x00000000080092b0      0x10c /opt/st/stm32cubeide_1.7.0/plugins/com.st.stm32cube.ide.mcu.externaltools.gnu-tools-for-stm32.9-2020-q2-update.linux64_2.0.0.202105311346/tools/bin/../lib/gcc/arm-none-eabi/9.3.1/../../../../arm-none-eabi/lib/thumb/v7e-m+fp/hard/libm.a(lib_a-s_scalbn.o)
                0x00000000080092b0                scalbn
 *(.glue_7)
 .glue_7        0x00000000080093bc        0x0 linker stubs
 *(.glue_7t)
 .glue_7t       0x00000000080093bc        0x0 linker stubs
 *(.eh_frame)
 .eh_frame      0x00000000080093bc        0x0 /opt/st/stm32cubeide_1.7.0/plugins/com.st.stm32cube.ide.mcu.externaltools.gnu-tools-for-stm32.9-2020-q2-update.linux64_2.0.0.202105311346/tools/bin/../lib/gcc/arm-none-eabi/9.3.1/thumb/v7e-m+fp/hard/crtbegin.o
 *(.init)
 .init          0x00000000080093bc        0x4 /opt/st/stm32cubeide_1.7.0/plugins/com.st.stm32cube.ide.mcu.externaltools.gnu-tools-for-stm32.9-2020-q2-update.linux64_2.0.0.202105311346/tools/bin/../lib/gcc/arm-none-eabi/9.3.1/thumb/v7e-m+fp/hard/crti.o
                0x00000000080093bc                _init
 .init          0x00000000080093c0        0x8 /opt/st/stm32cubeide_1.7.0/plugins/com.st.stm32cube.ide.mcu.externaltools.gnu-tools-for-stm32.9-2020-q2-update.linux64_2.0.0.202105311346/tools/bin/../lib/gcc/arm-none-eabi/9.3.1/thumb/v7e-m+fp/hard/crtn.o
 *(.fini)
 .fini          0x00000000080093c8        0x4 /opt/st/stm32cubeide_1.7.0/plugins/com.st.stm32cube.ide.mcu.externaltools.gnu-tools-for-stm32.9-2020-q2-update.linux64_2.0.0.202105311346/tools/bin/../lib/gcc/arm-none-eabi/9.3.1/thumb/v7e-m+fp/hard/crti.o
                0x00000000080093c8                _fini
 .fini          0x00000000080093cc        0x8 /opt/st/stm32cubeide_1.7.0/plugins/com.st.stm32cube.ide.mcu.externaltools.gnu-tools-for-stm32.9-2020-q2-update.linux64_2.0.0.202105311346/tools/bin/../lib/gcc/arm-none-eabi/9.3.1/thumb/v7e-m+fp/hard/crtn.o
                0x00000000080093d4                . = ALIGN (0x4)
                0x00000000080093d4                _etext = .

.vfp11_veneer   0x00000000080093d4        0x0
 .vfp11_veneer  0x00000000080093d4        0x0 linker stubs

.v4_bx          0x00000000080093d4        0x0
 .v4_bx         0x00000000080093d4        0x0 linker stubs

.iplt           0x00000000080093d4        0x0
 .iplt          0x00000000080093d4        0x0 /opt/st/stm32cubeide_1.7.0/plugins/com.st.stm32cube.ide.mcu.externaltools.gnu-tools-for-stm32.9-2020-q2-update.linux64_2.0.0.202105311346/tools/bin/../lib/gcc/arm-none-eabi/9.3.1/thumb/v7e-m+fp/hard/crtbegin.o

.rodata         0x00000000080093d8      0x210
                0x00000000080093d8                . = ALIGN (0x4)
 *(.rodata)
 *(.rodata*)
 .rodata.base_linSpeedLevel
                0x00000000080093d8        0xc ./Core/Src/main.o
                0x00000000080093d8                base_linSpeedLevel
 .rodata.base_angSpeedLevel
                0x00000000080093e4        0xc ./Core/Src/main.o
                0x00000000080093e4                base_angSpeedLevel
 .rodata.AHBPrescTable
                0x00000000080093f0       0x10 ./Core/Src/system_stm32f4xx.o
                0x00000000080093f0                AHBPrescTable
 .rodata.APBPrescTable
                0x0000000008009400        0x8 ./Core/Src/system_stm32f4xx.o
                0x0000000008009400                APBPrescTable
 .rodata.flagBitshiftOffset.8902
                0x0000000008009408        0x8 ./Drivers/STM32F4xx_HAL_Driver/Src/stm32f4xx_hal_dma.o
 .rodata.npio2_hw
                0x0000000008009410       0x80 /opt/st/stm32cubeide_1.7.0/plugins/com.st.stm32cube.ide.mcu.externaltools.gnu-tools-for-stm32.9-2020-q2-update.linux64_2.0.0.202105311346/tools/bin/../lib/gcc/arm-none-eabi/9.3.1/../../../../arm-none-eabi/lib/thumb/v7e-m+fp/hard/libm.a(lib_a-e_rem_pio2.o)
 .rodata.two_over_pi
                0x0000000008009490      0x108 /opt/st/stm32cubeide_1.7.0/plugins/com.st.stm32cube.ide.mcu.externaltools.gnu-tools-for-stm32.9-2020-q2-update.linux64_2.0.0.202105311346/tools/bin/../lib/gcc/arm-none-eabi/9.3.1/../../../../arm-none-eabi/lib/thumb/v7e-m+fp/hard/libm.a(lib_a-e_rem_pio2.o)
 .rodata.PIo2   0x0000000008009598       0x40 /opt/st/stm32cubeide_1.7.0/plugins/com.st.stm32cube.ide.mcu.externaltools.gnu-tools-for-stm32.9-2020-q2-update.linux64_2.0.0.202105311346/tools/bin/../lib/gcc/arm-none-eabi/9.3.1/../../../../arm-none-eabi/lib/thumb/v7e-m+fp/hard/libm.a(lib_a-k_rem_pio2.o)
 .rodata.init_jk
                0x00000000080095d8       0x10 /opt/st/stm32cubeide_1.7.0/plugins/com.st.stm32cube.ide.mcu.externaltools.gnu-tools-for-stm32.9-2020-q2-update.linux64_2.0.0.202105311346/tools/bin/../lib/gcc/arm-none-eabi/9.3.1/../../../../arm-none-eabi/lib/thumb/v7e-m+fp/hard/libm.a(lib_a-k_rem_pio2.o)
                0x00000000080095e8                . = ALIGN (0x4)

.ARM.extab      0x00000000080095e8        0x0
                0x00000000080095e8                . = ALIGN (0x4)
 *(.ARM.extab* .gnu.linkonce.armextab.*)
                0x00000000080095e8                . = ALIGN (0x4)

.ARM            0x00000000080095e8        0x8
                0x00000000080095e8                . = ALIGN (0x4)
                0x00000000080095e8                __exidx_start = .
 *(.ARM.exidx*)
 .ARM.exidx     0x00000000080095e8        0x8 /opt/st/stm32cubeide_1.7.0/plugins/com.st.stm32cube.ide.mcu.externaltools.gnu-tools-for-stm32.9-2020-q2-update.linux64_2.0.0.202105311346/tools/bin/../lib/gcc/arm-none-eabi/9.3.1/thumb/v7e-m+fp/hard/libgcc.a(_udivmoddi4.o)
                0x00000000080095f0                __exidx_end = .
                0x00000000080095f0                . = ALIGN (0x4)

.rel.dyn        0x00000000080095f0        0x0
 .rel.iplt      0x00000000080095f0        0x0 /opt/st/stm32cubeide_1.7.0/plugins/com.st.stm32cube.ide.mcu.externaltools.gnu-tools-for-stm32.9-2020-q2-update.linux64_2.0.0.202105311346/tools/bin/../lib/gcc/arm-none-eabi/9.3.1/thumb/v7e-m+fp/hard/crtbegin.o

.preinit_array  0x00000000080095f0        0x0
                0x00000000080095f0                . = ALIGN (0x4)
                0x00000000080095f0                PROVIDE (__preinit_array_start = .)
 *(.preinit_array*)
                0x00000000080095f0                PROVIDE (__preinit_array_end = .)
                0x00000000080095f0                . = ALIGN (0x4)

.init_array     0x00000000080095f0        0x4
                0x00000000080095f0                . = ALIGN (0x4)
                0x00000000080095f0                PROVIDE (__init_array_start = .)
 *(SORT_BY_NAME(.init_array.*))
 *(.init_array*)
 .init_array    0x00000000080095f0        0x4 /opt/st/stm32cubeide_1.7.0/plugins/com.st.stm32cube.ide.mcu.externaltools.gnu-tools-for-stm32.9-2020-q2-update.linux64_2.0.0.202105311346/tools/bin/../lib/gcc/arm-none-eabi/9.3.1/thumb/v7e-m+fp/hard/crtbegin.o
                0x00000000080095f4                PROVIDE (__init_array_end = .)
                0x00000000080095f4                . = ALIGN (0x4)

.fini_array     0x00000000080095f4        0x4
                0x00000000080095f4                . = ALIGN (0x4)
                [!provide]                        PROVIDE (__fini_array_start = .)
 *(SORT_BY_NAME(.fini_array.*))
 *(.fini_array*)
 .fini_array    0x00000000080095f4        0x4 /opt/st/stm32cubeide_1.7.0/plugins/com.st.stm32cube.ide.mcu.externaltools.gnu-tools-for-stm32.9-2020-q2-update.linux64_2.0.0.202105311346/tools/bin/../lib/gcc/arm-none-eabi/9.3.1/thumb/v7e-m+fp/hard/crtbegin.o
                [!provide]                        PROVIDE (__fini_array_end = .)
                0x00000000080095f8                . = ALIGN (0x4)
                0x00000000080095f8                _sidata = LOADADDR (.data)

.data           0x0000000020000000      0x134 load address 0x00000000080095f8
                0x0000000020000000                . = ALIGN (0x4)
                0x0000000020000000                _sdata = .
 *(.data)
 *(.data*)
 .data.rearMotor
                0x0000000020000000       0x34 ./Core/Src/bd25l.o
                0x0000000020000000                rearMotor
 .data.backMotor
                0x0000000020000034       0x34 ./Core/Src/bd25l.o
                0x0000000020000034                backMotor
 .data.rearLS1  0x0000000020000068       0x10 ./Core/Src/main.o
                0x0000000020000068                rearLS1
 .data.rearLS2  0x0000000020000078       0x10 ./Core/Src/main.o
                0x0000000020000078                rearLS2
 .data.backLS1  0x0000000020000088       0x10 ./Core/Src/main.o
                0x0000000020000088                backLS1
 .data.backLS2  0x0000000020000098       0x10 ./Core/Src/main.o
                0x0000000020000098                backLS2
 .data.button1  0x00000000200000a8       0x10 ./Core/Src/main.o
                0x00000000200000a8                button1
 .data.button2  0x00000000200000b8       0x10 ./Core/Src/main.o
                0x00000000200000b8                button2
 .data.button3  0x00000000200000c8       0x10 ./Core/Src/main.o
                0x00000000200000c8                button3
 .data.baseWheelSpeed
                0x00000000200000d8       0x30 ./Core/Src/main.o
                0x00000000200000d8                baseWheelSpeed
 .data.frontClimb_kp
                0x0000000020000108        0x4 ./Core/Src/main.o
                0x0000000020000108                frontClimb_kp
 .data.frontClimb_ki
                0x000000002000010c        0x4 ./Core/Src/main.o
                0x000000002000010c                frontClimb_ki
 .data.frontClimb_kd
                0x0000000020000110        0x4 ./Core/Src/main.o
                0x0000000020000110                frontClimb_kd
 .data.backClimb_kp
                0x0000000020000114        0x4 ./Core/Src/main.o
                0x0000000020000114                backClimb_kp
 .data.backClimb_ki
                0x0000000020000118        0x4 ./Core/Src/main.o
                0x0000000020000118                backClimb_ki
 .data.backClimb_kd
                0x000000002000011c        0x4 ./Core/Src/main.o
                0x000000002000011c                backClimb_kd
 .data.forward_distance
                0x0000000020000120        0x4 ./Core/Src/main.o
                0x0000000020000120                forward_distance
 .data.state    0x0000000020000124        0x1 ./Core/Src/main.o
                0x0000000020000124                state
 .data.first_loop.11348
                0x0000000020000125        0x1 ./Core/Src/main.o
 *fill*         0x0000000020000126        0x2 
 .data.SystemCoreClock
                0x0000000020000128        0x4 ./Core/Src/system_stm32f4xx.o
                0x0000000020000128                SystemCoreClock
 .data.uwTickPrio
                0x000000002000012c        0x4 ./Drivers/STM32F4xx_HAL_Driver/Src/stm32f4xx_hal.o
                0x000000002000012c                uwTickPrio
 .data.uwTickFreq
                0x0000000020000130        0x1 ./Drivers/STM32F4xx_HAL_Driver/Src/stm32f4xx_hal.o
                0x0000000020000130                uwTickFreq
                0x0000000020000134                . = ALIGN (0x4)
 *fill*         0x0000000020000131        0x3 
                0x0000000020000134                _edata = .

.igot.plt       0x0000000020000134        0x0 load address 0x000000000800972c
 .igot.plt      0x0000000020000134        0x0 /opt/st/stm32cubeide_1.7.0/plugins/com.st.stm32cube.ide.mcu.externaltools.gnu-tools-for-stm32.9-2020-q2-update.linux64_2.0.0.202105311346/tools/bin/../lib/gcc/arm-none-eabi/9.3.1/thumb/v7e-m+fp/hard/crtbegin.o
                0x0000000020000134                . = ALIGN (0x4)

.bss            0x0000000020000138      0x4f0 load address 0x000000000800972c
                0x0000000020000138                _sbss = .
                0x0000000020000138                __bss_start__ = _sbss
 *(.bss)
 .bss           0x0000000020000138       0x1c /opt/st/stm32cubeide_1.7.0/plugins/com.st.stm32cube.ide.mcu.externaltools.gnu-tools-for-stm32.9-2020-q2-update.linux64_2.0.0.202105311346/tools/bin/../lib/gcc/arm-none-eabi/9.3.1/thumb/v7e-m+fp/hard/crtbegin.o
 *(.bss*)
 .bss.prev_adc_time
                0x0000000020000154        0x4 ./Core/Src/main.o
                0x0000000020000154                prev_adc_time
 .bss.base_speedLevel
                0x0000000020000158        0x4 ./Core/Src/main.o
                0x0000000020000158                base_speedLevel
 .bss.speed     0x000000002000015c        0x8 ./Core/Src/main.o
                0x000000002000015c                speed
 .bss.frontClimb_input
                0x0000000020000164        0x4 ./Core/Src/main.o
                0x0000000020000164                frontClimb_input
 .bss.frontClimb_output
                0x0000000020000168        0x4 ./Core/Src/main.o
                0x0000000020000168                frontClimb_output
 .bss.frontClimb_setpoint
                0x000000002000016c        0x4 ./Core/Src/main.o
                0x000000002000016c                frontClimb_setpoint
 .bss.backClimb_input
                0x0000000020000170        0x4 ./Core/Src/main.o
                0x0000000020000170                backClimb_input
 .bss.backClimb_output
                0x0000000020000174        0x4 ./Core/Src/main.o
                0x0000000020000174                backClimb_output
 .bss.backClimb_setpoint
                0x0000000020000178        0x4 ./Core/Src/main.o
                0x0000000020000178                backClimb_setpoint
 .bss.curb_height
                0x000000002000017c        0x4 ./Core/Src/main.o
                0x000000002000017c                curb_height
 .bss.state_count
                0x0000000020000180        0x4 ./Core/Src/main.o
                0x0000000020000180                state_count
 .bss.canRxHeader.11338
                0x0000000020000184       0x1c ./Core/Src/main.o
 .bss.prev_enc.11347
                0x00000000200001a0        0x4 ./Core/Src/main.o
 .bss.prev_tick.11346
                0x00000000200001a4        0x4 ./Core/Src/main.o
 .bss.dist_remaining.11349
                0x00000000200001a8        0x4 ./Core/Src/main.o
 .bss.joyPosBuffer
                0x00000000200001ac       0x28 ./Core/Src/wheelchair.o
 *(COMMON)
 COMMON         0x00000000200001d4       0x58 ./Core/Src/adc.o
                0x00000000200001d4                hspi1
 COMMON         0x000000002000022c       0x28 ./Core/Src/can.o
                0x000000002000022c                hcan1
 COMMON         0x0000000020000254       0xd8 ./Core/Src/encoder.o
                0x0000000020000254                hcan2
                0x000000002000027c                encoderFront
                0x00000000200002d4                encoderBack
 COMMON         0x000000002000032c       0x54 ./Core/Src/i2c.o
                0x000000002000032c                hi2c1
 COMMON         0x0000000020000380      0x104 ./Core/Src/main.o
                0x0000000020000380                tempJoyRawDataY
                0x0000000020000384                hub_encoder_feedback
                0x0000000020000390                MPU6050
                0x00000000200003f0                backClimb_ctrl
                0x0000000020000424                adc_rawData
                0x0000000020000434                frontClimb_pid
                0x0000000020000438                frontClimb_ctrl
                0x000000002000046c                receive_buf
                0x000000002000047c                tempJoyRawDataX
                0x0000000020000480                backClimb_pid
 COMMON         0x0000000020000484      0x100 ./Core/Src/tim.o
                0x0000000020000484                htim8
                0x00000000200004c4                htim3
                0x0000000020000504                htim1
                0x0000000020000544                htim2
 COMMON         0x0000000020000584       0xa0 ./Core/Src/usart.o
                0x0000000020000584                hdma_usart3_rx
                0x00000000200005e4                huart3
 COMMON         0x0000000020000624        0x4 ./Drivers/STM32F4xx_HAL_Driver/Src/stm32f4xx_hal.o
                0x0000000020000624                uwTick
                0x0000000020000628                . = ALIGN (0x4)
                0x0000000020000628                _ebss = .
                0x0000000020000628                __bss_end__ = _ebss

._user_heap_stack
                0x0000000020000628      0x600 load address 0x000000000800972c
                0x0000000020000628                . = ALIGN (0x8)
                [!provide]                        PROVIDE (end = .)
                0x0000000020000628                PROVIDE (_end = .)
                0x0000000020000828                . = (. + _Min_Heap_Size)
 *fill*         0x0000000020000628      0x200 
                0x0000000020000c28                . = (. + _Min_Stack_Size)
 *fill*         0x0000000020000828      0x400 
                0x0000000020000c28                . = ALIGN (0x8)

/DISCARD/
 libc.a(*)
 libm.a(*)
 libgcc.a(*)

.ARM.attributes
                0x0000000000000000       0x30
 *(.ARM.attributes)
 .ARM.attributes
                0x0000000000000000       0x1e /opt/st/stm32cubeide_1.7.0/plugins/com.st.stm32cube.ide.mcu.externaltools.gnu-tools-for-stm32.9-2020-q2-update.linux64_2.0.0.202105311346/tools/bin/../lib/gcc/arm-none-eabi/9.3.1/thumb/v7e-m+fp/hard/crti.o
 .ARM.attributes
                0x000000000000001e       0x34 /opt/st/stm32cubeide_1.7.0/plugins/com.st.stm32cube.ide.mcu.externaltools.gnu-tools-for-stm32.9-2020-q2-update.linux64_2.0.0.202105311346/tools/bin/../lib/gcc/arm-none-eabi/9.3.1/thumb/v7e-m+fp/hard/crtbegin.o
 .ARM.attributes
                0x0000000000000052       0x34 ./Core/Src/PID.o
 .ARM.attributes
                0x0000000000000086       0x34 ./Core/Src/X2_6010S.o
 .ARM.attributes
                0x00000000000000ba       0x34 ./Core/Src/adc.o
 .ARM.attributes
                0x00000000000000ee       0x34 ./Core/Src/bd25l.o
 .ARM.attributes
                0x0000000000000122       0x34 ./Core/Src/button.o
 .ARM.attributes
                0x0000000000000156       0x34 ./Core/Src/can.o
 .ARM.attributes
                0x000000000000018a       0x34 ./Core/Src/dma.o
 .ARM.attributes
                0x00000000000001be       0x34 ./Core/Src/encoder.o
 .ARM.attributes
                0x00000000000001f2       0x34 ./Core/Src/gpio.o
 .ARM.attributes
                0x0000000000000226       0x34 ./Core/Src/i2c.o
 .ARM.attributes
                0x000000000000025a       0x34 ./Core/Src/main.o
 .ARM.attributes
                0x000000000000028e       0x34 ./Core/Src/spi.o
 .ARM.attributes
                0x00000000000002c2       0x34 ./Core/Src/stm32f4xx_hal_msp.o
 .ARM.attributes
                0x00000000000002f6       0x34 ./Core/Src/stm32f4xx_it.o
 .ARM.attributes
                0x000000000000032a       0x34 ./Core/Src/system_stm32f4xx.o
 .ARM.attributes
                0x000000000000035e       0x34 ./Core/Src/tim.o
 .ARM.attributes
                0x0000000000000392       0x34 ./Core/Src/usart.o
 .ARM.attributes
                0x00000000000003c6       0x34 ./Core/Src/wheelchair.o
 .ARM.attributes
                0x00000000000003fa       0x21 ./Core/Startup/startup_stm32f429vitx.o
 .ARM.attributes
                0x000000000000041b       0x34 ./Drivers/STM32F4xx_HAL_Driver/Src/stm32f4xx_hal.o
 .ARM.attributes
                0x000000000000044f       0x34 ./Drivers/STM32F4xx_HAL_Driver/Src/stm32f4xx_hal_can.o
 .ARM.attributes
                0x0000000000000483       0x34 ./Drivers/STM32F4xx_HAL_Driver/Src/stm32f4xx_hal_cortex.o
 .ARM.attributes
                0x00000000000004b7       0x34 ./Drivers/STM32F4xx_HAL_Driver/Src/stm32f4xx_hal_dma.o
 .ARM.attributes
                0x00000000000004eb       0x34 ./Drivers/STM32F4xx_HAL_Driver/Src/stm32f4xx_hal_gpio.o
 .ARM.attributes
                0x000000000000051f       0x34 ./Drivers/STM32F4xx_HAL_Driver/Src/stm32f4xx_hal_i2c.o
 .ARM.attributes
                0x0000000000000553       0x34 ./Drivers/STM32F4xx_HAL_Driver/Src/stm32f4xx_hal_i2c_ex.o
 .ARM.attributes
                0x0000000000000587       0x34 ./Drivers/STM32F4xx_HAL_Driver/Src/stm32f4xx_hal_pwr_ex.o
 .ARM.attributes
                0x00000000000005bb       0x34 ./Drivers/STM32F4xx_HAL_Driver/Src/stm32f4xx_hal_rcc.o
 .ARM.attributes
                0x00000000000005ef       0x34 ./Drivers/STM32F4xx_HAL_Driver/Src/stm32f4xx_hal_spi.o
 .ARM.attributes
                0x0000000000000623       0x34 ./Drivers/STM32F4xx_HAL_Driver/Src/stm32f4xx_hal_tim.o
 .ARM.attributes
                0x0000000000000657       0x34 ./Drivers/STM32F4xx_HAL_Driver/Src/stm32f4xx_hal_tim_ex.o
 .ARM.attributes
                0x000000000000068b       0x34 ./Drivers/STM32F4xx_HAL_Driver/Src/stm32f4xx_hal_uart.o
 .ARM.attributes
                0x00000000000006bf       0x34 /opt/st/stm32cubeide_1.7.0/plugins/com.st.stm32cube.ide.mcu.externaltools.gnu-tools-for-stm32.9-2020-q2-update.linux64_2.0.0.202105311346/tools/bin/../lib/gcc/arm-none-eabi/9.3.1/../../../../arm-none-eabi/lib/thumb/v7e-m+fp/hard/libc_nano.a(lib_a-init.o)
 .ARM.attributes
                0x00000000000006f3       0x34 /opt/st/stm32cubeide_1.7.0/plugins/com.st.stm32cube.ide.mcu.externaltools.gnu-tools-for-stm32.9-2020-q2-update.linux64_2.0.0.202105311346/tools/bin/../lib/gcc/arm-none-eabi/9.3.1/../../../../arm-none-eabi/lib/thumb/v7e-m+fp/hard/libc_nano.a(lib_a-memset.o)
 .ARM.attributes
                0x0000000000000727       0x34 /opt/st/stm32cubeide_1.7.0/plugins/com.st.stm32cube.ide.mcu.externaltools.gnu-tools-for-stm32.9-2020-q2-update.linux64_2.0.0.202105311346/tools/bin/../lib/gcc/arm-none-eabi/9.3.1/../../../../arm-none-eabi/lib/thumb/v7e-m+fp/hard/libm.a(lib_a-s_cos.o)
 .ARM.attributes
                0x000000000000075b       0x34 /opt/st/stm32cubeide_1.7.0/plugins/com.st.stm32cube.ide.mcu.externaltools.gnu-tools-for-stm32.9-2020-q2-update.linux64_2.0.0.202105311346/tools/bin/../lib/gcc/arm-none-eabi/9.3.1/../../../../arm-none-eabi/lib/thumb/v7e-m+fp/hard/libm.a(lib_a-s_fabs.o)
 .ARM.attributes
                0x000000000000078f       0x34 /opt/st/stm32cubeide_1.7.0/plugins/com.st.stm32cube.ide.mcu.externaltools.gnu-tools-for-stm32.9-2020-q2-update.linux64_2.0.0.202105311346/tools/bin/../lib/gcc/arm-none-eabi/9.3.1/../../../../arm-none-eabi/lib/thumb/v7e-m+fp/hard/libm.a(lib_a-e_rem_pio2.o)
 .ARM.attributes
                0x00000000000007c3       0x34 /opt/st/stm32cubeide_1.7.0/plugins/com.st.stm32cube.ide.mcu.externaltools.gnu-tools-for-stm32.9-2020-q2-update.linux64_2.0.0.202105311346/tools/bin/../lib/gcc/arm-none-eabi/9.3.1/../../../../arm-none-eabi/lib/thumb/v7e-m+fp/hard/libm.a(lib_a-k_cos.o)
 .ARM.attributes
                0x00000000000007f7       0x34 /opt/st/stm32cubeide_1.7.0/plugins/com.st.stm32cube.ide.mcu.externaltools.gnu-tools-for-stm32.9-2020-q2-update.linux64_2.0.0.202105311346/tools/bin/../lib/gcc/arm-none-eabi/9.3.1/../../../../arm-none-eabi/lib/thumb/v7e-m+fp/hard/libm.a(lib_a-k_rem_pio2.o)
 .ARM.attributes
                0x000000000000082b       0x34 /opt/st/stm32cubeide_1.7.0/plugins/com.st.stm32cube.ide.mcu.externaltools.gnu-tools-for-stm32.9-2020-q2-update.linux64_2.0.0.202105311346/tools/bin/../lib/gcc/arm-none-eabi/9.3.1/../../../../arm-none-eabi/lib/thumb/v7e-m+fp/hard/libm.a(lib_a-k_sin.o)
 .ARM.attributes
                0x000000000000085f       0x34 /opt/st/stm32cubeide_1.7.0/plugins/com.st.stm32cube.ide.mcu.externaltools.gnu-tools-for-stm32.9-2020-q2-update.linux64_2.0.0.202105311346/tools/bin/../lib/gcc/arm-none-eabi/9.3.1/../../../../arm-none-eabi/lib/thumb/v7e-m+fp/hard/libm.a(lib_a-s_floor.o)
 .ARM.attributes
                0x0000000000000893       0x34 /opt/st/stm32cubeide_1.7.0/plugins/com.st.stm32cube.ide.mcu.externaltools.gnu-tools-for-stm32.9-2020-q2-update.linux64_2.0.0.202105311346/tools/bin/../lib/gcc/arm-none-eabi/9.3.1/../../../../arm-none-eabi/lib/thumb/v7e-m+fp/hard/libm.a(lib_a-s_scalbn.o)
 .ARM.attributes
                0x00000000000008c7       0x1e /opt/st/stm32cubeide_1.7.0/plugins/com.st.stm32cube.ide.mcu.externaltools.gnu-tools-for-stm32.9-2020-q2-update.linux64_2.0.0.202105311346/tools/bin/../lib/gcc/arm-none-eabi/9.3.1/thumb/v7e-m+fp/hard/libgcc.a(_arm_addsubdf3.o)
 .ARM.attributes
                0x00000000000008e5       0x1e /opt/st/stm32cubeide_1.7.0/plugins/com.st.stm32cube.ide.mcu.externaltools.gnu-tools-for-stm32.9-2020-q2-update.linux64_2.0.0.202105311346/tools/bin/../lib/gcc/arm-none-eabi/9.3.1/thumb/v7e-m+fp/hard/libgcc.a(_arm_muldivdf3.o)
 .ARM.attributes
                0x0000000000000903       0x1e /opt/st/stm32cubeide_1.7.0/plugins/com.st.stm32cube.ide.mcu.externaltools.gnu-tools-for-stm32.9-2020-q2-update.linux64_2.0.0.202105311346/tools/bin/../lib/gcc/arm-none-eabi/9.3.1/thumb/v7e-m+fp/hard/libgcc.a(_arm_cmpdf2.o)
 .ARM.attributes
                0x0000000000000921       0x1e /opt/st/stm32cubeide_1.7.0/plugins/com.st.stm32cube.ide.mcu.externaltools.gnu-tools-for-stm32.9-2020-q2-update.linux64_2.0.0.202105311346/tools/bin/../lib/gcc/arm-none-eabi/9.3.1/thumb/v7e-m+fp/hard/libgcc.a(_arm_fixdfsi.o)
 .ARM.attributes
                0x000000000000093f       0x1e /opt/st/stm32cubeide_1.7.0/plugins/com.st.stm32cube.ide.mcu.externaltools.gnu-tools-for-stm32.9-2020-q2-update.linux64_2.0.0.202105311346/tools/bin/../lib/gcc/arm-none-eabi/9.3.1/thumb/v7e-m+fp/hard/libgcc.a(_arm_fixunsdfsi.o)
 .ARM.attributes
                0x000000000000095d       0x1e /opt/st/stm32cubeide_1.7.0/plugins/com.st.stm32cube.ide.mcu.externaltools.gnu-tools-for-stm32.9-2020-q2-update.linux64_2.0.0.202105311346/tools/bin/../lib/gcc/arm-none-eabi/9.3.1/thumb/v7e-m+fp/hard/libgcc.a(_arm_truncdfsf2.o)
 .ARM.attributes
                0x000000000000097b       0x1e /opt/st/stm32cubeide_1.7.0/plugins/com.st.stm32cube.ide.mcu.externaltools.gnu-tools-for-stm32.9-2020-q2-update.linux64_2.0.0.202105311346/tools/bin/../lib/gcc/arm-none-eabi/9.3.1/thumb/v7e-m+fp/hard/libgcc.a(_aeabi_uldivmod.o)
 .ARM.attributes
                0x0000000000000999       0x34 /opt/st/stm32cubeide_1.7.0/plugins/com.st.stm32cube.ide.mcu.externaltools.gnu-tools-for-stm32.9-2020-q2-update.linux64_2.0.0.202105311346/tools/bin/../lib/gcc/arm-none-eabi/9.3.1/thumb/v7e-m+fp/hard/libgcc.a(_udivmoddi4.o)
 .ARM.attributes
                0x00000000000009cd       0x1e /opt/st/stm32cubeide_1.7.0/plugins/com.st.stm32cube.ide.mcu.externaltools.gnu-tools-for-stm32.9-2020-q2-update.linux64_2.0.0.202105311346/tools/bin/../lib/gcc/arm-none-eabi/9.3.1/thumb/v7e-m+fp/hard/libgcc.a(_dvmd_tls.o)
 .ARM.attributes
                0x00000000000009eb       0x1e /opt/st/stm32cubeide_1.7.0/plugins/com.st.stm32cube.ide.mcu.externaltools.gnu-tools-for-stm32.9-2020-q2-update.linux64_2.0.0.202105311346/tools/bin/../lib/gcc/arm-none-eabi/9.3.1/thumb/v7e-m+fp/hard/crtn.o
OUTPUT(ClimbingWheelchair.elf elf32-littlearm)
LOAD linker stubs
LOAD /opt/st/stm32cubeide_1.7.0/plugins/com.st.stm32cube.ide.mcu.externaltools.gnu-tools-for-stm32.9-2020-q2-update.linux64_2.0.0.202105311346/tools/bin/../lib/gcc/arm-none-eabi/9.3.1/../../../../arm-none-eabi/lib/thumb/v7e-m+fp/hard/libc.a
LOAD /opt/st/stm32cubeide_1.7.0/plugins/com.st.stm32cube.ide.mcu.externaltools.gnu-tools-for-stm32.9-2020-q2-update.linux64_2.0.0.202105311346/tools/bin/../lib/gcc/arm-none-eabi/9.3.1/../../../../arm-none-eabi/lib/thumb/v7e-m+fp/hard/libm.a
LOAD /opt/st/stm32cubeide_1.7.0/plugins/com.st.stm32cube.ide.mcu.externaltools.gnu-tools-for-stm32.9-2020-q2-update.linux64_2.0.0.202105311346/tools/bin/../lib/gcc/arm-none-eabi/9.3.1/thumb/v7e-m+fp/hard/libgcc.a

.debug_info     0x0000000000000000    0x1bf37
 .debug_info    0x0000000000000000      0x50b ./Core/Src/PID.o
 .debug_info    0x000000000000050b     0x11b9 ./Core/Src/X2_6010S.o
 .debug_info    0x00000000000016c4      0x7e3 ./Core/Src/adc.o
 .debug_info    0x0000000000001ea7     0x137a ./Core/Src/bd25l.o
 .debug_info    0x0000000000003221      0x307 ./Core/Src/button.o
 .debug_info    0x0000000000003528      0xc50 ./Core/Src/can.o
 .debug_info    0x0000000000004178      0x5ee ./Core/Src/dma.o
 .debug_info    0x0000000000004766      0x97b ./Core/Src/encoder.o
 .debug_info    0x00000000000050e1      0x7c3 ./Core/Src/gpio.o
 .debug_info    0x00000000000058a4      0xaa7 ./Core/Src/i2c.o
 .debug_info    0x000000000000634b     0x31d8 ./Core/Src/main.o
 .debug_info    0x0000000000009523      0xa76 ./Core/Src/spi.o
 .debug_info    0x0000000000009f99      0x3b0 ./Core/Src/stm32f4xx_hal_msp.o
 .debug_info    0x000000000000a349      0x8e1 ./Core/Src/stm32f4xx_it.o
 .debug_info    0x000000000000ac2a      0x5c0 ./Core/Src/system_stm32f4xx.o
 .debug_info    0x000000000000b1ea      0xe3c ./Core/Src/tim.o
 .debug_info    0x000000000000c026      0xa14 ./Core/Src/usart.o
 .debug_info    0x000000000000ca3a     0x15aa ./Core/Src/wheelchair.o
 .debug_info    0x000000000000dfe4       0x22 ./Core/Startup/startup_stm32f429vitx.o
 .debug_info    0x000000000000e006      0xa2a ./Drivers/STM32F4xx_HAL_Driver/Src/stm32f4xx_hal.o
 .debug_info    0x000000000000ea30     0x1091 ./Drivers/STM32F4xx_HAL_Driver/Src/stm32f4xx_hal_can.o
 .debug_info    0x000000000000fac1      0xf0d ./Drivers/STM32F4xx_HAL_Driver/Src/stm32f4xx_hal_cortex.o
 .debug_info    0x00000000000109ce      0x9f1 ./Drivers/STM32F4xx_HAL_Driver/Src/stm32f4xx_hal_dma.o
 .debug_info    0x00000000000113bf      0x84a ./Drivers/STM32F4xx_HAL_Driver/Src/stm32f4xx_hal_gpio.o
 .debug_info    0x0000000000011c09     0x2641 ./Drivers/STM32F4xx_HAL_Driver/Src/stm32f4xx_hal_i2c.o
 .debug_info    0x000000000001424a      0x78a ./Drivers/STM32F4xx_HAL_Driver/Src/stm32f4xx_hal_i2c_ex.o
 .debug_info    0x00000000000149d4      0x7ae ./Drivers/STM32F4xx_HAL_Driver/Src/stm32f4xx_hal_pwr_ex.o
 .debug_info    0x0000000000015182      0x9b2 ./Drivers/STM32F4xx_HAL_Driver/Src/stm32f4xx_hal_rcc.o
 .debug_info    0x0000000000015b34     0x1780 ./Drivers/STM32F4xx_HAL_Driver/Src/stm32f4xx_hal_spi.o
 .debug_info    0x00000000000172b4     0x26cd ./Drivers/STM32F4xx_HAL_Driver/Src/stm32f4xx_hal_tim.o
 .debug_info    0x0000000000019981     0x125f ./Drivers/STM32F4xx_HAL_Driver/Src/stm32f4xx_hal_tim_ex.o
 .debug_info    0x000000000001abe0     0x1357 ./Drivers/STM32F4xx_HAL_Driver/Src/stm32f4xx_hal_uart.o

.debug_abbrev   0x0000000000000000     0x3ea0
 .debug_abbrev  0x0000000000000000      0x1ae ./Core/Src/PID.o
 .debug_abbrev  0x00000000000001ae      0x231 ./Core/Src/X2_6010S.o
 .debug_abbrev  0x00000000000003df      0x1b2 ./Core/Src/adc.o
 .debug_abbrev  0x0000000000000591      0x273 ./Core/Src/bd25l.o
 .debug_abbrev  0x0000000000000804      0x136 ./Core/Src/button.o
 .debug_abbrev  0x000000000000093a      0x1de ./Core/Src/can.o
 .debug_abbrev  0x0000000000000b18      0x11b ./Core/Src/dma.o
 .debug_abbrev  0x0000000000000c33      0x1f0 ./Core/Src/encoder.o
 .debug_abbrev  0x0000000000000e23      0x157 ./Core/Src/gpio.o
 .debug_abbrev  0x0000000000000f7a      0x1bb ./Core/Src/i2c.o
 .debug_abbrev  0x0000000000001135      0x363 ./Core/Src/main.o
 .debug_abbrev  0x0000000000001498      0x1bb ./Core/Src/spi.o
 .debug_abbrev  0x0000000000001653      0x11d ./Core/Src/stm32f4xx_hal_msp.o
 .debug_abbrev  0x0000000000001770      0x1a5 ./Core/Src/stm32f4xx_it.o
 .debug_abbrev  0x0000000000001915      0x145 ./Core/Src/system_stm32f4xx.o
 .debug_abbrev  0x0000000000001a5a      0x244 ./Core/Src/tim.o
 .debug_abbrev  0x0000000000001c9e      0x1ce ./Core/Src/usart.o
 .debug_abbrev  0x0000000000001e6c      0x285 ./Core/Src/wheelchair.o
 .debug_abbrev  0x00000000000020f1       0x12 ./Core/Startup/startup_stm32f429vitx.o
 .debug_abbrev  0x0000000000002103      0x1ed ./Drivers/STM32F4xx_HAL_Driver/Src/stm32f4xx_hal.o
 .debug_abbrev  0x00000000000022f0      0x246 ./Drivers/STM32F4xx_HAL_Driver/Src/stm32f4xx_hal_can.o
 .debug_abbrev  0x0000000000002536      0x33c ./Drivers/STM32F4xx_HAL_Driver/Src/stm32f4xx_hal_cortex.o
 .debug_abbrev  0x0000000000002872      0x259 ./Drivers/STM32F4xx_HAL_Driver/Src/stm32f4xx_hal_dma.o
 .debug_abbrev  0x0000000000002acb      0x1f1 ./Drivers/STM32F4xx_HAL_Driver/Src/stm32f4xx_hal_gpio.o
 .debug_abbrev  0x0000000000002cbc      0x282 ./Drivers/STM32F4xx_HAL_Driver/Src/stm32f4xx_hal_i2c.o
 .debug_abbrev  0x0000000000002f3e      0x18b ./Drivers/STM32F4xx_HAL_Driver/Src/stm32f4xx_hal_i2c_ex.o
 .debug_abbrev  0x00000000000030c9      0x1da ./Drivers/STM32F4xx_HAL_Driver/Src/stm32f4xx_hal_pwr_ex.o
 .debug_abbrev  0x00000000000032a3      0x275 ./Drivers/STM32F4xx_HAL_Driver/Src/stm32f4xx_hal_rcc.o
 .debug_abbrev  0x0000000000003518      0x26e ./Drivers/STM32F4xx_HAL_Driver/Src/stm32f4xx_hal_spi.o
 .debug_abbrev  0x0000000000003786      0x25e ./Drivers/STM32F4xx_HAL_Driver/Src/stm32f4xx_hal_tim.o
 .debug_abbrev  0x00000000000039e4      0x24c ./Drivers/STM32F4xx_HAL_Driver/Src/stm32f4xx_hal_tim_ex.o
 .debug_abbrev  0x0000000000003c30      0x270 ./Drivers/STM32F4xx_HAL_Driver/Src/stm32f4xx_hal_uart.o

.debug_aranges  0x0000000000000000     0x14f8
 .debug_aranges
                0x0000000000000000       0x60 ./Core/Src/PID.o
 .debug_aranges
                0x0000000000000060       0x28 ./Core/Src/X2_6010S.o
 .debug_aranges
                0x0000000000000088       0x30 ./Core/Src/adc.o
 .debug_aranges
                0x00000000000000b8       0x68 ./Core/Src/bd25l.o
 .debug_aranges
                0x0000000000000120       0x20 ./Core/Src/button.o
 .debug_aranges
                0x0000000000000140       0x30 ./Core/Src/can.o
 .debug_aranges
                0x0000000000000170       0x20 ./Core/Src/dma.o
 .debug_aranges
                0x0000000000000190       0x58 ./Core/Src/encoder.o
 .debug_aranges
                0x00000000000001e8       0x20 ./Core/Src/gpio.o
 .debug_aranges
                0x0000000000000208       0x30 ./Core/Src/i2c.o
 .debug_aranges
                0x0000000000000238       0x68 ./Core/Src/main.o
 .debug_aranges
                0x00000000000002a0       0x30 ./Core/Src/spi.o
 .debug_aranges
                0x00000000000002d0       0x20 ./Core/Src/stm32f4xx_hal_msp.o
 .debug_aranges
                0x00000000000002f0       0x78 ./Core/Src/stm32f4xx_it.o
 .debug_aranges
                0x0000000000000368       0x28 ./Core/Src/system_stm32f4xx.o
 .debug_aranges
                0x0000000000000390       0x50 ./Core/Src/tim.o
 .debug_aranges
                0x00000000000003e0       0x30 ./Core/Src/usart.o
 .debug_aranges
                0x0000000000000410       0x40 ./Core/Src/wheelchair.o
 .debug_aranges
                0x0000000000000450       0x28 ./Core/Startup/startup_stm32f429vitx.o
 .debug_aranges
                0x0000000000000478      0x100 ./Drivers/STM32F4xx_HAL_Driver/Src/stm32f4xx_hal.o
 .debug_aranges
                0x0000000000000578      0x138 ./Drivers/STM32F4xx_HAL_Driver/Src/stm32f4xx_hal_can.o
 .debug_aranges
                0x00000000000006b0      0x118 ./Drivers/STM32F4xx_HAL_Driver/Src/stm32f4xx_hal_cortex.o
 .debug_aranges
                0x00000000000007c8       0x90 ./Drivers/STM32F4xx_HAL_Driver/Src/stm32f4xx_hal_dma.o
 .debug_aranges
                0x0000000000000858       0x58 ./Drivers/STM32F4xx_HAL_Driver/Src/stm32f4xx_hal_gpio.o
 .debug_aranges
                0x00000000000008b0      0x2a0 ./Drivers/STM32F4xx_HAL_Driver/Src/stm32f4xx_hal_i2c.o
 .debug_aranges
                0x0000000000000b50       0x28 ./Drivers/STM32F4xx_HAL_Driver/Src/stm32f4xx_hal_i2c_ex.o
 .debug_aranges
                0x0000000000000b78       0x60 ./Drivers/STM32F4xx_HAL_Driver/Src/stm32f4xx_hal_pwr_ex.o
 .debug_aranges
                0x0000000000000bd8       0x88 ./Drivers/STM32F4xx_HAL_Driver/Src/stm32f4xx_hal_rcc.o
 .debug_aranges
                0x0000000000000c60      0x1d0 ./Drivers/STM32F4xx_HAL_Driver/Src/stm32f4xx_hal_spi.o
 .debug_aranges
                0x0000000000000e30      0x3a8 ./Drivers/STM32F4xx_HAL_Driver/Src/stm32f4xx_hal_tim.o
 .debug_aranges
                0x00000000000011d8      0x150 ./Drivers/STM32F4xx_HAL_Driver/Src/stm32f4xx_hal_tim_ex.o
 .debug_aranges
                0x0000000000001328      0x1d0 ./Drivers/STM32F4xx_HAL_Driver/Src/stm32f4xx_hal_uart.o

.debug_ranges   0x0000000000000000     0x1328
 .debug_ranges  0x0000000000000000       0x50 ./Core/Src/PID.o
 .debug_ranges  0x0000000000000050       0x18 ./Core/Src/X2_6010S.o
 .debug_ranges  0x0000000000000068       0x20 ./Core/Src/adc.o
 .debug_ranges  0x0000000000000088       0x58 ./Core/Src/bd25l.o
 .debug_ranges  0x00000000000000e0       0x10 ./Core/Src/button.o
 .debug_ranges  0x00000000000000f0       0x20 ./Core/Src/can.o
 .debug_ranges  0x0000000000000110       0x10 ./Core/Src/dma.o
 .debug_ranges  0x0000000000000120       0x48 ./Core/Src/encoder.o
 .debug_ranges  0x0000000000000168       0x10 ./Core/Src/gpio.o
 .debug_ranges  0x0000000000000178       0x20 ./Core/Src/i2c.o
 .debug_ranges  0x0000000000000198       0x58 ./Core/Src/main.o
 .debug_ranges  0x00000000000001f0       0x20 ./Core/Src/spi.o
 .debug_ranges  0x0000000000000210       0x10 ./Core/Src/stm32f4xx_hal_msp.o
 .debug_ranges  0x0000000000000220       0x68 ./Core/Src/stm32f4xx_it.o
 .debug_ranges  0x0000000000000288       0x18 ./Core/Src/system_stm32f4xx.o
 .debug_ranges  0x00000000000002a0       0x40 ./Core/Src/tim.o
 .debug_ranges  0x00000000000002e0       0x20 ./Core/Src/usart.o
 .debug_ranges  0x0000000000000300       0x30 ./Core/Src/wheelchair.o
 .debug_ranges  0x0000000000000330       0x20 ./Core/Startup/startup_stm32f429vitx.o
 .debug_ranges  0x0000000000000350       0xf0 ./Drivers/STM32F4xx_HAL_Driver/Src/stm32f4xx_hal.o
 .debug_ranges  0x0000000000000440      0x128 ./Drivers/STM32F4xx_HAL_Driver/Src/stm32f4xx_hal_can.o
 .debug_ranges  0x0000000000000568      0x108 ./Drivers/STM32F4xx_HAL_Driver/Src/stm32f4xx_hal_cortex.o
 .debug_ranges  0x0000000000000670       0x80 ./Drivers/STM32F4xx_HAL_Driver/Src/stm32f4xx_hal_dma.o
 .debug_ranges  0x00000000000006f0       0x48 ./Drivers/STM32F4xx_HAL_Driver/Src/stm32f4xx_hal_gpio.o
 .debug_ranges  0x0000000000000738      0x2b8 ./Drivers/STM32F4xx_HAL_Driver/Src/stm32f4xx_hal_i2c.o
 .debug_ranges  0x00000000000009f0       0x18 ./Drivers/STM32F4xx_HAL_Driver/Src/stm32f4xx_hal_i2c_ex.o
 .debug_ranges  0x0000000000000a08       0x50 ./Drivers/STM32F4xx_HAL_Driver/Src/stm32f4xx_hal_pwr_ex.o
 .debug_ranges  0x0000000000000a58       0x78 ./Drivers/STM32F4xx_HAL_Driver/Src/stm32f4xx_hal_rcc.o
 .debug_ranges  0x0000000000000ad0      0x1c0 ./Drivers/STM32F4xx_HAL_Driver/Src/stm32f4xx_hal_spi.o
 .debug_ranges  0x0000000000000c90      0x398 ./Drivers/STM32F4xx_HAL_Driver/Src/stm32f4xx_hal_tim.o
 .debug_ranges  0x0000000000001028      0x140 ./Drivers/STM32F4xx_HAL_Driver/Src/stm32f4xx_hal_tim_ex.o
 .debug_ranges  0x0000000000001168      0x1c0 ./Drivers/STM32F4xx_HAL_Driver/Src/stm32f4xx_hal_uart.o

.debug_macro    0x0000000000000000    0x27316
 .debug_macro   0x0000000000000000      0x217 ./Core/Src/PID.o
 .debug_macro   0x0000000000000217      0xaa8 ./Core/Src/PID.o
 .debug_macro   0x0000000000000cbf       0x2e ./Core/Src/PID.o
 .debug_macro   0x0000000000000ced       0x28 ./Core/Src/PID.o
 .debug_macro   0x0000000000000d15       0x22 ./Core/Src/PID.o
 .debug_macro   0x0000000000000d37       0x8e ./Core/Src/PID.o
 .debug_macro   0x0000000000000dc5       0x51 ./Core/Src/PID.o
 .debug_macro   0x0000000000000e16      0x103 ./Core/Src/PID.o
 .debug_macro   0x0000000000000f19       0x6a ./Core/Src/PID.o
 .debug_macro   0x0000000000000f83      0x1df ./Core/Src/PID.o
 .debug_macro   0x0000000000001162       0x1c ./Core/Src/PID.o
 .debug_macro   0x000000000000117e       0x22 ./Core/Src/PID.o
 .debug_macro   0x00000000000011a0       0xdf ./Core/Src/PID.o
 .debug_macro   0x000000000000127f     0x102d ./Core/Src/PID.o
 .debug_macro   0x00000000000022ac      0x11f ./Core/Src/PID.o
 .debug_macro   0x00000000000023cb    0x17f69 ./Core/Src/PID.o
 .debug_macro   0x000000000001a334       0x43 ./Core/Src/PID.o
 .debug_macro   0x000000000001a377      0x2a6 ./Core/Src/PID.o
 .debug_macro   0x000000000001a61d     0x36c9 ./Core/Src/PID.o
 .debug_macro   0x000000000001dce6      0x174 ./Core/Src/PID.o
 .debug_macro   0x000000000001de5a       0x5a ./Core/Src/PID.o
 .debug_macro   0x000000000001deb4      0xca5 ./Core/Src/PID.o
 .debug_macro   0x000000000001eb59      0x9fe ./Core/Src/PID.o
 .debug_macro   0x000000000001f557      0x117 ./Core/Src/PID.o
 .debug_macro   0x000000000001f66e      0x157 ./Core/Src/PID.o
 .debug_macro   0x000000000001f7c5       0x27 ./Core/Src/PID.o
 .debug_macro   0x000000000001f7ec      0x182 ./Core/Src/PID.o
 .debug_macro   0x000000000001f96e      0x287 ./Core/Src/PID.o
 .debug_macro   0x000000000001fbf5       0x5f ./Core/Src/PID.o
 .debug_macro   0x000000000001fc54      0x236 ./Core/Src/PID.o
 .debug_macro   0x000000000001fe8a      0x40f ./Core/Src/PID.o
 .debug_macro   0x0000000000020299      0x132 ./Core/Src/PID.o
 .debug_macro   0x00000000000203cb      0x41d ./Core/Src/PID.o
 .debug_macro   0x00000000000207e8       0x2e ./Core/Src/PID.o
 .debug_macro   0x0000000000020816      0x1b5 ./Core/Src/PID.o
 .debug_macro   0x00000000000209cb       0x22 ./Core/Src/PID.o
 .debug_macro   0x00000000000209ed       0xd6 ./Core/Src/PID.o
 .debug_macro   0x0000000000020ac3      0x11a ./Core/Src/PID.o
 .debug_macro   0x0000000000020bdd       0xe2 ./Core/Src/PID.o
 .debug_macro   0x0000000000020cbf       0x89 ./Core/Src/PID.o
 .debug_macro   0x0000000000020d48      0x225 ./Core/Src/PID.o
 .debug_macro   0x0000000000020f6d      0x8a0 ./Core/Src/PID.o
 .debug_macro   0x000000000002180d       0x47 ./Core/Src/PID.o
 .debug_macro   0x0000000000021854      0x287 ./Core/Src/PID.o
 .debug_macro   0x0000000000021adb      0x134 ./Core/Src/PID.o
 .debug_macro   0x0000000000021c0f       0x22 ./Core/Src/PID.o
 .debug_macro   0x0000000000021c31      0x2d0 ./Core/Src/PID.o
 .debug_macro   0x0000000000021f01      0x2b8 ./Core/Src/X2_6010S.o
 .debug_macro   0x00000000000221b9       0x52 ./Core/Src/X2_6010S.o
 .debug_macro   0x000000000002220b       0x52 ./Core/Src/X2_6010S.o
 .debug_macro   0x000000000002225d       0x18 ./Core/Src/X2_6010S.o
 .debug_macro   0x0000000000022275       0x3c ./Core/Src/X2_6010S.o
 .debug_macro   0x00000000000222b1       0x34 ./Core/Src/X2_6010S.o
 .debug_macro   0x00000000000222e5       0x16 ./Core/Src/X2_6010S.o
 .debug_macro   0x00000000000222fb       0x43 ./Core/Src/X2_6010S.o
 .debug_macro   0x000000000002233e       0x34 ./Core/Src/X2_6010S.o
 .debug_macro   0x0000000000022372       0x10 ./Core/Src/X2_6010S.o
 .debug_macro   0x0000000000022382       0x58 ./Core/Src/X2_6010S.o
 .debug_macro   0x00000000000223da       0x71 ./Core/Src/X2_6010S.o
 .debug_macro   0x000000000002244b       0x1c ./Core/Src/X2_6010S.o
 .debug_macro   0x0000000000022467      0x12a ./Core/Src/X2_6010S.o
 .debug_macro   0x0000000000022591      0x333 ./Core/Src/X2_6010S.o
 .debug_macro   0x00000000000228c4      0x1a9 ./Core/Src/X2_6010S.o
 .debug_macro   0x0000000000022a6d      0x20d ./Core/Src/adc.o
 .debug_macro   0x0000000000022c7a       0xbe ./Core/Src/adc.o
 .debug_macro   0x0000000000022d38      0x2cd ./Core/Src/bd25l.o
 .debug_macro   0x0000000000023005      0x205 ./Core/Src/button.o
 .debug_macro   0x000000000002320a      0x214 ./Core/Src/can.o
 .debug_macro   0x000000000002341e      0x2ca ./Core/Src/can.o
 .debug_macro   0x00000000000236e8      0x214 ./Core/Src/dma.o
 .debug_macro   0x00000000000238fc      0x217 ./Core/Src/encoder.o
 .debug_macro   0x0000000000023b13       0x16 ./Core/Src/encoder.o
 .debug_macro   0x0000000000023b29      0x214 ./Core/Src/gpio.o
 .debug_macro   0x0000000000023d3d      0x214 ./Core/Src/i2c.o
 .debug_macro   0x0000000000023f51      0x4ac ./Core/Src/main.o
 .debug_macro   0x00000000000243fd       0x1c ./Core/Src/main.o
 .debug_macro   0x0000000000024419       0x35 ./Core/Src/main.o
 .debug_macro   0x000000000002444e       0x10 ./Core/Src/main.o
 .debug_macro   0x000000000002445e       0x10 ./Core/Src/main.o
 .debug_macro   0x000000000002446e       0x1c ./Core/Src/main.o
 .debug_macro   0x000000000002448a       0x52 ./Core/Src/main.o
 .debug_macro   0x00000000000244dc       0x22 ./Core/Src/main.o
 .debug_macro   0x00000000000244fe       0x10 ./Core/Src/main.o
 .debug_macro   0x000000000002450e       0x40 ./Core/Src/main.o
 .debug_macro   0x000000000002454e       0xd5 ./Core/Src/main.o
 .debug_macro   0x0000000000024623       0x1c ./Core/Src/main.o
 .debug_macro   0x000000000002463f       0x3d ./Core/Src/main.o
 .debug_macro   0x000000000002467c       0x16 ./Core/Src/main.o
 .debug_macro   0x0000000000024692      0x145 ./Core/Src/main.o
 .debug_macro   0x00000000000247d7       0x16 ./Core/Src/main.o
 .debug_macro   0x00000000000247ed       0x16 ./Core/Src/main.o
 .debug_macro   0x0000000000024803       0x29 ./Core/Src/main.o
 .debug_macro   0x000000000002482c       0x16 ./Core/Src/main.o
 .debug_macro   0x0000000000024842       0x20 ./Core/Src/main.o
 .debug_macro   0x0000000000024862       0x4c ./Core/Src/main.o
 .debug_macro   0x00000000000248ae       0x16 ./Core/Src/main.o
 .debug_macro   0x00000000000248c4      0x214 ./Core/Src/spi.o
 .debug_macro   0x0000000000024ad8      0x20a ./Core/Src/stm32f4xx_hal_msp.o
 .debug_macro   0x0000000000024ce2      0x214 ./Core/Src/stm32f4xx_it.o
 .debug_macro   0x0000000000024ef6      0x201 ./Core/Src/system_stm32f4xx.o
 .debug_macro   0x00000000000250f7      0x214 ./Core/Src/tim.o
 .debug_macro   0x000000000002530b      0x214 ./Core/Src/usart.o
 .debug_macro   0x000000000002551f      0x300 ./Core/Src/wheelchair.o