Archive member included to satisfy reference by file (symbol)

/opt/st/stm32cubeide_1.7.0/plugins/com.st.stm32cube.ide.mcu.externaltools.gnu-tools-for-stm32.9-2020-q2-update.linux64_2.0.0.202105311346/tools/bin/../lib/gcc/arm-none-eabi/9.3.1/../../../../arm-none-eabi/lib/thumb/v7e-m+fp/hard/libc_nano.a(lib_a-errno.o)
                              ./Core/Src/syscalls.o (__errno)
/opt/st/stm32cubeide_1.7.0/plugins/com.st.stm32cube.ide.mcu.externaltools.gnu-tools-for-stm32.9-2020-q2-update.linux64_2.0.0.202105311346/tools/bin/../lib/gcc/arm-none-eabi/9.3.1/../../../../arm-none-eabi/lib/thumb/v7e-m+fp/hard/libc_nano.a(lib_a-exit.o)
                              /opt/st/stm32cubeide_1.7.0/plugins/com.st.stm32cube.ide.mcu.externaltools.gnu-tools-for-stm32.9-2020-q2-update.linux64_2.0.0.202105311346/tools/bin/../lib/gcc/arm-none-eabi/9.3.1/../../../../arm-none-eabi/lib/thumb/v7e-m+fp/hard/crt0.o (exit)
/opt/st/stm32cubeide_1.7.0/plugins/com.st.stm32cube.ide.mcu.externaltools.gnu-tools-for-stm32.9-2020-q2-update.linux64_2.0.0.202105311346/tools/bin/../lib/gcc/arm-none-eabi/9.3.1/../../../../arm-none-eabi/lib/thumb/v7e-m+fp/hard/libc_nano.a(lib_a-impure.o)
                              /opt/st/stm32cubeide_1.7.0/plugins/com.st.stm32cube.ide.mcu.externaltools.gnu-tools-for-stm32.9-2020-q2-update.linux64_2.0.0.202105311346/tools/bin/../lib/gcc/arm-none-eabi/9.3.1/../../../../arm-none-eabi/lib/thumb/v7e-m+fp/hard/libc_nano.a(lib_a-exit.o) (_global_impure_ptr)
/opt/st/stm32cubeide_1.7.0/plugins/com.st.stm32cube.ide.mcu.externaltools.gnu-tools-for-stm32.9-2020-q2-update.linux64_2.0.0.202105311346/tools/bin/../lib/gcc/arm-none-eabi/9.3.1/../../../../arm-none-eabi/lib/thumb/v7e-m+fp/hard/libc_nano.a(lib_a-init.o)
                              /opt/st/stm32cubeide_1.7.0/plugins/com.st.stm32cube.ide.mcu.externaltools.gnu-tools-for-stm32.9-2020-q2-update.linux64_2.0.0.202105311346/tools/bin/../lib/gcc/arm-none-eabi/9.3.1/../../../../arm-none-eabi/lib/thumb/v7e-m+fp/hard/crt0.o (__libc_init_array)
/opt/st/stm32cubeide_1.7.0/plugins/com.st.stm32cube.ide.mcu.externaltools.gnu-tools-for-stm32.9-2020-q2-update.linux64_2.0.0.202105311346/tools/bin/../lib/gcc/arm-none-eabi/9.3.1/../../../../arm-none-eabi/lib/thumb/v7e-m+fp/hard/libc_nano.a(lib_a-memset.o)
                              /opt/st/stm32cubeide_1.7.0/plugins/com.st.stm32cube.ide.mcu.externaltools.gnu-tools-for-stm32.9-2020-q2-update.linux64_2.0.0.202105311346/tools/bin/../lib/gcc/arm-none-eabi/9.3.1/../../../../arm-none-eabi/lib/thumb/v7e-m+fp/hard/crt0.o (memset)
/opt/st/stm32cubeide_1.7.0/plugins/com.st.stm32cube.ide.mcu.externaltools.gnu-tools-for-stm32.9-2020-q2-update.linux64_2.0.0.202105311346/tools/bin/../lib/gcc/arm-none-eabi/9.3.1/../../../../arm-none-eabi/lib/thumb/v7e-m+fp/hard/libm.a(lib_a-s_atan.o)
                              ./Core/Src/mpu6050.o (atan)
/opt/st/stm32cubeide_1.7.0/plugins/com.st.stm32cube.ide.mcu.externaltools.gnu-tools-for-stm32.9-2020-q2-update.linux64_2.0.0.202105311346/tools/bin/../lib/gcc/arm-none-eabi/9.3.1/../../../../arm-none-eabi/lib/thumb/v7e-m+fp/hard/libm.a(lib_a-s_cos.o)
                              ./Core/Src/main.o (cos)
/opt/st/stm32cubeide_1.7.0/plugins/com.st.stm32cube.ide.mcu.externaltools.gnu-tools-for-stm32.9-2020-q2-update.linux64_2.0.0.202105311346/tools/bin/../lib/gcc/arm-none-eabi/9.3.1/../../../../arm-none-eabi/lib/thumb/v7e-m+fp/hard/libm.a(lib_a-s_fabs.o)
                              /opt/st/stm32cubeide_1.7.0/plugins/com.st.stm32cube.ide.mcu.externaltools.gnu-tools-for-stm32.9-2020-q2-update.linux64_2.0.0.202105311346/tools/bin/../lib/gcc/arm-none-eabi/9.3.1/../../../../arm-none-eabi/lib/thumb/v7e-m+fp/hard/libm.a(lib_a-s_atan.o) (fabs)
/opt/st/stm32cubeide_1.7.0/plugins/com.st.stm32cube.ide.mcu.externaltools.gnu-tools-for-stm32.9-2020-q2-update.linux64_2.0.0.202105311346/tools/bin/../lib/gcc/arm-none-eabi/9.3.1/../../../../arm-none-eabi/lib/thumb/v7e-m+fp/hard/libm.a(lib_a-s_sin.o)
                              ./Core/Src/main.o (sin)
/opt/st/stm32cubeide_1.7.0/plugins/com.st.stm32cube.ide.mcu.externaltools.gnu-tools-for-stm32.9-2020-q2-update.linux64_2.0.0.202105311346/tools/bin/../lib/gcc/arm-none-eabi/9.3.1/../../../../arm-none-eabi/lib/thumb/v7e-m+fp/hard/libm.a(lib_a-w_acos.o)
                              ./Core/Src/main.o (acos)
/opt/st/stm32cubeide_1.7.0/plugins/com.st.stm32cube.ide.mcu.externaltools.gnu-tools-for-stm32.9-2020-q2-update.linux64_2.0.0.202105311346/tools/bin/../lib/gcc/arm-none-eabi/9.3.1/../../../../arm-none-eabi/lib/thumb/v7e-m+fp/hard/libm.a(lib_a-w_atan2.o)
                              ./Core/Src/mpu6050.o (atan2)
/opt/st/stm32cubeide_1.7.0/plugins/com.st.stm32cube.ide.mcu.externaltools.gnu-tools-for-stm32.9-2020-q2-update.linux64_2.0.0.202105311346/tools/bin/../lib/gcc/arm-none-eabi/9.3.1/../../../../arm-none-eabi/lib/thumb/v7e-m+fp/hard/libm.a(lib_a-w_pow.o)
                              ./Core/Src/wheelchair.o (pow)
[...]
Memory Configuration

Name             Origin             Length             Attributes
CCMRAM           0x0000000010000000 0x0000000000010000 xrw
RAM              0x0000000020000000 0x0000000000030000 xrw
FLASH            0x0000000008000000 0x0000000000200000 xr
*default*        0x0000000000000000 0xffffffffffffffff

Linker script and memory map

LOAD /opt/st/stm32cubeide_1.7.0/plugins/com.st.stm32cube.ide.mcu.externaltools.gnu-tools-for-stm32.9-2020-q2-update.linux64_2.0.0.202105311346/tools/bin/../lib/gcc/arm-none-eabi/9.3.1/thumb/v7e-m+fp/hard/crti.o
LOAD /opt/st/stm32cubeide_1.7.0/plugins/com.st.stm32cube.ide.mcu.externaltools.gnu-tools-for-stm32.9-2020-q2-update.linux64_2.0.0.202105311346/tools/bin/../lib/gcc/arm-none-eabi/9.3.1/thumb/v7e-m+fp/hard/crtbegin.o
LOAD /opt/st/stm32cubeide_1.7.0/plugins/com.st.stm32cube.ide.mcu.externaltools.gnu-tools-for-stm32.9-2020-q2-update.linux64_2.0.0.202105311346/tools/bin/../lib/gcc/arm-none-eabi/9.3.1/../../../../arm-none-eabi/lib/thumb/v7e-m+fp/hard/crt0.o
LOAD ./Core/Src/PID.o
LOAD ./Core/Src/X2_6010S.o
LOAD ./Core/Src/adc.o
LOAD ./Core/Src/bd25l.o
LOAD ./Core/Src/button.o
LOAD ./Core/Src/can.o
LOAD ./Core/Src/dma.o
LOAD ./Core/Src/dwt_delay.o
LOAD ./Core/Src/encoder.o
LOAD ./Core/Src/gpio.o
LOAD ./Core/Src/i2c.o
LOAD ./Core/Src/main.o
LOAD ./Core/Src/mpu6050.o
LOAD ./Core/Src/spi.o
LOAD ./Core/Src/stm32f4xx_hal_msp.o
LOAD ./Core/Src/stm32f4xx_it.o
LOAD ./Core/Src/syscalls.o
LOAD ./Core/Src/sysmem.o
LOAD ./Core/Src/system_stm32f4xx.o
LOAD ./Core/Src/tim.o
LOAD ./Core/Src/usart.o
LOAD ./Core/Src/wheelchair.o
LOAD ./Core/Startup/startup_stm32f429vitx.o
LOAD ./Drivers/STM32F4xx_HAL_Driver/Src/stm32f4xx_hal.o
LOAD ./Drivers/STM32F4xx_HAL_Driver/Src/stm32f4xx_hal_can.o
LOAD ./Drivers/STM32F4xx_HAL_Driver/Src/stm32f4xx_hal_cortex.o
LOAD ./Drivers/STM32F4xx_HAL_Driver/Src/stm32f4xx_hal_dma.o
LOAD ./Drivers/STM32F4xx_HAL_Driver/Src/stm32f4xx_hal_dma_ex.o
LOAD ./Drivers/STM32F4xx_HAL_Driver/Src/stm32f4xx_hal_exti.o
LOAD ./Drivers/STM32F4xx_HAL_Driver/Src/stm32f4xx_hal_flash.o
LOAD ./Drivers/STM32F4xx_HAL_Driver/Src/stm32f4xx_hal_flash_ex.o
LOAD ./Drivers/STM32F4xx_HAL_Driver/Src/stm32f4xx_hal_flash_ramfunc.o
LOAD ./Drivers/STM32F4xx_HAL_Driver/Src/stm32f4xx_hal_gpio.o
LOAD ./Drivers/STM32F4xx_HAL_Driver/Src/stm32f4xx_hal_i2c.o
LOAD ./Drivers/STM32F4xx_HAL_Driver/Src/stm32f4xx_hal_i2c_ex.o
LOAD ./Drivers/STM32F4xx_HAL_Driver/Src/stm32f4xx_hal_pwr.o
LOAD ./Drivers/STM32F4xx_HAL_Driver/Src/stm32f4xx_hal_pwr_ex.o
LOAD ./Drivers/STM32F4xx_HAL_Driver/Src/stm32f4xx_hal_rcc.o
LOAD ./Drivers/STM32F4xx_HAL_Driver/Src/stm32f4xx_hal_rcc_ex.o
LOAD ./Drivers/STM32F4xx_HAL_Driver/Src/stm32f4xx_hal_spi.o
LOAD ./Drivers/STM32F4xx_HAL_Driver/Src/stm32f4xx_hal_tim.o
LOAD ./Drivers/STM32F4xx_HAL_Driver/Src/stm32f4xx_hal_tim_ex.o
LOAD ./Drivers/STM32F4xx_HAL_Driver/Src/stm32f4xx_hal_uart.o
START GROUP
LOAD /opt/st/stm32cubeide_1.7.0/plugins/com.st.stm32cube.ide.mcu.externaltools.gnu-tools-for-stm32.9-2020-q2-update.linux64_2.0.0.202105311346/tools/bin/../lib/gcc/arm-none-eabi/9.3.1/../../../../arm-none-eabi/lib/thumb/v7e-m+fp/hard/libc_nano.a
LOAD /opt/st/stm32cubeide_1.7.0/plugins/com.st.stm32cube.ide.mcu.externaltools.gnu-tools-for-stm32.9-2020-q2-update.linux64_2.0.0.202105311346/tools/bin/../lib/gcc/arm-none-eabi/9.3.1/../../../../arm-none-eabi/lib/thumb/v7e-m+fp/hard/libm.a
END GROUP
START GROUP
LOAD /opt/st/stm32cubeide_1.7.0/plugins/com.st.stm32cube.ide.mcu.externaltools.gnu-tools-for-stm32.9-2020-q2-update.linux64_2.0.0.202105311346/tools/bin/../lib/gcc/arm-none-eabi/9.3.1/thumb/v7e-m+fp/hard/libgcc.a
LOAD /opt/st/stm32cubeide_1.7.0/plugins/com.st.stm32cube.ide.mcu.externaltools.gnu-tools-for-stm32.9-2020-q2-update.linux64_2.0.0.202105311346/tools/bin/../lib/gcc/arm-none-eabi/9.3.1/../../../../arm-none-eabi/lib/thumb/v7e-m+fp/hard/libc_nano.a
END GROUP
START GROUP
LOAD /opt/st/stm32cubeide_1.7.0/plugins/com.st.stm32cube.ide.mcu.externaltools.gnu-tools-for-stm32.9-2020-q2-update.linux64_2.0.0.202105311346/tools/bin/../lib/gcc/arm-none-eabi/9.3.1/thumb/v7e-m+fp/hard/libgcc.a
LOAD /opt/st/stm32cubeide_1.7.0/plugins/com.st.stm32cube.ide.mcu.externaltools.gnu-tools-for-stm32.9-2020-q2-update.linux64_2.0.0.202105311346/tools/bin/../lib/gcc/arm-none-eabi/9.3.1/../../../../arm-none-eabi/lib/thumb/v7e-m+fp/hard/libc_nano.a
LOAD /opt/st/stm32cubeide_1.7.0/plugins/com.st.stm32cube.ide.mcu.externaltools.gnu-tools-for-stm32.9-2020-q2-update.linux64_2.0.0.202105311346/tools/bin/../lib/gcc/arm-none-eabi/9.3.1/../../../../arm-none-eabi/lib/thumb/v7e-m+fp/hard/libnosys.a
END GROUP
START GROUP
LOAD /opt/st/stm32cubeide_1.7.0/plugins/com.st.stm32cube.ide.mcu.externaltools.gnu-tools-for-stm32.9-2020-q2-update.linux64_2.0.0.202105311346/tools/bin/../lib/gcc/arm-none-eabi/9.3.1/thumb/v7e-m+fp/hard/libgcc.a
LOAD /opt/st/stm32cubeide_1.7.0/plugins/com.st.stm32cube.ide.mcu.externaltools.gnu-tools-for-stm32.9-2020-q2-update.linux64_2.0.0.202105311346/tools/bin/../lib/gcc/arm-none-eabi/9.3.1/../../../../arm-none-eabi/lib/thumb/v7e-m+fp/hard/libc_nano.a
LOAD /opt/st/stm32cubeide_1.7.0/plugins/com.st.stm32cube.ide.mcu.externaltools.gnu-tools-for-stm32.9-2020-q2-update.linux64_2.0.0.202105311346/tools/bin/../lib/gcc/arm-none-eabi/9.3.1/../../../../arm-none-eabi/lib/thumb/v7e-m+fp/hard/libnosys.a
END GROUP
LOAD /opt/st/stm32cubeide_1.7.0/plugins/com.st.stm32cube.ide.mcu.externaltools.gnu-tools-for-stm32.9-2020-q2-update.linux64_2.0.0.202105311346/tools/bin/../lib/gcc/arm-none-eabi/9.3.1/thumb/v7e-m+fp/hard/crtend.o
LOAD /opt/st/stm32cubeide_1.7.0/plugins/com.st.stm32cube.ide.mcu.externaltools.gnu-tools-for-stm32.9-2020-q2-update.linux64_2.0.0.202105311346/tools/bin/../lib/gcc/arm-none-eabi/9.3.1/thumb/v7e-m+fp/hard/crtn.o
                0x0000000020030000                _estack = (ORIGIN (RAM) + LENGTH (RAM))
                0x0000000000000200                _Min_Heap_Size = 0x200
                0x0000000000000400                _Min_Stack_Size = 0x400

.isr_vector     0x0000000008000000      0x1ac
                0x0000000008000000                . = ALIGN (0x4)
 *(.isr_vector)
 .isr_vector    0x0000000008000000      0x1ac ./Core/Startup/startup_stm32f429vitx.o
                0x0000000008000000                g_pfnVectors
                0x00000000080001ac                . = ALIGN (0x4)

.text           0x00000000080001b0     0xca0c
                0x00000000080001b0                . = ALIGN (0x4)
 *(.text)
 .text          0x00000000080001b0       0x40 /opt/st/stm32cubeide_1.7.0/plugins/com.st.stm32cube.ide.mcu.externaltools.gnu-tools-for-stm32.9-2020-q2-update.linux64_2.0.0.202105311346/tools/bin/../lib/gcc/arm-none-eabi/9.3.1/thumb/v7e-m+fp/hard/crtbegin.o
 .text          0x00000000080001f0      0x378 /opt/st/stm32cubeide_1.7.0/plugins/com.st.stm32cube.ide.mcu.externaltools.gnu-tools-for-stm32.9-2020-q2-update.linux64_2.0.0.202105311346/tools/bin/../lib/gcc/arm-none-eabi/9.3.1/thumb/v7e-m+fp/hard/libgcc.a(_arm_addsubdf3.o)
                0x00000000080001f0                __aeabi_drsub
                0x00000000080001f8                __aeabi_dsub
                0x00000000080001f8                __subdf3
                0x00000000080001fc                __adddf3
                0x00000000080001fc                __aeabi_dadd
                0x0000000008000474                __aeabi_ui2d
                0x0000000008000474                __floatunsidf
                0x0000000008000494                __floatsidf
                0x0000000008000494                __aeabi_i2d
                0x00000000080004b8                __extendsfdf2
                0x00000000080004b8                __aeabi_f2d
                0x00000000080004fc                __aeabi_ul2d
                0x00000000080004fc                __floatundidf
                0x000000000800050c                __floatdidf
                0x000000000800050c                __aeabi_l2d
 .text          0x0000000008000568      0x424 /opt/st/stm32cubeide_1.7.0/plugins/com.st.stm32cube.ide.mcu.externaltools.gnu-tools-for-stm32.9-2020-q2-update.linux64_2.0.0.202105311346/tools/bin/../lib/gcc/arm-none-eabi/9.3.1/thumb/v7e-m+fp/hard/libgcc.a(_arm_muldivdf3.o)
                0x0000000008000568                __aeabi_dmul
                0x0000000008000568                __muldf3
                0x00000000080007bc                __aeabi_ddiv
                0x00000000080007bc                __divdf3
 .text          0x000000000800098c      0x110 /opt/st/stm32cubeide_1.7.0/plugins/com.st.stm32cube.ide.mcu.externaltools.gnu-tools-for-stm32.9-2020-q2-update.linux64_2.0.0.202105311346/tools/bin/../lib/gcc/arm-none-eabi/9.3.1/thumb/v7e-m+fp/hard/libgcc.a(_arm_cmpdf2.o)
                0x000000000800098c                __gtdf2
                0x000000000800098c                __gedf2
                0x0000000008000994                __ltdf2
                0x0000000008000994                __ledf2
                0x000000000800099c                __cmpdf2
                0x000000000800099c                __eqdf2
                0x000000000800099c                __nedf2
                0x0000000008000a18                __aeabi_cdrcmple
                0x0000000008000a28                __aeabi_cdcmple
                0x0000000008000a28                __aeabi_cdcmpeq
                0x0000000008000a38                __aeabi_dcmpeq
                0x0000000008000a4c                __aeabi_dcmplt
                0x0000000008000a60                __aeabi_dcmple
                0x0000000008000a74                __aeabi_dcmpge
                0x0000000008000a88                __aeabi_dcmpgt
 .text          0x0000000008000a9c       0x2c /opt/st/stm32cubeide_1.7.0/plugins/com.st.stm32cube.ide.mcu.externaltools.gnu-tools-for-stm32.9-2020-q2-update.linux64_2.0.0.202105311346/tools/bin/../lib/gcc/arm-none-eabi/9.3.1/thumb/v7e-m+fp/hard/libgcc.a(_arm_unorddf2.o)
                0x0000000008000a9c                __aeabi_dcmpun
                0x0000000008000a9c                __unorddf2
 .text          0x0000000008000ac8       0x50 /opt/st/stm32cubeide_1.7.0/plugins/com.st.stm32cube.ide.mcu.externaltools.gnu-tools-for-stm32.9-2020-q2-update.linux64_2.0.0.202105311346/tools/bin/../lib/gcc/arm-none-eabi/9.3.1/thumb/v7e-m+fp/hard/libgcc.a(_arm_fixdfsi.o)
                0x0000000008000ac8                __fixdfsi
                0x0000000008000ac8                __aeabi_d2iz
 .text          0x0000000008000b18       0x40 /opt/st/stm32cubeide_1.7.0/plugins/com.st.stm32cube.ide.mcu.externaltools.gnu-tools-for-stm32.9-2020-q2-update.linux64_2.0.0.202105311346/tools/bin/../lib/gcc/arm-none-eabi/9.3.1/thumb/v7e-m+fp/hard/libgcc.a(_arm_fixunsdfsi.o)
                0x0000000008000b18                __fixunsdfsi
                0x0000000008000b18                __aeabi_d2uiz
 .text          0x0000000008000b58       0xa0 /opt/st/stm32cubeide_1.7.0/plugins/com.st.stm32cube.ide.mcu.externaltools.gnu-tools-for-stm32.9-2020-q2-update.linux64_2.0.0.202105311346/tools/bin/../lib/gcc/arm-none-eabi/9.3.1/thumb/v7e-m+fp/hard/libgcc.a(_arm_truncdfsf2.o)
                0x0000000008000b58                __aeabi_d2f
                0x0000000008000b58                __truncdfsf2
 .text          0x0000000008000bf8       0x30 /opt/st/stm32cubeide_1.7.0/plugins/com.st.stm32cube.ide.mcu.externaltools.gnu-tools-for-stm32.9-2020-q2-update.linux64_2.0.0.202105311346/tools/bin/../lib/gcc/arm-none-eabi/9.3.1/thumb/v7e-m+fp/hard/libgcc.a(_aeabi_uldivmod.o)
                0x0000000008000bf8                __aeabi_uldivmod
 .text          0x0000000008000c28      0x2c4 /opt/st/stm32cubeide_1.7.0/plugins/com.st.stm32cube.ide.mcu.externaltools.gnu-tools-for-stm32.9-2020-q2-update.linux64_2.0.0.202105311346/tools/bin/../lib/gcc/arm-none-eabi/9.3.1/thumb/v7e-m+fp/hard/libgcc.a(_udivmoddi4.o)
                0x0000000008000c28                __udivmoddi4
 .text          0x0000000008000eec        0x4 /opt/st/stm32cubeide_1.7.0/plugins/com.st.stm32cube.ide.mcu.externaltools.gnu-tools-for-stm32.9-2020-q2-update.linux64_2.0.0.202105311346/tools/bin/../lib/gcc/arm-none-eabi/9.3.1/thumb/v7e-m+fp/hard/libgcc.a(_dvmd_tls.o)
                0x0000000008000eec                __aeabi_ldiv0
                0x0000000008000eec                __aeabi_idiv0
 *(.text*)
 .text.pid_create
                0x0000000008000ef0       0x84 ./Core/Src/PID.o
                0x0000000008000ef0                pid_create
 .text.pid_need_compute
                0x0000000008000f74       0x2a ./Core/Src/PID.o
                0x0000000008000f74                pid_need_compute
 .text.pid_compute
                0x0000000008000f9e      0x124 ./Core/Src/PID.o
                0x0000000008000f9e                pid_compute
 *fill*         0x00000000080010c2        0x2 
 .text.PID_tune
                0x00000000080010c4       0xdc ./Core/Src/PID.o
                0x00000000080010c4                PID_tune
 .text.pid_sample
                0x00000000080011a0       0x68 ./Core/Src/PID.o
                0x00000000080011a0                pid_sample
 .text.pid_limits
                0x0000000008001208       0xca ./Core/Src/PID.o
                0x0000000008001208                pid_limits
 .text.pid_auto
                0x00000000080012d2       0x78 ./Core/Src/PID.o
                0x00000000080012d2                pid_auto
 *fill*         0x000000000800134a        0x2 
 .text.pid_direction
                0x000000000800134c       0x78 ./Core/Src/PID.o
                0x000000000800134c                pid_direction
 .text.pid_reset
                0x00000000080013c4       0x1c ./Core/Src/PID.o
                0x00000000080013c4                pid_reset
 .text.hubMotor_Init
                0x00000000080013e0       0x30 ./Core/Src/X2_6010S.o
                0x00000000080013e0                hubMotor_Init
 .text.send_HubMotor
                0x0000000008001410      0x1b4 ./Core/Src/X2_6010S.o
                0x0000000008001410                send_HubMotor
 .text.ADC_Init
                0x00000000080015c4       0x84 ./Core/Src/adc.o
                0x00000000080015c4                ADC_Init
 .text.ADC_DataRequest
                0x0000000008001648       0x20 ./Core/Src/adc.o
                0x0000000008001648                ADC_DataRequest
 .text.ADC_Read
                0x0000000008001668       0x38 ./Core/Src/adc.o
                0x0000000008001668                ADC_Read
 .text.bd25l_Init
                0x00000000080016a0       0x20 ./Core/Src/bd25l.o
                0x00000000080016a0                bd25l_Init
 .text.enableMotor
                0x00000000080016c0       0x24 ./Core/Src/bd25l.o
                0x00000000080016c0                enableMotor
 .text.emBrakeMotor
                0x00000000080016e4       0x24 ./Core/Src/bd25l.o
                0x00000000080016e4                emBrakeMotor
 .text.brakeMotor
                0x0000000008001708       0x34 ./Core/Src/bd25l.o
                0x0000000008001708                brakeMotor
 .text.setMotorDir
                0x000000000800173c       0x24 ./Core/Src/bd25l.o
                0x000000000800173c                setMotorDir
 .text.setMotorSpeed
                0x0000000008001760      0x150 ./Core/Src/bd25l.o
                0x0000000008001760                setMotorSpeed
 .text.runMotor
                0x00000000080018b0       0xee ./Core/Src/bd25l.o
                0x00000000080018b0                runMotor
 .text.GPIO_Digital_Filtered_Input
                0x000000000800199e       0x70 ./Core/Src/button.o
                0x000000000800199e                GPIO_Digital_Filtered_Input
 *fill*         0x0000000008001a0e        0x2 
 .text.MX_CAN1_Init
                0x0000000008001a10       0xd0 ./Core/Src/can.o
                0x0000000008001a10                MX_CAN1_Init
 .text.HAL_CAN_MspInit
                0x0000000008001ae0       0xa0 ./Core/Src/can.o
                0x0000000008001ae0                HAL_CAN_MspInit
 .text.MX_DMA_Init
                0x0000000008001b80       0x50 ./Core/Src/dma.o
                0x0000000008001b80                MX_DMA_Init
 .text.ENCODER_Init
                0x0000000008001bd0       0x30 ./Core/Src/encoder.o
                0x0000000008001bd0                ENCODER_Init
 .text.ENCODER_Sort_Incoming
                0x0000000008001c00       0x66 ./Core/Src/encoder.o
                0x0000000008001c00                ENCODER_Sort_Incoming
 .text.ENCODER_Set_TxHeader
                0x0000000008001c66       0x3c ./Core/Src/encoder.o
                0x0000000008001c66                ENCODER_Set_TxHeader
 .text.ENCODER_Read
                0x0000000008001ca2       0x50 ./Core/Src/encoder.o
                0x0000000008001ca2                ENCODER_Read
 .text.ENCODER_Get_Angle
                0x0000000008001cf2       0x68 ./Core/Src/encoder.o
                0x0000000008001cf2                ENCODER_Get_Angle
 *fill*         0x0000000008001d5a        0x2 
 .text.MX_GPIO_Init
                0x0000000008001d5c      0x260 ./Core/Src/gpio.o
                0x0000000008001d5c                MX_GPIO_Init
 .text.MX_I2C1_Init
                0x0000000008001fbc       0x80 ./Core/Src/i2c.o
                0x0000000008001fbc                MX_I2C1_Init
 .text.HAL_I2C_MspInit
                0x000000000800203c       0x90 ./Core/Src/i2c.o
                0x000000000800203c                HAL_I2C_MspInit
 *fill*         0x00000000080020cc        0x4 
 .text.main     0x00000000080020d0      0xb4c ./Core/Src/main.o
                0x00000000080020d0                main
 .text.SystemClock_Config
                0x0000000008002c1c       0xe0 ./Core/Src/main.o
                0x0000000008002c1c                SystemClock_Config
 .text.HAL_GPIO_EXTI_Callback
                0x0000000008002cfc       0x68 ./Core/Src/main.o
                0x0000000008002cfc                HAL_GPIO_EXTI_Callback
 .text.HAL_UART_RxCpltCallback
                0x0000000008002d64      0x118 ./Core/Src/main.o
                0x0000000008002d64                HAL_UART_RxCpltCallback
 *fill*         0x0000000008002e7c        0x4 
 .text.HAL_CAN_RxFifo0MsgPendingCallback
                0x0000000008002e80      0x260 ./Core/Src/main.o
                0x0000000008002e80                HAL_CAN_RxFifo0MsgPendingCallback
 .text.baseMotorCommand
                0x00000000080030e0       0x48 ./Core/Src/main.o
                0x00000000080030e0                baseMotorCommand
 .text.climbingForward
                0x0000000008003128      0x1e0 ./Core/Src/main.o
                0x0000000008003128                climbingForward
 .text.goto_pos
                0x0000000008003308      0x230 ./Core/Src/main.o
                0x0000000008003308                goto_pos
 .text.in_climb_process
                0x0000000008003538      0x244 ./Core/Src/main.o
                0x0000000008003538                in_climb_process
 .text.Error_Handler
                0x000000000800377c       0x30 ./Core/Src/main.o
                0x000000000800377c                Error_Handler
 .text.MX_SPI1_Init
                0x00000000080037ac       0x70 ./Core/Src/spi.o
                0x00000000080037ac                MX_SPI1_Init
 .text.HAL_SPI_MspInit
                0x000000000800381c       0x90 ./Core/Src/spi.o
                0x000000000800381c                HAL_SPI_MspInit
 .text.HAL_MspInit
                0x00000000080038ac       0x50 ./Core/Src/stm32f4xx_hal_msp.o
                0x00000000080038ac                HAL_MspInit
 .text.NMI_Handler
                0x00000000080038fc        0xe ./Core/Src/stm32f4xx_it.o
                0x00000000080038fc                NMI_Handler
 .text.HardFault_Handler
                0x000000000800390a        0x6 ./Core/Src/stm32f4xx_it.o
                0x000000000800390a                HardFault_Handler
 .text.MemManage_Handler
                0x0000000008003910        0x6 ./Core/Src/stm32f4xx_it.o
                0x0000000008003910                MemManage_Handler
 .text.BusFault_Handler
                0x0000000008003916        0x6 ./Core/Src/stm32f4xx_it.o
                0x0000000008003916                BusFault_Handler
 .text.UsageFault_Handler
                0x000000000800391c        0x6 ./Core/Src/stm32f4xx_it.o
                0x000000000800391c                UsageFault_Handler
 .text.SVC_Handler
                0x0000000008003922        0xe ./Core/Src/stm32f4xx_it.o
                0x0000000008003922                SVC_Handler
 .text.DebugMon_Handler
                0x0000000008003930        0xe ./Core/Src/stm32f4xx_it.o
                0x0000000008003930                DebugMon_Handler
 .text.PendSV_Handler
                0x000000000800393e        0xe ./Core/Src/stm32f4xx_it.o
                0x000000000800393e                PendSV_Handler
 .text.SysTick_Handler
                0x000000000800394c        0xc ./Core/Src/stm32f4xx_it.o
                0x000000000800394c                SysTick_Handler
 .text.DMA1_Stream1_IRQHandler
                0x0000000008003958       0x14 ./Core/Src/stm32f4xx_it.o
                0x0000000008003958                DMA1_Stream1_IRQHandler
 .text.DMA1_Stream3_IRQHandler
                0x000000000800396c       0x14 ./Core/Src/stm32f4xx_it.o
                0x000000000800396c                DMA1_Stream3_IRQHandler
 .text.CAN1_RX0_IRQHandler
                0x0000000008003980       0x14 ./Core/Src/stm32f4xx_it.o
                0x0000000008003980                CAN1_RX0_IRQHandler
 .text.EXTI9_5_IRQHandler
                0x0000000008003994        0xe ./Core/Src/stm32f4xx_it.o
                0x0000000008003994                EXTI9_5_IRQHandler
 *fill*         0x00000000080039a2        0x2 
 .text.USART3_IRQHandler
                0x00000000080039a4       0x14 ./Core/Src/stm32f4xx_it.o
                0x00000000080039a4                USART3_IRQHandler
 .text.TIM8_BRK_TIM12_IRQHandler
                0x00000000080039b8       0x14 ./Core/Src/stm32f4xx_it.o
                0x00000000080039b8                TIM8_BRK_TIM12_IRQHandler
 .text.TIM8_UP_TIM13_IRQHandler
                0x00000000080039cc       0x14 ./Core/Src/stm32f4xx_it.o
                0x00000000080039cc                TIM8_UP_TIM13_IRQHandler
 .text.TIM8_TRG_COM_TIM14_IRQHandler
                0x00000000080039e0       0x14 ./Core/Src/stm32f4xx_it.o
                0x00000000080039e0                TIM8_TRG_COM_TIM14_IRQHandler
 .text.TIM8_CC_IRQHandler
                0x00000000080039f4       0x14 ./Core/Src/stm32f4xx_it.o
                0x00000000080039f4                TIM8_CC_IRQHandler
 .text.SystemInit
                0x0000000008003a08       0x2c ./Core/Src/system_stm32f4xx.o
                0x0000000008003a08                SystemInit
 .text.MX_TIM1_Init
                0x0000000008003a34      0x140 ./Core/Src/tim.o
                0x0000000008003a34                MX_TIM1_Init
 .text.MX_TIM2_Init
                0x0000000008003b74       0xe8 ./Core/Src/tim.o
                0x0000000008003b74                MX_TIM2_Init
 .text.MX_TIM3_Init
                0x0000000008003c5c      0x104 ./Core/Src/tim.o
                0x0000000008003c5c                MX_TIM3_Init
 .text.MX_TIM8_Init
                0x0000000008003d60       0xe8 ./Core/Src/tim.o
                0x0000000008003d60                MX_TIM8_Init
 .text.HAL_TIM_Base_MspInit
                0x0000000008003e48      0x150 ./Core/Src/tim.o
                0x0000000008003e48                HAL_TIM_Base_MspInit
 .text.HAL_TIM_MspPostInit
                0x0000000008003f98      0x114 ./Core/Src/tim.o
                0x0000000008003f98                HAL_TIM_MspPostInit
 .text.MX_USART3_UART_Init
                0x00000000080040ac       0x54 ./Core/Src/usart.o
                0x00000000080040ac                MX_USART3_UART_Init
 .text.HAL_UART_MspInit
                0x0000000008004100      0x16c ./Core/Src/usart.o
                0x0000000008004100                HAL_UART_MspInit
 .text.joystick_Init
                0x000000000800426c       0x18 ./Core/Src/wheelchair.o
                0x000000000800426c                joystick_Init
 *fill*         0x0000000008004284        0x4 
 .text.joystickCalculatePos
                0x0000000008004288      0x404 ./Core/Src/wheelchair.o
                0x0000000008004288                joystickCalculatePos
 .text.wheelSpeedControl_Init
                0x000000000800468c       0x54 ./Core/Src/wheelchair.o
                0x000000000800468c                wheelSpeedControl_Init
 .text.wheel_Control
                0x00000000080046e0      0x434 ./Core/Src/wheelchair.o
                0x00000000080046e0                wheel_Control
 .text.wheelCalculateSpeed
                0x0000000008004b14       0xa8 ./Core/Src/wheelchair.o
                0x0000000008004b14                wheelCalculateSpeed
 .text.Reset_Handler
                0x0000000008004bbc       0x50 ./Core/Startup/startup_stm32f429vitx.o
                0x0000000008004bbc                Reset_Handler
 .text.Default_Handler
                0x0000000008004c0c        0x2 ./Core/Startup/startup_stm32f429vitx.o
                0x0000000008004c0c                RTC_Alarm_IRQHandler
                0x0000000008004c0c                HASH_RNG_IRQHandler
                0x0000000008004c0c                EXTI2_IRQHandler
                0x0000000008004c0c                UART8_IRQHandler
                0x0000000008004c0c                SPI4_IRQHandler
                0x0000000008004c0c                TIM1_CC_IRQHandler
                0x0000000008004c0c                DMA2_Stream5_IRQHandler
                0x0000000008004c0c                DMA1_Stream5_IRQHandler
                0x0000000008004c0c                PVD_IRQHandler
                0x0000000008004c0c                SDIO_IRQHandler
                0x0000000008004c0c                TAMP_STAMP_IRQHandler
                0x0000000008004c0c                CAN2_RX1_IRQHandler
                0x0000000008004c0c                EXTI3_IRQHandler
                0x0000000008004c0c                TIM1_UP_TIM10_IRQHandler
                0x0000000008004c0c                I2C3_ER_IRQHandler
                0x0000000008004c0c                EXTI0_IRQHandler
                0x0000000008004c0c                I2C2_EV_IRQHandler
                0x0000000008004c0c                DMA1_Stream2_IRQHandler
                0x0000000008004c0c                FPU_IRQHandler
                0x0000000008004c0c                OTG_HS_WKUP_IRQHandler
                0x0000000008004c0c                LTDC_ER_IRQHandler
                0x0000000008004c0c                CAN2_SCE_IRQHandler
                0x0000000008004c0c                DMA2_Stream2_IRQHandler
                0x0000000008004c0c                SPI1_IRQHandler
                0x0000000008004c0c                TIM6_DAC_IRQHandler
                0x0000000008004c0c                TIM1_BRK_TIM9_IRQHandler
                0x0000000008004c0c                DCMI_IRQHandler
                0x0000000008004c0c                CAN2_RX0_IRQHandler
                0x0000000008004c0c                DMA2_Stream3_IRQHandler
                0x0000000008004c0c                USART6_IRQHandler
                0x0000000008004c0c                CAN1_RX1_IRQHandler
                0x0000000008004c0c                UART5_IRQHandler
                0x0000000008004c0c                DMA2_Stream0_IRQHandler
                0x0000000008004c0c                TIM4_IRQHandler
                0x0000000008004c0c                I2C1_EV_IRQHandler
                0x0000000008004c0c                DMA1_Stream6_IRQHandler
                0x0000000008004c0c                UART4_IRQHandler
                0x0000000008004c0c                TIM3_IRQHandler
                0x0000000008004c0c                RCC_IRQHandler
                0x0000000008004c0c                Default_Handler
                0x0000000008004c0c                EXTI15_10_IRQHandler
                0x0000000008004c0c                ADC_IRQHandler
                0x0000000008004c0c                DMA1_Stream7_IRQHandler
                0x0000000008004c0c                SPI5_IRQHandler
                0x0000000008004c0c                TIM7_IRQHandler
                0x0000000008004c0c                CAN2_TX_IRQHandler
                0x0000000008004c0c                TIM5_IRQHandler
                0x0000000008004c0c                DMA2_Stream7_IRQHandler
                0x0000000008004c0c                I2C3_EV_IRQHandler
                0x0000000008004c0c                RTC_WKUP_IRQHandler
                0x0000000008004c0c                LTDC_IRQHandler
                0x0000000008004c0c                ETH_WKUP_IRQHandler
                0x0000000008004c0c                SPI2_IRQHandler
                0x0000000008004c0c                OTG_HS_EP1_IN_IRQHandler
                0x0000000008004c0c                DMA1_Stream0_IRQHandler
                0x0000000008004c0c                CAN1_TX_IRQHandler
                0x0000000008004c0c                EXTI4_IRQHandler
                0x0000000008004c0c                ETH_IRQHandler
                0x0000000008004c0c                OTG_HS_EP1_OUT_IRQHandler
                0x0000000008004c0c                WWDG_IRQHandler
                0x0000000008004c0c                SPI6_IRQHandler
                0x0000000008004c0c                TIM2_IRQHandler
                0x0000000008004c0c                OTG_FS_WKUP_IRQHandler
                0x0000000008004c0c                TIM1_TRG_COM_TIM11_IRQHandler
                0x0000000008004c0c                OTG_HS_IRQHandler
                0x0000000008004c0c                DMA2D_IRQHandler
                0x0000000008004c0c                EXTI1_IRQHandler
                0x0000000008004c0c                UART7_IRQHandler
                0x0000000008004c0c                USART2_IRQHandler
                0x0000000008004c0c                I2C2_ER_IRQHandler
                0x0000000008004c0c                DMA2_Stream1_IRQHandler
                0x0000000008004c0c                CAN1_SCE_IRQHandler
                0x0000000008004c0c                FLASH_IRQHandler
                0x0000000008004c0c                DMA2_Stream4_IRQHandler
                0x0000000008004c0c                USART1_IRQHandler
                0x0000000008004c0c                OTG_FS_IRQHandler
                0x0000000008004c0c                SPI3_IRQHandler
                0x0000000008004c0c                DMA1_Stream4_IRQHandler
                0x0000000008004c0c                I2C1_ER_IRQHandler
                0x0000000008004c0c                FMC_IRQHandler
                0x0000000008004c0c                DMA2_Stream6_IRQHandler
                0x0000000008004c0c                SAI1_IRQHandler
 *fill*         0x0000000008004c0e        0x2 
 .text.HAL_Init
                0x0000000008004c10       0x44 ./Drivers/STM32F4xx_HAL_Driver/Src/stm32f4xx_hal.o
                0x0000000008004c10                HAL_Init
 .text.HAL_InitTick
                0x0000000008004c54       0x60 ./Drivers/STM32F4xx_HAL_Driver/Src/stm32f4xx_hal.o
                0x0000000008004c54                HAL_InitTick
 .text.HAL_IncTick
                0x0000000008004cb4       0x28 ./Drivers/STM32F4xx_HAL_Driver/Src/stm32f4xx_hal.o
                0x0000000008004cb4                HAL_IncTick
 .text.HAL_GetTick
                0x0000000008004cdc       0x18 ./Drivers/STM32F4xx_HAL_Driver/Src/stm32f4xx_hal.o
                0x0000000008004cdc                HAL_GetTick
 .text.HAL_Delay
                0x0000000008004cf4       0x48 ./Drivers/STM32F4xx_HAL_Driver/Src/stm32f4xx_hal.o
                0x0000000008004cf4                HAL_Delay
 .text.HAL_CAN_Init
                0x0000000008004d3c      0x1f6 ./Drivers/STM32F4xx_HAL_Driver/Src/stm32f4xx_hal_can.o
                0x0000000008004d3c                HAL_CAN_Init
 *fill*         0x0000000008004f32        0x2 
 .text.HAL_CAN_ConfigFilter
                0x0000000008004f34      0x1c0 ./Drivers/STM32F4xx_HAL_Driver/Src/stm32f4xx_hal_can.o
                0x0000000008004f34                HAL_CAN_ConfigFilter
 .text.HAL_CAN_Start
                0x00000000080050f4       0x88 ./Drivers/STM32F4xx_HAL_Driver/Src/stm32f4xx_hal_can.o
                0x00000000080050f4                HAL_CAN_Start
 .text.HAL_CAN_AddTxMessage
                0x000000000800517c      0x1b6 ./Drivers/STM32F4xx_HAL_Driver/Src/stm32f4xx_hal_can.o
                0x000000000800517c                HAL_CAN_AddTxMessage
 .text.HAL_CAN_GetRxMessage
                0x0000000008005332      0x224 ./Drivers/STM32F4xx_HAL_Driver/Src/stm32f4xx_hal_can.o
                0x0000000008005332                HAL_CAN_GetRxMessage
 .text.HAL_CAN_ActivateNotification
                0x0000000008005556       0x4c ./Drivers/STM32F4xx_HAL_Driver/Src/stm32f4xx_hal_can.o
                0x0000000008005556                HAL_CAN_ActivateNotification
 .text.HAL_CAN_IRQHandler
                0x00000000080055a2      0x36e ./Drivers/STM32F4xx_HAL_Driver/Src/stm32f4xx_hal_can.o
                0x00000000080055a2                HAL_CAN_IRQHandler
 .text.HAL_CAN_TxMailbox0CompleteCallback
                0x0000000008005910       0x14 ./Drivers/STM32F4xx_HAL_Driver/Src/stm32f4xx_hal_can.o
                0x0000000008005910                HAL_CAN_TxMailbox0CompleteCallback
 .text.HAL_CAN_TxMailbox1CompleteCallback
                0x0000000008005924       0x14 ./Drivers/STM32F4xx_HAL_Driver/Src/stm32f4xx_hal_can.o
                0x0000000008005924                HAL_CAN_TxMailbox1CompleteCallback
 .text.HAL_CAN_TxMailbox2CompleteCallback
                0x0000000008005938       0x14 ./Drivers/STM32F4xx_HAL_Driver/Src/stm32f4xx_hal_can.o
                0x0000000008005938                HAL_CAN_TxMailbox2CompleteCallback
 .text.HAL_CAN_TxMailbox0AbortCallback
                0x000000000800594c       0x14 ./Drivers/STM32F4xx_HAL_Driver/Src/stm32f4xx_hal_can.o
                0x000000000800594c                HAL_CAN_TxMailbox0AbortCallback
 .text.HAL_CAN_TxMailbox1AbortCallback
                0x0000000008005960       0x14 ./Drivers/STM32F4xx_HAL_Driver/Src/stm32f4xx_hal_can.o
                0x0000000008005960                HAL_CAN_TxMailbox1AbortCallback
 .text.HAL_CAN_TxMailbox2AbortCallback
                0x0000000008005974       0x14 ./Drivers/STM32F4xx_HAL_Driver/Src/stm32f4xx_hal_can.o
                0x0000000008005974                HAL_CAN_TxMailbox2AbortCallback
 .text.HAL_CAN_RxFifo0FullCallback
                0x0000000008005988       0x14 ./Drivers/STM32F4xx_HAL_Driver/Src/stm32f4xx_hal_can.o
                0x0000000008005988                HAL_CAN_RxFifo0FullCallback
 .text.HAL_CAN_RxFifo1MsgPendingCallback
                0x000000000800599c       0x14 ./Drivers/STM32F4xx_HAL_Driver/Src/stm32f4xx_hal_can.o
                0x000000000800599c                HAL_CAN_RxFifo1MsgPendingCallback
 .text.HAL_CAN_RxFifo1FullCallback
                0x00000000080059b0       0x14 ./Drivers/STM32F4xx_HAL_Driver/Src/stm32f4xx_hal_can.o
                0x00000000080059b0                HAL_CAN_RxFifo1FullCallback
 .text.HAL_CAN_SleepCallback
                0x00000000080059c4       0x14 ./Drivers/STM32F4xx_HAL_Driver/Src/stm32f4xx_hal_can.o
                0x00000000080059c4                HAL_CAN_SleepCallback
 .text.HAL_CAN_WakeUpFromRxMsgCallback
                0x00000000080059d8       0x14 ./Drivers/STM32F4xx_HAL_Driver/Src/stm32f4xx_hal_can.o
                0x00000000080059d8                HAL_CAN_WakeUpFromRxMsgCallback
 .text.HAL_CAN_ErrorCallback
                0x00000000080059ec       0x14 ./Drivers/STM32F4xx_HAL_Driver/Src/stm32f4xx_hal_can.o
                0x00000000080059ec                HAL_CAN_ErrorCallback
 .text.__NVIC_SetPriorityGrouping
                0x0000000008005a00       0x48 ./Drivers/STM32F4xx_HAL_Driver/Src/stm32f4xx_hal_cortex.o
 .text.__NVIC_GetPriorityGrouping
                0x0000000008005a48       0x1c ./Drivers/STM32F4xx_HAL_Driver/Src/stm32f4xx_hal_cortex.o
 .text.__NVIC_EnableIRQ
                0x0000000008005a64       0x3c ./Drivers/STM32F4xx_HAL_Driver/Src/stm32f4xx_hal_cortex.o
 .text.__NVIC_SetPriority
                0x0000000008005aa0       0x54 ./Drivers/STM32F4xx_HAL_Driver/Src/stm32f4xx_hal_cortex.o
 .text.NVIC_EncodePriority
                0x0000000008005af4       0x66 ./Drivers/STM32F4xx_HAL_Driver/Src/stm32f4xx_hal_cortex.o
 *fill*         0x0000000008005b5a        0x2 
 .text.SysTick_Config
                0x0000000008005b5c       0x44 ./Drivers/STM32F4xx_HAL_Driver/Src/stm32f4xx_hal_cortex.o
 .text.HAL_NVIC_SetPriorityGrouping
                0x0000000008005ba0       0x16 ./Drivers/STM32F4xx_HAL_Driver/Src/stm32f4xx_hal_cortex.o
                0x0000000008005ba0                HAL_NVIC_SetPriorityGrouping
 .text.HAL_NVIC_SetPriority
                0x0000000008005bb6       0x38 ./Drivers/STM32F4xx_HAL_Driver/Src/stm32f4xx_hal_cortex.o
                0x0000000008005bb6                HAL_NVIC_SetPriority
 .text.HAL_NVIC_EnableIRQ
                0x0000000008005bee       0x1c ./Drivers/STM32F4xx_HAL_Driver/Src/stm32f4xx_hal_cortex.o
                0x0000000008005bee                HAL_NVIC_EnableIRQ
 .text.HAL_SYSTICK_Config
                0x0000000008005c0a       0x18 ./Drivers/STM32F4xx_HAL_Driver/Src/stm32f4xx_hal_cortex.o
                0x0000000008005c0a                HAL_SYSTICK_Config
 *fill*         0x0000000008005c22        0x2 
 .text.HAL_SYSTICK_CLKSourceConfig
                0x0000000008005c24       0x38 ./Drivers/STM32F4xx_HAL_Driver/Src/stm32f4xx_hal_cortex.o
                0x0000000008005c24                HAL_SYSTICK_CLKSourceConfig
 .text.HAL_DMA_Init
                0x0000000008005c5c      0x15c ./Drivers/STM32F4xx_HAL_Driver/Src/stm32f4xx_hal_dma.o
                0x0000000008005c5c                HAL_DMA_Init
 .text.HAL_DMA_Start_IT
                0x0000000008005db8       0xb0 ./Drivers/STM32F4xx_HAL_Driver/Src/stm32f4xx_hal_dma.o
                0x0000000008005db8                HAL_DMA_Start_IT
 .text.HAL_DMA_Abort_IT
                0x0000000008005e68       0x44 ./Drivers/STM32F4xx_HAL_Driver/Src/stm32f4xx_hal_dma.o
                0x0000000008005e68                HAL_DMA_Abort_IT
 .text.HAL_DMA_IRQHandler
                0x0000000008005eac      0x314 ./Drivers/STM32F4xx_HAL_Driver/Src/stm32f4xx_hal_dma.o
                0x0000000008005eac                HAL_DMA_IRQHandler
 .text.DMA_SetConfig
                0x00000000080061c0       0x5c ./Drivers/STM32F4xx_HAL_Driver/Src/stm32f4xx_hal_dma.o
 .text.DMA_CalcBaseAndBitshift
                0x000000000800621c       0x6c ./Drivers/STM32F4xx_HAL_Driver/Src/stm32f4xx_hal_dma.o
 .text.DMA_CheckFifoParam
                0x0000000008006288       0xf8 ./Drivers/STM32F4xx_HAL_Driver/Src/stm32f4xx_hal_dma.o
 .text.HAL_GPIO_Init
                0x0000000008006380      0x358 ./Drivers/STM32F4xx_HAL_Driver/Src/stm32f4xx_hal_gpio.o
                0x0000000008006380                HAL_GPIO_Init
 .text.HAL_GPIO_ReadPin
                0x00000000080066d8       0x30 ./Drivers/STM32F4xx_HAL_Driver/Src/stm32f4xx_hal_gpio.o
                0x00000000080066d8                HAL_GPIO_ReadPin
 .text.HAL_GPIO_WritePin
                0x0000000008006708       0x32 ./Drivers/STM32F4xx_HAL_Driver/Src/stm32f4xx_hal_gpio.o
                0x0000000008006708                HAL_GPIO_WritePin
 *fill*         0x000000000800673a        0x2 
 .text.HAL_GPIO_EXTI_IRQHandler
                0x000000000800673c       0x30 ./Drivers/STM32F4xx_HAL_Driver/Src/stm32f4xx_hal_gpio.o
                0x000000000800673c                HAL_GPIO_EXTI_IRQHandler
 .text.HAL_I2C_Init
                0x000000000800676c      0x288 ./Drivers/STM32F4xx_HAL_Driver/Src/stm32f4xx_hal_i2c.o
                0x000000000800676c                HAL_I2C_Init
 .text.HAL_I2CEx_ConfigAnalogFilter
                0x00000000080069f4       0x78 ./Drivers/STM32F4xx_HAL_Driver/Src/stm32f4xx_hal_i2c_ex.o
                0x00000000080069f4                HAL_I2CEx_ConfigAnalogFilter
 .text.HAL_I2CEx_ConfigDigitalFilter
                0x0000000008006a6c       0x7e ./Drivers/STM32F4xx_HAL_Driver/Src/stm32f4xx_hal_i2c_ex.o
                0x0000000008006a6c                HAL_I2CEx_ConfigDigitalFilter
 *fill*         0x0000000008006aea        0x2 
 .text.HAL_PWREx_EnableOverDrive
                0x0000000008006aec       0xa0 ./Drivers/STM32F4xx_HAL_Driver/Src/stm32f4xx_hal_pwr_ex.o
                0x0000000008006aec                HAL_PWREx_EnableOverDrive
 .text.HAL_RCC_OscConfig
                0x0000000008006b8c      0x4e0 ./Drivers/STM32F4xx_HAL_Driver/Src/stm32f4xx_hal_rcc.o
                0x0000000008006b8c                HAL_RCC_OscConfig
 .text.HAL_RCC_ClockConfig
                0x000000000800706c      0x1cc ./Drivers/STM32F4xx_HAL_Driver/Src/stm32f4xx_hal_rcc.o
                0x000000000800706c                HAL_RCC_ClockConfig
 .text.HAL_RCC_GetSysClockFreq
                0x0000000008007238      0x1c0 ./Drivers/STM32F4xx_HAL_Driver/Src/stm32f4xx_hal_rcc.o
                0x0000000008007238                HAL_RCC_GetSysClockFreq
 .text.HAL_RCC_GetHCLKFreq
                0x00000000080073f8       0x18 ./Drivers/STM32F4xx_HAL_Driver/Src/stm32f4xx_hal_rcc.o
                0x00000000080073f8                HAL_RCC_GetHCLKFreq
 .text.HAL_RCC_GetPCLK1Freq
                0x0000000008007410       0x28 ./Drivers/STM32F4xx_HAL_Driver/Src/stm32f4xx_hal_rcc.o
                0x0000000008007410                HAL_RCC_GetPCLK1Freq
 .text.HAL_RCC_GetPCLK2Freq
                0x0000000008007438       0x28 ./Drivers/STM32F4xx_HAL_Driver/Src/stm32f4xx_hal_rcc.o
                0x0000000008007438                HAL_RCC_GetPCLK2Freq
 .text.HAL_SPI_Init
                0x0000000008007460       0xc8 ./Drivers/STM32F4xx_HAL_Driver/Src/stm32f4xx_hal_spi.o
                0x0000000008007460                HAL_SPI_Init
 .text.HAL_SPI_Receive
                0x0000000008007528      0x212 ./Drivers/STM32F4xx_HAL_Driver/Src/stm32f4xx_hal_spi.o
                0x0000000008007528                HAL_SPI_Receive
 .text.HAL_SPI_TransmitReceive
                0x000000000800773a      0x344 ./Drivers/STM32F4xx_HAL_Driver/Src/stm32f4xx_hal_spi.o
                0x000000000800773a                HAL_SPI_TransmitReceive
 .text.SPI_WaitFlagStateUntilTimeout
                0x0000000008007a7e       0xd4 ./Drivers/STM32F4xx_HAL_Driver/Src/stm32f4xx_hal_spi.o
 .text.SPI_EndRxTransaction
                0x0000000008007b52       0xca ./Drivers/STM32F4xx_HAL_Driver/Src/stm32f4xx_hal_spi.o
 .text.SPI_EndRxTxTransaction
                0x0000000008007c1c       0x84 ./Drivers/STM32F4xx_HAL_Driver/Src/stm32f4xx_hal_spi.o
 .text.HAL_TIM_Base_Init
                0x0000000008007ca0       0x56 ./Drivers/STM32F4xx_HAL_Driver/Src/stm32f4xx_hal_tim.o
                0x0000000008007ca0                HAL_TIM_Base_Init
 .text.HAL_TIM_Base_Start
                0x0000000008007cf6       0x48 ./Drivers/STM32F4xx_HAL_Driver/Src/stm32f4xx_hal_tim.o
                0x0000000008007cf6                HAL_TIM_Base_Start
 .text.HAL_TIM_PWM_Init
                0x0000000008007d3e       0x56 ./Drivers/STM32F4xx_HAL_Driver/Src/stm32f4xx_hal_tim.o
                0x0000000008007d3e                HAL_TIM_PWM_Init
 .text.HAL_TIM_PWM_MspInit
                0x0000000008007d94       0x14 ./Drivers/STM32F4xx_HAL_Driver/Src/stm32f4xx_hal_tim.o
                0x0000000008007d94                HAL_TIM_PWM_MspInit
 .text.HAL_TIM_PWM_Start
                0x0000000008007da8       0x7c ./Drivers/STM32F4xx_HAL_Driver/Src/stm32f4xx_hal_tim.o
                0x0000000008007da8                HAL_TIM_PWM_Start
 .text.HAL_TIM_PWM_Stop
                0x0000000008007e24       0xb0 ./Drivers/STM32F4xx_HAL_Driver/Src/stm32f4xx_hal_tim.o
                0x0000000008007e24                HAL_TIM_PWM_Stop
 .text.HAL_TIM_IC_Init
                0x0000000008007ed4       0x56 ./Drivers/STM32F4xx_HAL_Driver/Src/stm32f4xx_hal_tim.o
                0x0000000008007ed4                HAL_TIM_IC_Init
 .text.HAL_TIM_IC_MspInit
                0x0000000008007f2a       0x14 ./Drivers/STM32F4xx_HAL_Driver/Src/stm32f4xx_hal_tim.o
                0x0000000008007f2a                HAL_TIM_IC_MspInit
 *fill*         0x0000000008007f3e        0x2 
 .text.HAL_TIM_IC_Start_IT
                0x0000000008007f40       0xd0 ./Drivers/STM32F4xx_HAL_Driver/Src/stm32f4xx_hal_tim.o
                0x0000000008007f40                HAL_TIM_IC_Start_IT
 .text.HAL_TIM_IRQHandler
                0x0000000008008010      0x210 ./Drivers/STM32F4xx_HAL_Driver/Src/stm32f4xx_hal_tim.o
                0x0000000008008010                HAL_TIM_IRQHandler
 .text.HAL_TIM_IC_ConfigChannel
                0x0000000008008220      0x138 ./Drivers/STM32F4xx_HAL_Driver/Src/stm32f4xx_hal_tim.o
                0x0000000008008220                HAL_TIM_IC_ConfigChannel
 .text.HAL_TIM_PWM_ConfigChannel
                0x0000000008008358      0x18c ./Drivers/STM32F4xx_HAL_Driver/Src/stm32f4xx_hal_tim.o
                0x0000000008008358                HAL_TIM_PWM_ConfigChannel
 .text.HAL_TIM_ConfigClockSource
                0x00000000080084e4      0x188 ./Drivers/STM32F4xx_HAL_Driver/Src/stm32f4xx_hal_tim.o
                0x00000000080084e4                HAL_TIM_ConfigClockSource
 .text.HAL_TIM_PeriodElapsedCallback
                0x000000000800866c       0x14 ./Drivers/STM32F4xx_HAL_Driver/Src/stm32f4xx_hal_tim.o
                0x000000000800866c                HAL_TIM_PeriodElapsedCallback
 .text.HAL_TIM_OC_DelayElapsedCallback
                0x0000000008008680       0x14 ./Drivers/STM32F4xx_HAL_Driver/Src/stm32f4xx_hal_tim.o
                0x0000000008008680                HAL_TIM_OC_DelayElapsedCallback
 .text.HAL_TIM_IC_CaptureCallback
                0x0000000008008694       0x14 ./Drivers/STM32F4xx_HAL_Driver/Src/stm32f4xx_hal_tim.o
                0x0000000008008694                HAL_TIM_IC_CaptureCallback
 .text.HAL_TIM_PWM_PulseFinishedCallback
                0x00000000080086a8       0x14 ./Drivers/STM32F4xx_HAL_Driver/Src/stm32f4xx_hal_tim.o
                0x00000000080086a8                HAL_TIM_PWM_PulseFinishedCallback
 .text.HAL_TIM_TriggerCallback
                0x00000000080086bc       0x14 ./Drivers/STM32F4xx_HAL_Driver/Src/stm32f4xx_hal_tim.o
                0x00000000080086bc                HAL_TIM_TriggerCallback
 .text.TIM_Base_SetConfig
                0x00000000080086d0      0x140 ./Drivers/STM32F4xx_HAL_Driver/Src/stm32f4xx_hal_tim.o
                0x00000000080086d0                TIM_Base_SetConfig
 .text.TIM_OC1_SetConfig
                0x0000000008008810       0xe0 ./Drivers/STM32F4xx_HAL_Driver/Src/stm32f4xx_hal_tim.o
 .text.TIM_OC2_SetConfig
                0x00000000080088f0       0xec ./Drivers/STM32F4xx_HAL_Driver/Src/stm32f4xx_hal_tim.o
                0x00000000080088f0                TIM_OC2_SetConfig
 .text.TIM_OC3_SetConfig
                0x00000000080089dc       0xe8 ./Drivers/STM32F4xx_HAL_Driver/Src/stm32f4xx_hal_tim.o
 .text.TIM_OC4_SetConfig
                0x0000000008008ac4       0xac ./Drivers/STM32F4xx_HAL_Driver/Src/stm32f4xx_hal_tim.o
 .text.TIM_TI1_SetConfig
                0x0000000008008b70       0xe8 ./Drivers/STM32F4xx_HAL_Driver/Src/stm32f4xx_hal_tim.o
                0x0000000008008b70                TIM_TI1_SetConfig
 .text.TIM_TI1_ConfigInputStage
                0x0000000008008c58       0x5e ./Drivers/STM32F4xx_HAL_Driver/Src/stm32f4xx_hal_tim.o
 .text.TIM_TI2_SetConfig
                0x0000000008008cb6       0x7a ./Drivers/STM32F4xx_HAL_Driver/Src/stm32f4xx_hal_tim.o
 .text.TIM_TI2_ConfigInputStage
                0x0000000008008d30       0x60 ./Drivers/STM32F4xx_HAL_Driver/Src/stm32f4xx_hal_tim.o
 .text.TIM_TI3_SetConfig
                0x0000000008008d90       0x78 ./Drivers/STM32F4xx_HAL_Driver/Src/stm32f4xx_hal_tim.o
 .text.TIM_TI4_SetConfig
                0x0000000008008e08       0x7a ./Drivers/STM32F4xx_HAL_Driver/Src/stm32f4xx_hal_tim.o
 .text.TIM_ITRx_SetConfig
                0x0000000008008e82       0x36 ./Drivers/STM32F4xx_HAL_Driver/Src/stm32f4xx_hal_tim.o
 .text.TIM_ETR_SetConfig
                0x0000000008008eb8       0x40 ./Drivers/STM32F4xx_HAL_Driver/Src/stm32f4xx_hal_tim.o
                0x0000000008008eb8                TIM_ETR_SetConfig
 .text.TIM_CCxChannelCmd
                0x0000000008008ef8       0x4a ./Drivers/STM32F4xx_HAL_Driver/Src/stm32f4xx_hal_tim.o
                0x0000000008008ef8                TIM_CCxChannelCmd
 *fill*         0x0000000008008f42        0x2 
 .text.HAL_TIMEx_MasterConfigSynchronization
                0x0000000008008f44       0xf8 ./Drivers/STM32F4xx_HAL_Driver/Src/stm32f4xx_hal_tim_ex.o
                0x0000000008008f44                HAL_TIMEx_MasterConfigSynchronization
 .text.HAL_TIMEx_ConfigBreakDeadTime
                0x000000000800903c       0xa4 ./Drivers/STM32F4xx_HAL_Driver/Src/stm32f4xx_hal_tim_ex.o
                0x000000000800903c                HAL_TIMEx_ConfigBreakDeadTime
 .text.HAL_TIMEx_CommutCallback
                0x00000000080090e0       0x14 ./Drivers/STM32F4xx_HAL_Driver/Src/stm32f4xx_hal_tim_ex.o
                0x00000000080090e0                HAL_TIMEx_CommutCallback
 .text.HAL_TIMEx_BreakCallback
                0x00000000080090f4       0x14 ./Drivers/STM32F4xx_HAL_Driver/Src/stm32f4xx_hal_tim_ex.o
                0x00000000080090f4                HAL_TIMEx_BreakCallback
 .text.HAL_UART_Init
                0x0000000008009108       0x9a ./Drivers/STM32F4xx_HAL_Driver/Src/stm32f4xx_hal_uart.o
                0x0000000008009108                HAL_UART_Init
 .text.HAL_UART_Transmit
                0x00000000080091a2      0x132 ./Drivers/STM32F4xx_HAL_Driver/Src/stm32f4xx_hal_uart.o
                0x00000000080091a2                HAL_UART_Transmit
 .text.HAL_UART_Receive_DMA
                0x00000000080092d4      0x100 ./Drivers/STM32F4xx_HAL_Driver/Src/stm32f4xx_hal_uart.o
                0x00000000080092d4                HAL_UART_Receive_DMA
 .text.HAL_UART_IRQHandler
                0x00000000080093d4      0x200 ./Drivers/STM32F4xx_HAL_Driver/Src/stm32f4xx_hal_uart.o
                0x00000000080093d4                HAL_UART_IRQHandler
 .text.HAL_UART_TxCpltCallback
                0x00000000080095d4       0x14 ./Drivers/STM32F4xx_HAL_Driver/Src/stm32f4xx_hal_uart.o
                0x00000000080095d4                HAL_UART_TxCpltCallback
 .text.HAL_UART_RxHalfCpltCallback
                0x00000000080095e8       0x14 ./Drivers/STM32F4xx_HAL_Driver/Src/stm32f4xx_hal_uart.o
                0x00000000080095e8                HAL_UART_RxHalfCpltCallback
 .text.HAL_UART_ErrorCallback
                0x00000000080095fc       0x14 ./Drivers/STM32F4xx_HAL_Driver/Src/stm32f4xx_hal_uart.o
                0x00000000080095fc                HAL_UART_ErrorCallback
 .text.UART_DMAReceiveCplt
                0x0000000008009610       0x68 ./Drivers/STM32F4xx_HAL_Driver/Src/stm32f4xx_hal_uart.o
 .text.UART_DMARxHalfCplt
                0x0000000008009678       0x1c ./Drivers/STM32F4xx_HAL_Driver/Src/stm32f4xx_hal_uart.o
 .text.UART_DMAError
                0x0000000008009694       0x94 ./Drivers/STM32F4xx_HAL_Driver/Src/stm32f4xx_hal_uart.o
 .text.UART_WaitOnFlagUntilTimeout
                0x0000000008009728       0x94 ./Drivers/STM32F4xx_HAL_Driver/Src/stm32f4xx_hal_uart.o
 .text.UART_EndTxTransfer
                0x00000000080097bc       0x2c ./Drivers/STM32F4xx_HAL_Driver/Src/stm32f4xx_hal_uart.o
 .text.UART_EndRxTransfer
                0x00000000080097e8       0x3c ./Drivers/STM32F4xx_HAL_Driver/Src/stm32f4xx_hal_uart.o
 .text.UART_DMAAbortOnError
                0x0000000008009824       0x28 ./Drivers/STM32F4xx_HAL_Driver/Src/stm32f4xx_hal_uart.o
 .text.UART_Transmit_IT
                0x000000000800984c       0xac ./Drivers/STM32F4xx_HAL_Driver/Src/stm32f4xx_hal_uart.o
 .text.UART_EndTransmit_IT
                0x00000000080098f8       0x30 ./Drivers/STM32F4xx_HAL_Driver/Src/stm32f4xx_hal_uart.o
 .text.UART_Receive_IT
                0x0000000008009928      0x102 ./Drivers/STM32F4xx_HAL_Driver/Src/stm32f4xx_hal_uart.o
 *fill*         0x0000000008009a2a        0x2 
 .text.UART_SetConfig
                0x0000000008009a2c      0x738 ./Drivers/STM32F4xx_HAL_Driver/Src/stm32f4xx_hal_uart.o
 .text.__errno  0x000000000800a164        0xc /opt/st/stm32cubeide_1.7.0/plugins/com.st.stm32cube.ide.mcu.externaltools.gnu-tools-for-stm32.9-2020-q2-update.linux64_2.0.0.202105311346/tools/bin/../lib/gcc/arm-none-eabi/9.3.1/../../../../arm-none-eabi/lib/thumb/v7e-m+fp/hard/libc_nano.a(lib_a-errno.o)
                0x000000000800a164                __errno
 .text.__libc_init_array
                0x000000000800a170       0x48 /opt/st/stm32cubeide_1.7.0/plugins/com.st.stm32cube.ide.mcu.externaltools.gnu-tools-for-stm32.9-2020-q2-update.linux64_2.0.0.202105311346/tools/bin/../lib/gcc/arm-none-eabi/9.3.1/../../../../arm-none-eabi/lib/thumb/v7e-m+fp/hard/libc_nano.a(lib_a-init.o)
                0x000000000800a170                __libc_init_array
 .text.memset   0x000000000800a1b8       0x10 /opt/st/stm32cubeide_1.7.0/plugins/com.st.stm32cube.ide.mcu.externaltools.gnu-tools-for-stm32.9-2020-q2-update.linux64_2.0.0.202105311346/tools/bin/../lib/gcc/arm-none-eabi/9.3.1/../../../../arm-none-eabi/lib/thumb/v7e-m+fp/hard/libc_nano.a(lib_a-memset.o)
                0x000000000800a1b8                memset
 .text.atan     0x000000000800a1c8      0x340 /opt/st/stm32cubeide_1.7.0/plugins/com.st.stm32cube.ide.mcu.externaltools.gnu-tools-for-stm32.9-2020-q2-update.linux64_2.0.0.202105311346/tools/bin/../lib/gcc/arm-none-eabi/9.3.1/../../../../arm-none-eabi/lib/thumb/v7e-m+fp/hard/libm.a(lib_a-s_atan.o)
                0x000000000800a1c8                atan
 .text.cos      0x000000000800a508       0xa0 /opt/st/stm32cubeide_1.7.0/plugins/com.st.stm32cube.ide.mcu.externaltools.gnu-tools-for-stm32.9-2020-q2-update.linux64_2.0.0.202105311346/tools/bin/../lib/gcc/arm-none-eabi/9.3.1/../../../../arm-none-eabi/lib/thumb/v7e-m+fp/hard/libm.a(lib_a-s_cos.o)
                0x000000000800a508                cos
 .text.fabs     0x000000000800a5a8       0x12 /opt/st/stm32cubeide_1.7.0/plugins/com.st.stm32cube.ide.mcu.externaltools.gnu-tools-for-stm32.9-2020-q2-update.linux64_2.0.0.202105311346/tools/bin/../lib/gcc/arm-none-eabi/9.3.1/../../../../arm-none-eabi/lib/thumb/v7e-m+fp/hard/libm.a(lib_a-s_fabs.o)
                0x000000000800a5a8                fabs
 *fill*         0x000000000800a5ba        0x6 
 .text.sin      0x000000000800a5c0       0xa8 /opt/st/stm32cubeide_1.7.0/plugins/com.st.stm32cube.ide.mcu.externaltools.gnu-tools-for-stm32.9-2020-q2-update.linux64_2.0.0.202105311346/tools/bin/../lib/gcc/arm-none-eabi/9.3.1/../../../../arm-none-eabi/lib/thumb/v7e-m+fp/hard/libm.a(lib_a-s_sin.o)
                0x000000000800a5c0                sin
 .text.acos     0x000000000800a668       0x74 /opt/st/stm32cubeide_1.7.0/plugins/com.st.stm32cube.ide.mcu.externaltools.gnu-tools-for-stm32.9-2020-q2-update.linux64_2.0.0.202105311346/tools/bin/../lib/gcc/arm-none-eabi/9.3.1/../../../../arm-none-eabi/lib/thumb/v7e-m+fp/hard/libm.a(lib_a-w_acos.o)
                0x000000000800a668                acos
 .text.atan2    0x000000000800a6dc        0x4 /opt/st/stm32cubeide_1.7.0/plugins/com.st.stm32cube.ide.mcu.externaltools.gnu-tools-for-stm32.9-2020-q2-update.linux64_2.0.0.202105311346/tools/bin/../lib/gcc/arm-none-eabi/9.3.1/../../../../arm-none-eabi/lib/thumb/v7e-m+fp/hard/libm.a(lib_a-w_atan2.o)
                0x000000000800a6dc                atan2
 .text.pow      0x000000000800a6e0      0x15c /opt/st/stm32cubeide_1.7.0/plugins/com.st.stm32cube.ide.mcu.externaltools.gnu-tools-for-stm32.9-2020-q2-update.linux64_2.0.0.202105311346/tools/bin/../lib/gcc/arm-none-eabi/9.3.1/../../../../arm-none-eabi/lib/thumb/v7e-m+fp/hard/libm.a(lib_a-w_pow.o)
                0x000000000800a6e0                pow
 .text.sqrt     0x000000000800a83c       0x68 /opt/st/stm32cubeide_1.7.0/plugins/com.st.stm32cube.ide.mcu.externaltools.gnu-tools-for-stm32.9-2020-q2-update.linux64_2.0.0.202105311346/tools/bin/../lib/gcc/arm-none-eabi/9.3.1/../../../../arm-none-eabi/lib/thumb/v7e-m+fp/hard/libm.a(lib_a-w_sqrt.o)
                0x000000000800a83c                sqrt
 *fill*         0x000000000800a8a4        0x4 
 .text.__ieee754_acos
                0x000000000800a8a8      0x4c0 /opt/st/stm32cubeide_1.7.0/plugins/com.st.stm32cube.ide.mcu.externaltools.gnu-tools-for-stm32.9-2020-q2-update.linux64_2.0.0.202105311346/tools/bin/../lib/gcc/arm-none-eabi/9.3.1/../../../../arm-none-eabi/lib/thumb/v7e-m+fp/hard/libm.a(lib_a-e_acos.o)
                0x000000000800a8a8                __ieee754_acos
 .text.__ieee754_atan2
                0x000000000800ad68      0x194 /opt/st/stm32cubeide_1.7.0/plugins/com.st.stm32cube.ide.mcu.externaltools.gnu-tools-for-stm32.9-2020-q2-update.linux64_2.0.0.202105311346/tools/bin/../lib/gcc/arm-none-eabi/9.3.1/../../../../arm-none-eabi/lib/thumb/v7e-m+fp/hard/libm.a(lib_a-e_atan2.o)
                0x000000000800ad68                __ieee754_atan2
 *fill*         0x000000000800aefc        0x4 
 .text.__ieee754_pow
                0x000000000800af00      0xa44 /opt/st/stm32cubeide_1.7.0/plugins/com.st.stm32cube.ide.mcu.externaltools.gnu-tools-for-stm32.9-2020-q2-update.linux64_2.0.0.202105311346/tools/bin/../lib/gcc/arm-none-eabi/9.3.1/../../../../arm-none-eabi/lib/thumb/v7e-m+fp/hard/libm.a(lib_a-e_pow.o)
                0x000000000800af00                __ieee754_pow
 *fill*         0x000000000800b944        0x4 
 .text.__ieee754_rem_pio2
                0x000000000800b948      0x414 /opt/st/stm32cubeide_1.7.0/plugins/com.st.stm32cube.ide.mcu.externaltools.gnu-tools-for-stm32.9-2020-q2-update.linux64_2.0.0.202105311346/tools/bin/../lib/gcc/arm-none-eabi/9.3.1/../../../../arm-none-eabi/lib/thumb/v7e-m+fp/hard/libm.a(lib_a-e_rem_pio2.o)
                0x000000000800b948                __ieee754_rem_pio2
 .text.__ieee754_sqrt
                0x000000000800bd5c      0x168 /opt/st/stm32cubeide_1.7.0/plugins/com.st.stm32cube.ide.mcu.externaltools.gnu-tools-for-stm32.9-2020-q2-update.linux64_2.0.0.202105311346/tools/bin/../lib/gcc/arm-none-eabi/9.3.1/../../../../arm-none-eabi/lib/thumb/v7e-m+fp/hard/libm.a(lib_a-e_sqrt.o)
                0x000000000800bd5c                __ieee754_sqrt
 *fill*         0x000000000800bec4        0x4 
 .text.__kernel_cos
                0x000000000800bec8      0x18c /opt/st/stm32cubeide_1.7.0/plugins/com.st.stm32cube.ide.mcu.externaltools.gnu-tools-for-stm32.9-2020-q2-update.linux64_2.0.0.202105311346/tools/bin/../lib/gcc/arm-none-eabi/9.3.1/../../../../arm-none-eabi/lib/thumb/v7e-m+fp/hard/libm.a(lib_a-k_cos.o)
                0x000000000800bec8                __kernel_cos
 *fill*         0x000000000800c054        0x4 
 .text.__kernel_rem_pio2
                0x000000000800c058      0x680 /opt/st/stm32cubeide_1.7.0/plugins/com.st.stm32cube.ide.mcu.externaltools.gnu-tools-for-stm32.9-2020-q2-update.linux64_2.0.0.202105311346/tools/bin/../lib/gcc/arm-none-eabi/9.3.1/../../../../arm-none-eabi/lib/thumb/v7e-m+fp/hard/libm.a(lib_a-k_rem_pio2.o)
                0x000000000800c058                __kernel_rem_pio2
 .text.__kernel_sin
                0x000000000800c6d8      0x17c /opt/st/stm32cubeide_1.7.0/plugins/com.st.stm32cube.ide.mcu.externaltools.gnu-tools-for-stm32.9-2020-q2-update.linux64_2.0.0.202105311346/tools/bin/../lib/gcc/arm-none-eabi/9.3.1/../../../../arm-none-eabi/lib/thumb/v7e-m+fp/hard/libm.a(lib_a-k_sin.o)
                0x000000000800c6d8                __kernel_sin
 .text.finite   0x000000000800c854       0x16 /opt/st/stm32cubeide_1.7.0/plugins/com.st.stm32cube.ide.mcu.externaltools.gnu-tools-for-stm32.9-2020-q2-update.linux64_2.0.0.202105311346/tools/bin/../lib/gcc/arm-none-eabi/9.3.1/../../../../arm-none-eabi/lib/thumb/v7e-m+fp/hard/libm.a(lib_a-s_finite.o)
                0x000000000800c854                finite
 *fill*         0x000000000800c86a        0x6 
 .text.floor    0x000000000800c870      0x100 /opt/st/stm32cubeide_1.7.0/plugins/com.st.stm32cube.ide.mcu.externaltools.gnu-tools-for-stm32.9-2020-q2-update.linux64_2.0.0.202105311346/tools/bin/../lib/gcc/arm-none-eabi/9.3.1/../../../../arm-none-eabi/lib/thumb/v7e-m+fp/hard/libm.a(lib_a-s_floor.o)
                0x000000000800c870                floor
 .text.nan      0x000000000800c970       0x10 /opt/st/stm32cubeide_1.7.0/plugins/com.st.stm32cube.ide.mcu.externaltools.gnu-tools-for-stm32.9-2020-q2-update.linux64_2.0.0.202105311346/tools/bin/../lib/gcc/arm-none-eabi/9.3.1/../../../../arm-none-eabi/lib/thumb/v7e-m+fp/hard/libm.a(lib_a-s_nan.o)
                0x000000000800c970                nan
 .text.rint     0x000000000800c980      0x114 /opt/st/stm32cubeide_1.7.0/plugins/com.st.stm32cube.ide.mcu.externaltools.gnu-tools-for-stm32.9-2020-q2-update.linux64_2.0.0.202105311346/tools/bin/../lib/gcc/arm-none-eabi/9.3.1/../../../../arm-none-eabi/lib/thumb/v7e-m+fp/hard/libm.a(lib_a-s_rint.o)
                0x000000000800c980                rint
 *fill*         0x000000000800ca94        0x4 
 .text.scalbn   0x000000000800ca98      0x10c /opt/st/stm32cubeide_1.7.0/plugins/com.st.stm32cube.ide.mcu.externaltools.gnu-tools-for-stm32.9-2020-q2-update.linux64_2.0.0.202105311346/tools/bin/../lib/gcc/arm-none-eabi/9.3.1/../../../../arm-none-eabi/lib/thumb/v7e-m+fp/hard/libm.a(lib_a-s_scalbn.o)
                0x000000000800ca98                scalbn
 *(.glue_7)
 .glue_7        0x000000000800cba4        0x0 linker stubs
 *(.glue_7t)
 .glue_7t       0x000000000800cba4        0x0 linker stubs
 *(.eh_frame)
 .eh_frame      0x000000000800cba4        0x0 /opt/st/stm32cubeide_1.7.0/plugins/com.st.stm32cube.ide.mcu.externaltools.gnu-tools-for-stm32.9-2020-q2-update.linux64_2.0.0.202105311346/tools/bin/../lib/gcc/arm-none-eabi/9.3.1/thumb/v7e-m+fp/hard/crtbegin.o
 *(.init)
 .init          0x000000000800cba4        0x4 /opt/st/stm32cubeide_1.7.0/plugins/com.st.stm32cube.ide.mcu.externaltools.gnu-tools-for-stm32.9-2020-q2-update.linux64_2.0.0.202105311346/tools/bin/../lib/gcc/arm-none-eabi/9.3.1/thumb/v7e-m+fp/hard/crti.o
                0x000000000800cba4                _init
 .init          0x000000000800cba8        0x8 /opt/st/stm32cubeide_1.7.0/plugins/com.st.stm32cube.ide.mcu.externaltools.gnu-tools-for-stm32.9-2020-q2-update.linux64_2.0.0.202105311346/tools/bin/../lib/gcc/arm-none-eabi/9.3.1/thumb/v7e-m+fp/hard/crtn.o
 *(.fini)
 .fini          0x000000000800cbb0        0x4 /opt/st/stm32cubeide_1.7.0/plugins/com.st.stm32cube.ide.mcu.externaltools.gnu-tools-for-stm32.9-2020-q2-update.linux64_2.0.0.202105311346/tools/bin/../lib/gcc/arm-none-eabi/9.3.1/thumb/v7e-m+fp/hard/crti.o
                0x000000000800cbb0                _fini
 .fini          0x000000000800cbb4        0x8 /opt/st/stm32cubeide_1.7.0/plugins/com.st.stm32cube.ide.mcu.externaltools.gnu-tools-for-stm32.9-2020-q2-update.linux64_2.0.0.202105311346/tools/bin/../lib/gcc/arm-none-eabi/9.3.1/thumb/v7e-m+fp/hard/crtn.o
                0x000000000800cbbc                . = ALIGN (0x4)
                0x000000000800cbbc                _etext = .

.vfp11_veneer   0x000000000800cbbc        0x0
 .vfp11_veneer  0x000000000800cbbc        0x0 linker stubs

.v4_bx          0x000000000800cbbc        0x0
 .v4_bx         0x000000000800cbbc        0x0 linker stubs

.iplt           0x000000000800cbbc        0x0
 .iplt          0x000000000800cbbc        0x0 /opt/st/stm32cubeide_1.7.0/plugins/com.st.stm32cube.ide.mcu.externaltools.gnu-tools-for-stm32.9-2020-q2-update.linux64_2.0.0.202105311346/tools/bin/../lib/gcc/arm-none-eabi/9.3.1/thumb/v7e-m+fp/hard/crtbegin.o

.rodata         0x000000000800cbc0      0x2c8
                0x000000000800cbc0                . = ALIGN (0x4)
 *(.rodata)
 *(.rodata*)
 .rodata.base_linSpeedLevel
                0x000000000800cbc0        0xc ./Core/Src/main.o
                0x000000000800cbc0                base_linSpeedLevel
 .rodata.base_angSpeedLevel
                0x000000000800cbcc        0xc ./Core/Src/main.o
                0x000000000800cbcc                base_angSpeedLevel
 .rodata.AHBPrescTable
                0x000000000800cbd8       0x10 ./Core/Src/system_stm32f4xx.o
                0x000000000800cbd8                AHBPrescTable
 .rodata.APBPrescTable
                0x000000000800cbe8        0x8 ./Core/Src/system_stm32f4xx.o
                0x000000000800cbe8                APBPrescTable
 .rodata.flagBitshiftOffset.8902
                0x000000000800cbf0        0x8 ./Drivers/STM32F4xx_HAL_Driver/Src/stm32f4xx_hal_dma.o
 .rodata.atanhi
                0x000000000800cbf8       0x20 /opt/st/stm32cubeide_1.7.0/plugins/com.st.stm32cube.ide.mcu.externaltools.gnu-tools-for-stm32.9-2020-q2-update.linux64_2.0.0.202105311346/tools/bin/../lib/gcc/arm-none-eabi/9.3.1/../../../../arm-none-eabi/lib/thumb/v7e-m+fp/hard/libm.a(lib_a-s_atan.o)
 .rodata.atanlo
                0x000000000800cc18       0x20 /opt/st/stm32cubeide_1.7.0/plugins/com.st.stm32cube.ide.mcu.externaltools.gnu-tools-for-stm32.9-2020-q2-update.linux64_2.0.0.202105311346/tools/bin/../lib/gcc/arm-none-eabi/9.3.1/../../../../arm-none-eabi/lib/thumb/v7e-m+fp/hard/libm.a(lib_a-s_atan.o)
 .rodata.acos.str1.1
                0x000000000800cc38        0x1 /opt/st/stm32cubeide_1.7.0/plugins/com.st.stm32cube.ide.mcu.externaltools.gnu-tools-for-stm32.9-2020-q2-update.linux64_2.0.0.202105311346/tools/bin/../lib/gcc/arm-none-eabi/9.3.1/../../../../arm-none-eabi/lib/thumb/v7e-m+fp/hard/libm.a(lib_a-w_acos.o)
 *fill*         0x000000000800cc39        0x7 
 .rodata.CSWTCH.8
                0x000000000800cc40       0x18 /opt/st/stm32cubeide_1.7.0/plugins/com.st.stm32cube.ide.mcu.externaltools.gnu-tools-for-stm32.9-2020-q2-update.linux64_2.0.0.202105311346/tools/bin/../lib/gcc/arm-none-eabi/9.3.1/../../../../arm-none-eabi/lib/thumb/v7e-m+fp/hard/libm.a(lib_a-e_atan2.o)
 .rodata.CSWTCH.9
                0x000000000800cc58       0x18 /opt/st/stm32cubeide_1.7.0/plugins/com.st.stm32cube.ide.mcu.externaltools.gnu-tools-for-stm32.9-2020-q2-update.linux64_2.0.0.202105311346/tools/bin/../lib/gcc/arm-none-eabi/9.3.1/../../../../arm-none-eabi/lib/thumb/v7e-m+fp/hard/libm.a(lib_a-e_atan2.o)
 .rodata.__ieee754_pow.str1.1
                0x000000000800cc70        0x1 /opt/st/stm32cubeide_1.7.0/plugins/com.st.stm32cube.ide.mcu.externaltools.gnu-tools-for-stm32.9-2020-q2-update.linux64_2.0.0.202105311346/tools/bin/../lib/gcc/arm-none-eabi/9.3.1/../../../../arm-none-eabi/lib/thumb/v7e-m+fp/hard/libm.a(lib_a-e_pow.o)
 .rodata.bp     0x000000000800cc70       0x10 /opt/st/stm32cubeide_1.7.0/plugins/com.st.stm32cube.ide.mcu.externaltools.gnu-tools-for-stm32.9-2020-q2-update.linux64_2.0.0.202105311346/tools/bin/../lib/gcc/arm-none-eabi/9.3.1/../../../../arm-none-eabi/lib/thumb/v7e-m+fp/hard/libm.a(lib_a-e_pow.o)
 .rodata.dp_h   0x000000000800cc80       0x10 /opt/st/stm32cubeide_1.7.0/plugins/com.st.stm32cube.ide.mcu.externaltools.gnu-tools-for-stm32.9-2020-q2-update.linux64_2.0.0.202105311346/tools/bin/../lib/gcc/arm-none-eabi/9.3.1/../../../../arm-none-eabi/lib/thumb/v7e-m+fp/hard/libm.a(lib_a-e_pow.o)
 .rodata.dp_l   0x000000000800cc90       0x10 /opt/st/stm32cubeide_1.7.0/plugins/com.st.stm32cube.ide.mcu.externaltools.gnu-tools-for-stm32.9-2020-q2-update.linux64_2.0.0.202105311346/tools/bin/../lib/gcc/arm-none-eabi/9.3.1/../../../../arm-none-eabi/lib/thumb/v7e-m+fp/hard/libm.a(lib_a-e_pow.o)
 .rodata.npio2_hw
                0x000000000800cca0       0x80 /opt/st/stm32cubeide_1.7.0/plugins/com.st.stm32cube.ide.mcu.externaltools.gnu-tools-for-stm32.9-2020-q2-update.linux64_2.0.0.202105311346/tools/bin/../lib/gcc/arm-none-eabi/9.3.1/../../../../arm-none-eabi/lib/thumb/v7e-m+fp/hard/libm.a(lib_a-e_rem_pio2.o)
 .rodata.two_over_pi
                0x000000000800cd20      0x108 /opt/st/stm32cubeide_1.7.0/plugins/com.st.stm32cube.ide.mcu.externaltools.gnu-tools-for-stm32.9-2020-q2-update.linux64_2.0.0.202105311346/tools/bin/../lib/gcc/arm-none-eabi/9.3.1/../../../../arm-none-eabi/lib/thumb/v7e-m+fp/hard/libm.a(lib_a-e_rem_pio2.o)
 .rodata.PIo2   0x000000000800ce28       0x40 /opt/st/stm32cubeide_1.7.0/plugins/com.st.stm32cube.ide.mcu.externaltools.gnu-tools-for-stm32.9-2020-q2-update.linux64_2.0.0.202105311346/tools/bin/../lib/gcc/arm-none-eabi/9.3.1/../../../../arm-none-eabi/lib/thumb/v7e-m+fp/hard/libm.a(lib_a-k_rem_pio2.o)
 .rodata.init_jk
                0x000000000800ce68       0x10 /opt/st/stm32cubeide_1.7.0/plugins/com.st.stm32cube.ide.mcu.externaltools.gnu-tools-for-stm32.9-2020-q2-update.linux64_2.0.0.202105311346/tools/bin/../lib/gcc/arm-none-eabi/9.3.1/../../../../arm-none-eabi/lib/thumb/v7e-m+fp/hard/libm.a(lib_a-k_rem_pio2.o)
 .rodata.TWO52  0x000000000800ce78       0x10 /opt/st/stm32cubeide_1.7.0/plugins/com.st.stm32cube.ide.mcu.externaltools.gnu-tools-for-stm32.9-2020-q2-update.linux64_2.0.0.202105311346/tools/bin/../lib/gcc/arm-none-eabi/9.3.1/../../../../arm-none-eabi/lib/thumb/v7e-m+fp/hard/libm.a(lib_a-s_rint.o)
                0x000000000800ce88                . = ALIGN (0x4)

.ARM.extab      0x000000000800ce88        0x0
                0x000000000800ce88                . = ALIGN (0x4)
 *(.ARM.extab* .gnu.linkonce.armextab.*)
                0x000000000800ce88                . = ALIGN (0x4)

.ARM            0x000000000800ce88        0x8
                0x000000000800ce88                . = ALIGN (0x4)
                0x000000000800ce88                __exidx_start = .
 *(.ARM.exidx*)
 .ARM.exidx     0x000000000800ce88        0x8 /opt/st/stm32cubeide_1.7.0/plugins/com.st.stm32cube.ide.mcu.externaltools.gnu-tools-for-stm32.9-2020-q2-update.linux64_2.0.0.202105311346/tools/bin/../lib/gcc/arm-none-eabi/9.3.1/thumb/v7e-m+fp/hard/libgcc.a(_udivmoddi4.o)
                0x000000000800ce90                __exidx_end = .
                0x000000000800ce90                . = ALIGN (0x4)

.rel.dyn        0x000000000800ce90        0x0
 .rel.iplt      0x000000000800ce90        0x0 /opt/st/stm32cubeide_1.7.0/plugins/com.st.stm32cube.ide.mcu.externaltools.gnu-tools-for-stm32.9-2020-q2-update.linux64_2.0.0.202105311346/tools/bin/../lib/gcc/arm-none-eabi/9.3.1/thumb/v7e-m+fp/hard/crtbegin.o

.preinit_array  0x000000000800ce90        0x0
                0x000000000800ce90                . = ALIGN (0x4)
                0x000000000800ce90                PROVIDE (__preinit_array_start = .)
 *(.preinit_array*)
                0x000000000800ce90                PROVIDE (__preinit_array_end = .)
                0x000000000800ce90                . = ALIGN (0x4)

.init_array     0x000000000800ce90        0x4
                0x000000000800ce90                . = ALIGN (0x4)
                0x000000000800ce90                PROVIDE (__init_array_start = .)
 *(SORT_BY_NAME(.init_array.*))
 *(.init_array*)
 .init_array    0x000000000800ce90        0x4 /opt/st/stm32cubeide_1.7.0/plugins/com.st.stm32cube.ide.mcu.externaltools.gnu-tools-for-stm32.9-2020-q2-update.linux64_2.0.0.202105311346/tools/bin/../lib/gcc/arm-none-eabi/9.3.1/thumb/v7e-m+fp/hard/crtbegin.o
                0x000000000800ce94                PROVIDE (__init_array_end = .)
                0x000000000800ce94                . = ALIGN (0x4)

.fini_array     0x000000000800ce94        0x4
                0x000000000800ce94                . = ALIGN (0x4)
                [!provide]                        PROVIDE (__fini_array_start = .)
 *(SORT_BY_NAME(.fini_array.*))
 *(.fini_array*)
 .fini_array    0x000000000800ce94        0x4 /opt/st/stm32cubeide_1.7.0/plugins/com.st.stm32cube.ide.mcu.externaltools.gnu-tools-for-stm32.9-2020-q2-update.linux64_2.0.0.202105311346/tools/bin/../lib/gcc/arm-none-eabi/9.3.1/thumb/v7e-m+fp/hard/crtbegin.o
                [!provide]                        PROVIDE (__fini_array_end = .)
                0x000000000800ce98                . = ALIGN (0x4)
                0x000000000800ce98                _sidata = LOADADDR (.data)

.data           0x0000000020000000      0x1a0 load address 0x000000000800ce98
                0x0000000020000000                . = ALIGN (0x4)
                0x0000000020000000                _sdata = .
 *(.data)
 *(.data*)
 .data.rearMotor
                0x0000000020000000       0x34 ./Core/Src/bd25l.o
                0x0000000020000000                rearMotor
 .data.backMotor
                0x0000000020000034       0x34 ./Core/Src/bd25l.o
                0x0000000020000034                backMotor
 .data.rearLS1  0x0000000020000068       0x10 ./Core/Src/main.o
                0x0000000020000068                rearLS1
 .data.rearLS2  0x0000000020000078       0x10 ./Core/Src/main.o
                0x0000000020000078                rearLS2
 .data.backLS1  0x0000000020000088       0x10 ./Core/Src/main.o
                0x0000000020000088                backLS1
 .data.backLS2  0x0000000020000098       0x10 ./Core/Src/main.o
                0x0000000020000098                backLS2
 .data.button1  0x00000000200000a8       0x10 ./Core/Src/main.o
                0x00000000200000a8                button1
 .data.button2  0x00000000200000b8       0x10 ./Core/Src/main.o
                0x00000000200000b8                button2
 .data.button3  0x00000000200000c8       0x10 ./Core/Src/main.o
                0x00000000200000c8                button3
 .data.baseWheelSpeed
                0x00000000200000d8       0x30 ./Core/Src/main.o
                0x00000000200000d8                baseWheelSpeed
 .data.lifting_mode
                0x0000000020000108        0x1 ./Core/Src/main.o
                0x0000000020000108                lifting_mode
 .data.climb_first_iteration
                0x0000000020000109        0x1 ./Core/Src/main.o
                0x0000000020000109                climb_first_iteration
 *fill*         0x000000002000010a        0x2 
 .data.frontClimb_kp
                0x000000002000010c        0x4 ./Core/Src/main.o
                0x000000002000010c                frontClimb_kp
 .data.frontClimb_ki
                0x0000000020000110        0x4 ./Core/Src/main.o
                0x0000000020000110                frontClimb_ki
 .data.frontClimb_kd
                0x0000000020000114        0x4 ./Core/Src/main.o
                0x0000000020000114                frontClimb_kd
 .data.backClimb_kp
                0x0000000020000118        0x4 ./Core/Src/main.o
                0x0000000020000118                backClimb_kp
 .data.backClimb_ki
                0x000000002000011c        0x4 ./Core/Src/main.o
                0x000000002000011c                backClimb_ki
 .data.backClimb_kd
                0x0000000020000120        0x4 ./Core/Src/main.o
                0x0000000020000120                backClimb_kd
 .data.forward_distance
                0x0000000020000124        0x4 ./Core/Src/main.o
                0x0000000020000124                forward_distance
 .data.first_loop.11356
                0x0000000020000128        0x1 ./Core/Src/main.o
 .data.first_loop.11371
                0x0000000020000129        0x1 ./Core/Src/main.o
 *fill*         0x000000002000012a        0x2 
 .data.SystemCoreClock
                0x000000002000012c        0x4 ./Core/Src/system_stm32f4xx.o
                0x000000002000012c                SystemCoreClock
 .data.uwTickPrio
                0x0000000020000130        0x4 ./Drivers/STM32F4xx_HAL_Driver/Src/stm32f4xx_hal.o
                0x0000000020000130                uwTickPrio
 .data.uwTickFreq
                0x0000000020000134        0x1 ./Drivers/STM32F4xx_HAL_Driver/Src/stm32f4xx_hal.o
                0x0000000020000134                uwTickFreq
 *fill*         0x0000000020000135        0x3 
 .data._impure_ptr
                0x0000000020000138        0x4 /opt/st/stm32cubeide_1.7.0/plugins/com.st.stm32cube.ide.mcu.externaltools.gnu-tools-for-stm32.9-2020-q2-update.linux64_2.0.0.202105311346/tools/bin/../lib/gcc/arm-none-eabi/9.3.1/../../../../arm-none-eabi/lib/thumb/v7e-m+fp/hard/libc_nano.a(lib_a-impure.o)
                0x0000000020000138                _impure_ptr
 .data.impure_data
                0x000000002000013c       0x60 /opt/st/stm32cubeide_1.7.0/plugins/com.st.stm32cube.ide.mcu.externaltools.gnu-tools-for-stm32.9-2020-q2-update.linux64_2.0.0.202105311346/tools/bin/../lib/gcc/arm-none-eabi/9.3.1/../../../../arm-none-eabi/lib/thumb/v7e-m+fp/hard/libc_nano.a(lib_a-impure.o)
 .data.__fdlib_version
                0x000000002000019c        0x1 /opt/st/stm32cubeide_1.7.0/plugins/com.st.stm32cube.ide.mcu.externaltools.gnu-tools-for-stm32.9-2020-q2-update.linux64_2.0.0.202105311346/tools/bin/../lib/gcc/arm-none-eabi/9.3.1/../../../../arm-none-eabi/lib/thumb/v7e-m+fp/hard/libm.a(lib_a-s_lib_ver.o)
                0x000000002000019c                __fdlib_version
                0x00000000200001a0                . = ALIGN (0x4)
 *fill*         0x000000002000019d        0x3 
                0x00000000200001a0                _edata = .

.igot.plt       0x00000000200001a0        0x0 load address 0x000000000800d038
 .igot.plt      0x00000000200001a0        0x0 /opt/st/stm32cubeide_1.7.0/plugins/com.st.stm32cube.ide.mcu.externaltools.gnu-tools-for-stm32.9-2020-q2-update.linux64_2.0.0.202105311346/tools/bin/../lib/gcc/arm-none-eabi/9.3.1/thumb/v7e-m+fp/hard/crtbegin.o
                0x00000000200001a0                . = ALIGN (0x4)

.bss            0x00000000200001a0      0x58c load address 0x000000000800d038
                0x00000000200001a0                _sbss = .
                0x00000000200001a0                __bss_start__ = _sbss
 *(.bss)
 .bss           0x00000000200001a0       0x1c /opt/st/stm32cubeide_1.7.0/plugins/com.st.stm32cube.ide.mcu.externaltools.gnu-tools-for-stm32.9-2020-q2-update.linux64_2.0.0.202105311346/tools/bin/../lib/gcc/arm-none-eabi/9.3.1/thumb/v7e-m+fp/hard/crtbegin.o
 *(.bss*)
 .bss.prev_adc_time
                0x00000000200001bc        0x4 ./Core/Src/main.o
                0x00000000200001bc                prev_adc_time
 .bss.base_speedLevel
                0x00000000200001c0        0x4 ./Core/Src/main.o
                0x00000000200001c0                base_speedLevel
 .bss.front_touchdown
                0x00000000200001c4        0x1 ./Core/Src/main.o
                0x00000000200001c4                front_touchdown
 .bss.back_touchdown
                0x00000000200001c5        0x1 ./Core/Src/main.o
                0x00000000200001c5                back_touchdown
 .bss.button_prev_state
                0x00000000200001c6        0x1 ./Core/Src/main.o
                0x00000000200001c6                button_prev_state
 *fill*         0x00000000200001c7        0x1 
 .bss.speed     0x00000000200001c8        0x8 ./Core/Src/main.o
                0x00000000200001c8                speed
 .bss.frontClimb_input
                0x00000000200001d0        0x4 ./Core/Src/main.o
                0x00000000200001d0                frontClimb_input
 .bss.frontClimb_output
                0x00000000200001d4        0x4 ./Core/Src/main.o
                0x00000000200001d4                frontClimb_output
 .bss.frontClimb_setpoint
                0x00000000200001d8        0x4 ./Core/Src/main.o
                0x00000000200001d8                frontClimb_setpoint
 .bss.backClimb_input
                0x00000000200001dc        0x4 ./Core/Src/main.o
                0x00000000200001dc                backClimb_input
 .bss.backClimb_output
                0x00000000200001e0        0x4 ./Core/Src/main.o
                0x00000000200001e0                backClimb_output
 .bss.backClimb_setpoint
                0x00000000200001e4        0x4 ./Core/Src/main.o
                0x00000000200001e4                backClimb_setpoint
 .bss.curb_height
                0x00000000200001e8        0x4 ./Core/Src/main.o
                0x00000000200001e8                curb_height
 .bss.front_climbDown_enc
                0x00000000200001ec        0x4 ./Core/Src/main.o
                0x00000000200001ec                front_climbDown_enc
 .bss.back_lifting_height
                0x00000000200001f0        0x4 ./Core/Src/main.o
                0x00000000200001f0                back_lifting_height
 .bss.back_lifting_angle
                0x00000000200001f4        0x4 ./Core/Src/main.o
                0x00000000200001f4                back_lifting_angle
 .bss.back_encoder_input
                0x00000000200001f8        0x4 ./Core/Src/main.o
                0x00000000200001f8                back_encoder_input
 .bss.finish_climbing_flag
                0x00000000200001fc        0x1 ./Core/Src/main.o
                0x00000000200001fc                finish_climbing_flag
 *fill*         0x00000000200001fd        0x3 
 .bss.state_count
                0x0000000020000200        0x4 ./Core/Src/main.o
                0x0000000020000200                state_count
 .bss.canRxHeader.11344
                0x0000000020000204       0x1c ./Core/Src/main.o
 .bss.prev_enc.11355
                0x0000000020000220        0x4 ./Core/Src/main.o
 .bss.prev_tick.11352
                0x0000000020000224        0x4 ./Core/Src/main.o
 .bss.stationary_tick.11353
                0x0000000020000228        0x4 ./Core/Src/main.o
 .bss.dist_remaining.11357
                0x000000002000022c        0x4 ./Core/Src/main.o
 .bss.prev_angle.11373
                0x0000000020000230        0x4 ./Core/Src/main.o
 .bss.prev_angle_tick.11372
                0x0000000020000234        0x4 ./Core/Src/main.o
 .bss.joyPosBuffer
                0x0000000020000238       0x28 ./Core/Src/wheelchair.o
 .bss.joy_pos_buffer_cnt
                0x0000000020000260        0x4 ./Core/Src/wheelchair.o
 *(COMMON)
 COMMON         0x0000000020000264       0x58 ./Core/Src/adc.o
                0x0000000020000264                hspi1
 COMMON         0x00000000200002bc       0x28 ./Core/Src/can.o
                0x00000000200002bc                hcan1
 COMMON         0x00000000200002e4       0xd8 ./Core/Src/encoder.o
                0x00000000200002e4                hcan2
                0x000000002000030c                encoderFront
                0x0000000020000364                encoderBack
 COMMON         0x00000000200003bc       0x54 ./Core/Src/i2c.o
                0x00000000200003bc                hi2c1
 COMMON         0x0000000020000410      0x104 ./Core/Src/main.o
                0x0000000020000410                tempJoyRawDataY
                0x0000000020000414                hub_encoder_feedback
                0x0000000020000420                MPU6050
                0x0000000020000480                backClimb_ctrl
                0x00000000200004b4                adc_rawData
                0x00000000200004c4                frontClimb_pid
                0x00000000200004c8                frontClimb_ctrl
                0x00000000200004fc                receive_buf
                0x000000002000050c                tempJoyRawDataX
                0x0000000020000510                backClimb_pid
 COMMON         0x0000000020000514      0x100 ./Core/Src/tim.o
                0x0000000020000514                htim8
                0x0000000020000554                htim3
                0x0000000020000594                htim1
                0x00000000200005d4                htim2
 COMMON         0x0000000020000614      0x100 ./Core/Src/usart.o
                0x0000000020000614                hdma_usart3_rx
                0x0000000020000674                huart3
                0x00000000200006b4                hdma_usart3_tx
 COMMON         0x0000000020000714       0x14 ./Core/Src/wheelchair.o
                0x0000000020000714                hJoystick
 COMMON         0x0000000020000728        0x4 ./Drivers/STM32F4xx_HAL_Driver/Src/stm32f4xx_hal.o
                0x0000000020000728                uwTick
                0x000000002000072c                . = ALIGN (0x4)
                0x000000002000072c                _ebss = .
                0x000000002000072c                __bss_end__ = _ebss

._user_heap_stack
                0x000000002000072c      0x604 load address 0x000000000800d038
                0x0000000020000730                . = ALIGN (0x8)
 *fill*         0x000000002000072c        0x4 
                [!provide]                        PROVIDE (end = .)
                0x0000000020000730                PROVIDE (_end = .)
                0x0000000020000930                . = (. + _Min_Heap_Size)
 *fill*         0x0000000020000730      0x200 
                0x0000000020000d30                . = (. + _Min_Stack_Size)
 *fill*         0x0000000020000930      0x400 
                0x0000000020000d30                . = ALIGN (0x8)

/DISCARD/
 libc.a(*)
 libm.a(*)
 libgcc.a(*)

.ARM.attributes
                0x0000000000000000       0x30
 *(.ARM.attributes)
 .ARM.attributes
                0x0000000000000000       0x1e /opt/st/stm32cubeide_1.7.0/plugins/com.st.stm32cube.ide.mcu.externaltools.gnu-tools-for-stm32.9-2020-q2-update.linux64_2.0.0.202105311346/tools/bin/../lib/gcc/arm-none-eabi/9.3.1/thumb/v7e-m+fp/hard/crti.o
 .ARM.attributes
                0x000000000000001e       0x34 /opt/st/stm32cubeide_1.7.0/plugins/com.st.stm32cube.ide.mcu.externaltools.gnu-tools-for-stm32.9-2020-q2-update.linux64_2.0.0.202105311346/tools/bin/../lib/gcc/arm-none-eabi/9.3.1/thumb/v7e-m+fp/hard/crtbegin.o
 .ARM.attributes
                0x0000000000000052       0x34 ./Core/Src/PID.o
 .ARM.attributes
                0x0000000000000086       0x34 ./Core/Src/X2_6010S.o
 .ARM.attributes
                0x00000000000000ba       0x34 ./Core/Src/adc.o
 .ARM.attributes
                0x00000000000000ee       0x34 ./Core/Src/bd25l.o
 .ARM.attributes
                0x0000000000000122       0x34 ./Core/Src/button.o
 .ARM.attributes
                0x0000000000000156       0x34 ./Core/Src/can.o
 .ARM.attributes
                0x000000000000018a       0x34 ./Core/Src/dma.o
 .ARM.attributes
                0x00000000000001be       0x34 ./Core/Src/encoder.o
 .ARM.attributes
                0x00000000000001f2       0x34 ./Core/Src/gpio.o
 .ARM.attributes
                0x0000000000000226       0x34 ./Core/Src/i2c.o
 .ARM.attributes
                0x000000000000025a       0x34 ./Core/Src/main.o
 .ARM.attributes
                0x000000000000028e       0x34 ./Core/Src/spi.o
 .ARM.attributes
                0x00000000000002c2       0x34 ./Core/Src/stm32f4xx_hal_msp.o
 .ARM.attributes
                0x00000000000002f6       0x34 ./Core/Src/stm32f4xx_it.o
 .ARM.attributes
                0x000000000000032a       0x34 ./Core/Src/system_stm32f4xx.o
 .ARM.attributes
                0x000000000000035e       0x34 ./Core/Src/tim.o
 .ARM.attributes
                0x0000000000000392       0x34 ./Core/Src/usart.o
 .ARM.attributes
                0x00000000000003c6       0x34 ./Core/Src/wheelchair.o
 .ARM.attributes
                0x00000000000003fa       0x21 ./Core/Startup/startup_stm32f429vitx.o
 .ARM.attributes
                0x000000000000041b       0x34 ./Drivers/STM32F4xx_HAL_Driver/Src/stm32f4xx_hal.o
 .ARM.attributes
                0x000000000000044f       0x34 ./Drivers/STM32F4xx_HAL_Driver/Src/stm32f4xx_hal_can.o
 .ARM.attributes
                0x0000000000000483       0x34 ./Drivers/STM32F4xx_HAL_Driver/Src/stm32f4xx_hal_cortex.o
 .ARM.attributes
                0x00000000000004b7       0x34 ./Drivers/STM32F4xx_HAL_Driver/Src/stm32f4xx_hal_dma.o
 .ARM.attributes
                0x00000000000004eb       0x34 ./Drivers/STM32F4xx_HAL_Driver/Src/stm32f4xx_hal_gpio.o
 .ARM.attributes
                0x000000000000051f       0x34 ./Drivers/STM32F4xx_HAL_Driver/Src/stm32f4xx_hal_i2c.o
 .ARM.attributes
                0x0000000000000553       0x34 ./Drivers/STM32F4xx_HAL_Driver/Src/stm32f4xx_hal_i2c_ex.o
 .ARM.attributes
                0x0000000000000587       0x34 ./Drivers/STM32F4xx_HAL_Driver/Src/stm32f4xx_hal_pwr_ex.o
 .ARM.attributes
                0x00000000000005bb       0x34 ./Drivers/STM32F4xx_HAL_Driver/Src/stm32f4xx_hal_rcc.o
 .ARM.attributes
                0x00000000000005ef       0x34 ./Drivers/STM32F4xx_HAL_Driver/Src/stm32f4xx_hal_spi.o
 .ARM.attributes
                0x0000000000000623       0x34 ./Drivers/STM32F4xx_HAL_Driver/Src/stm32f4xx_hal_tim.o
 .ARM.attributes
                0x0000000000000657       0x34 ./Drivers/STM32F4xx_HAL_Driver/Src/stm32f4xx_hal_tim_ex.o
 .ARM.attributes
                0x000000000000068b       0x34 ./Drivers/STM32F4xx_HAL_Driver/Src/stm32f4xx_hal_uart.o
 .ARM.attributes
                0x00000000000006bf       0x34 /opt/st/stm32cubeide_1.7.0/plugins/com.st.stm32cube.ide.mcu.externaltools.gnu-tools-for-stm32.9-2020-q2-update.linux64_2.0.0.202105311346/tools/bin/../lib/gcc/arm-none-eabi/9.3.1/../../../../arm-none-eabi/lib/thumb/v7e-m+fp/hard/libc_nano.a(lib_a-errno.o)
 .ARM.attributes
                0x00000000000006f3       0x32 /opt/st/stm32cubeide_1.7.0/plugins/com.st.stm32cube.ide.mcu.externaltools.gnu-tools-for-stm32.9-2020-q2-update.linux64_2.0.0.202105311346/tools/bin/../lib/gcc/arm-none-eabi/9.3.1/../../../../arm-none-eabi/lib/thumb/v7e-m+fp/hard/libc_nano.a(lib_a-impure.o)
 .ARM.attributes
                0x0000000000000725       0x34 /opt/st/stm32cubeide_1.7.0/plugins/com.st.stm32cube.ide.mcu.externaltools.gnu-tools-for-stm32.9-2020-q2-update.linux64_2.0.0.202105311346/tools/bin/../lib/gcc/arm-none-eabi/9.3.1/../../../../arm-none-eabi/lib/thumb/v7e-m+fp/hard/libc_nano.a(lib_a-init.o)
 .ARM.attributes
                0x0000000000000759       0x34 /opt/st/stm32cubeide_1.7.0/plugins/com.st.stm32cube.ide.mcu.externaltools.gnu-tools-for-stm32.9-2020-q2-update.linux64_2.0.0.202105311346/tools/bin/../lib/gcc/arm-none-eabi/9.3.1/../../../../arm-none-eabi/lib/thumb/v7e-m+fp/hard/libc_nano.a(lib_a-memset.o)
 .ARM.attributes
                0x000000000000078d       0x34 /opt/st/stm32cubeide_1.7.0/plugins/com.st.stm32cube.ide.mcu.externaltools.gnu-tools-for-stm32.9-2020-q2-update.linux64_2.0.0.202105311346/tools/bin/../lib/gcc/arm-none-eabi/9.3.1/../../../../arm-none-eabi/lib/thumb/v7e-m+fp/hard/libm.a(lib_a-s_atan.o)
 .ARM.attributes
                0x00000000000007c1       0x34 /opt/st/stm32cubeide_1.7.0/plugins/com.st.stm32cube.ide.mcu.externaltools.gnu-tools-for-stm32.9-2020-q2-update.linux64_2.0.0.202105311346/tools/bin/../lib/gcc/arm-none-eabi/9.3.1/../../../../arm-none-eabi/lib/thumb/v7e-m+fp/hard/libm.a(lib_a-s_cos.o)
 .ARM.attributes
                0x00000000000007f5       0x34 /opt/st/stm32cubeide_1.7.0/plugins/com.st.stm32cube.ide.mcu.externaltools.gnu-tools-for-stm32.9-2020-q2-update.linux64_2.0.0.202105311346/tools/bin/../lib/gcc/arm-none-eabi/9.3.1/../../../../arm-none-eabi/lib/thumb/v7e-m+fp/hard/libm.a(lib_a-s_fabs.o)
 .ARM.attributes
                0x0000000000000829       0x34 /opt/st/stm32cubeide_1.7.0/plugins/com.st.stm32cube.ide.mcu.externaltools.gnu-tools-for-stm32.9-2020-q2-update.linux64_2.0.0.202105311346/tools/bin/../lib/gcc/arm-none-eabi/9.3.1/../../../../arm-none-eabi/lib/thumb/v7e-m+fp/hard/libm.a(lib_a-s_sin.o)
 .ARM.attributes
                0x000000000000085d       0x34 /opt/st/stm32cubeide_1.7.0/plugins/com.st.stm32cube.ide.mcu.externaltools.gnu-tools-for-stm32.9-2020-q2-update.linux64_2.0.0.202105311346/tools/bin/../lib/gcc/arm-none-eabi/9.3.1/../../../../arm-none-eabi/lib/thumb/v7e-m+fp/hard/libm.a(lib_a-w_acos.o)
 .ARM.attributes
                0x0000000000000891       0x34 /opt/st/stm32cubeide_1.7.0/plugins/com.st.stm32cube.ide.mcu.externaltools.gnu-tools-for-stm32.9-2020-q2-update.linux64_2.0.0.202105311346/tools/bin/../lib/gcc/arm-none-eabi/9.3.1/../../../../arm-none-eabi/lib/thumb/v7e-m+fp/hard/libm.a(lib_a-w_atan2.o)
 .ARM.attributes
                0x00000000000008c5       0x34 /opt/st/stm32cubeide_1.7.0/plugins/com.st.stm32cube.ide.mcu.externaltools.gnu-tools-for-stm32.9-2020-q2-update.linux64_2.0.0.202105311346/tools/bin/../lib/gcc/arm-none-eabi/9.3.1/../../../../arm-none-eabi/lib/thumb/v7e-m+fp/hard/libm.a(lib_a-w_pow.o)
 .ARM.attributes
                0x00000000000008f9       0x34 /opt/st/stm32cubeide_1.7.0/plugins/com.st.stm32cube.ide.mcu.externaltools.gnu-tools-for-stm32.9-2020-q2-update.linux64_2.0.0.202105311346/tools/bin/../lib/gcc/arm-none-eabi/9.3.1/../../../../arm-none-eabi/lib/thumb/v7e-m+fp/hard/libm.a(lib_a-w_sqrt.o)
 .ARM.attributes
                0x000000000000092d       0x34 /opt/st/stm32cubeide_1.7.0/plugins/com.st.stm32cube.ide.mcu.externaltools.gnu-tools-for-stm32.9-2020-q2-update.linux64_2.0.0.202105311346/tools/bin/../lib/gcc/arm-none-eabi/9.3.1/../../../../arm-none-eabi/lib/thumb/v7e-m+fp/hard/libm.a(lib_a-e_acos.o)
 .ARM.attributes
                0x0000000000000961       0x34 /opt/st/stm32cubeide_1.7.0/plugins/com.st.stm32cube.ide.mcu.externaltools.gnu-tools-for-stm32.9-2020-q2-update.linux64_2.0.0.202105311346/tools/bin/../lib/gcc/arm-none-eabi/9.3.1/../../../../arm-none-eabi/lib/thumb/v7e-m+fp/hard/libm.a(lib_a-e_atan2.o)
 .ARM.attributes
                0x0000000000000995       0x34 /opt/st/stm32cubeide_1.7.0/plugins/com.st.stm32cube.ide.mcu.externaltools.gnu-tools-for-stm32.9-2020-q2-update.linux64_2.0.0.202105311346/tools/bin/../lib/gcc/arm-none-eabi/9.3.1/../../../../arm-none-eabi/lib/thumb/v7e-m+fp/hard/libm.a(lib_a-e_pow.o)
 .ARM.attributes
                0x00000000000009c9       0x34 /opt/st/stm32cubeide_1.7.0/plugins/com.st.stm32cube.ide.mcu.externaltools.gnu-tools-for-stm32.9-2020-q2-update.linux64_2.0.0.202105311346/tools/bin/../lib/gcc/arm-none-eabi/9.3.1/../../../../arm-none-eabi/lib/thumb/v7e-m+fp/hard/libm.a(lib_a-e_rem_pio2.o)
 .ARM.attributes
                0x00000000000009fd       0x34 /opt/st/stm32cubeide_1.7.0/plugins/com.st.stm32cube.ide.mcu.externaltools.gnu-tools-for-stm32.9-2020-q2-update.linux64_2.0.0.202105311346/tools/bin/../lib/gcc/arm-none-eabi/9.3.1/../../../../arm-none-eabi/lib/thumb/v7e-m+fp/hard/libm.a(lib_a-e_sqrt.o)
 .ARM.attributes
                0x0000000000000a31       0x34 /opt/st/stm32cubeide_1.7.0/plugins/com.st.stm32cube.ide.mcu.externaltools.gnu-tools-for-stm32.9-2020-q2-update.linux64_2.0.0.202105311346/tools/bin/../lib/gcc/arm-none-eabi/9.3.1/../../../../arm-none-eabi/lib/thumb/v7e-m+fp/hard/libm.a(lib_a-k_cos.o)
 .ARM.attributes
                0x0000000000000a65       0x34 /opt/st/stm32cubeide_1.7.0/plugins/com.st.stm32cube.ide.mcu.externaltools.gnu-tools-for-stm32.9-2020-q2-update.linux64_2.0.0.202105311346/tools/bin/../lib/gcc/arm-none-eabi/9.3.1/../../../../arm-none-eabi/lib/thumb/v7e-m+fp/hard/libm.a(lib_a-k_rem_pio2.o)
 .ARM.attributes
                0x0000000000000a99       0x34 /opt/st/stm32cubeide_1.7.0/plugins/com.st.stm32cube.ide.mcu.externaltools.gnu-tools-for-stm32.9-2020-q2-update.linux64_2.0.0.202105311346/tools/bin/../lib/gcc/arm-none-eabi/9.3.1/../../../../arm-none-eabi/lib/thumb/v7e-m+fp/hard/libm.a(lib_a-k_sin.o)
 .ARM.attributes