main.c:150:5:main	16	static
main.c:442:6:SystemClock_Config	88	static
main.c:492:13:MX_I2C1_Init	8	static
main.c:538:13:MX_SPI1_Init	8	static
main.c:576:13:MX_SPI2_Init	8	static
main.c:614:13:MX_TIM1_Init	96	static
main.c:693:13:MX_TIM2_Init	48	static
main.c:755:13:MX_TIM3_Init	64	static
main.c:818:13:MX_USART3_UART_Init	8	static
main.c:849:13:MX_DMA_Init	16	static
main.c:867:13:MX_GPIO_Init	56	static
main.c:961:6:HAL_GPIO_EXTI_Callback	40	static
main.c:996:6:setBrakes	32	static
main.c:1023:6:calcVelFromJoystick	40	static
main.c:1037:6:Error_Handler	4	static
