main.c:150:5:main	16	static
main.c:440:6:SystemClock_Config	88	static
main.c:490:13:MX_I2C1_Init	8	static
main.c:536:13:MX_SPI1_Init	8	static
main.c:574:13:MX_SPI2_Init	8	static
main.c:612:13:MX_TIM1_Init	96	static
main.c:691:13:MX_TIM2_Init	48	static
main.c:753:13:MX_TIM3_Init	64	static
main.c:816:13:MX_USART3_UART_Init	8	static
main.c:847:13:MX_DMA_Init	16	static
main.c:865:13:MX_GPIO_Init	56	static
main.c:959:6:HAL_GPIO_EXTI_Callback	40	static
main.c:994:6:setBrakes	32	static
main.c:1021:6:calcVelFromJoystick	40	static
main.c:1035:6:Error_Handler	4	static
